Component: ARM Compiler 5.05 update 1 (build 106) Tool: armlink [4d0efa]

==============================================================================

Section Cross References

    stm32f10x_startup.o(STACK) refers (Special) to heapauxi.o(.text) for __use_two_region_memory
    stm32f10x_startup.o(HEAP) refers (Special) to heapauxi.o(.text) for __use_two_region_memory
    stm32f10x_startup.o(RESET) refers (Special) to heapauxi.o(.text) for __use_two_region_memory
    stm32f10x_startup.o(RESET) refers to stm32f10x_startup.o(STACK) for Stack
    stm32f10x_startup.o(RESET) refers to os_cpu_a.o(.text) for OSPendSV
    stm32f10x_startup.o(RESET) refers to stm32f10x_it.o(i.SysTickHandler) for SysTickHandler
    stm32f10x_startup.o(RESET) refers to stm32f10x_it.o(i.WWDG_IRQHandler) for WWDG_IRQHandler
    stm32f10x_startup.o(RESET) refers to stm32f10x_it.o(i.PVD_IRQHandler) for PVD_IRQHandler
    stm32f10x_startup.o(RESET) refers to stm32f10x_it.o(i.TAMPER_IRQHandler) for TAMPER_IRQHandler
    stm32f10x_startup.o(RESET) refers to stm32f10x_it.o(i.RTC_IRQHandler) for RTC_IRQHandler
    stm32f10x_startup.o(RESET) refers to stm32f10x_it.o(i.FLASH_IRQHandler) for FLASH_IRQHandler
    stm32f10x_startup.o(RESET) refers to stm32f10x_it.o(i.RCC_IRQHandler) for RCC_IRQHandler
    stm32f10x_startup.o(RESET) refers to stm32f10x_it.o(i.EXTI0_IRQHandler) for EXTI0_IRQHandler
    stm32f10x_startup.o(RESET) refers to stm32f10x_it.o(i.EXTI1_IRQHandler) for EXTI1_IRQHandler
    stm32f10x_startup.o(RESET) refers to stm32f10x_it.o(i.EXTI2_IRQHandler) for EXTI2_IRQHandler
    stm32f10x_startup.o(RESET) refers to stm32f10x_it.o(i.EXTI3_IRQHandler) for EXTI3_IRQHandler
    stm32f10x_startup.o(RESET) refers to stm32f10x_it.o(i.EXTI4_IRQHandler) for EXTI4_IRQHandler
    stm32f10x_startup.o(RESET) refers to stm32f10x_it.o(i.DMAChannel1_IRQHandler) for DMAChannel1_IRQHandler
    stm32f10x_startup.o(RESET) refers to stm32f10x_it.o(i.DMAChannel2_IRQHandler) for DMAChannel2_IRQHandler
    stm32f10x_startup.o(RESET) refers to stm32f10x_it.o(i.DMAChannel3_IRQHandler) for DMAChannel3_IRQHandler
    stm32f10x_startup.o(RESET) refers to stm32f10x_it.o(i.DMAChannel4_IRQHandler) for DMAChannel4_IRQHandler
    stm32f10x_startup.o(RESET) refers to stm32f10x_it.o(i.DMAChannel5_IRQHandler) for DMAChannel5_IRQHandler
    stm32f10x_startup.o(RESET) refers to stm32f10x_it.o(i.DMAChannel6_IRQHandler) for DMAChannel6_IRQHandler
    stm32f10x_startup.o(RESET) refers to stm32f10x_it.o(i.DMAChannel7_IRQHandler) for DMAChannel7_IRQHandler
    stm32f10x_startup.o(RESET) refers to stm32f10x_it.o(i.ADC_IRQHandler) for ADC_IRQHandler
    stm32f10x_startup.o(RESET) refers to stm32f10x_it.o(i.USB_HP_CAN_TX_IRQHandler) for USB_HP_CAN_TX_IRQHandler
    stm32f10x_startup.o(RESET) refers to stm32f10x_it.o(i.USB_LP_CAN_RX0_IRQHandler) for USB_LP_CAN_RX0_IRQHandler
    stm32f10x_startup.o(RESET) refers to stm32f10x_it.o(i.CAN_RX1_IRQHandler) for CAN_RX1_IRQHandler
    stm32f10x_startup.o(RESET) refers to stm32f10x_it.o(i.CAN_SCE_IRQHandler) for CAN_SCE_IRQHandler
    stm32f10x_startup.o(RESET) refers to stm32f10x_it.o(i.EXTI9_5_IRQHandler) for EXTI9_5_IRQHandler
    stm32f10x_startup.o(RESET) refers to stm32f10x_it.o(i.TIM1_BRK_IRQHandler) for TIM1_BRK_IRQHandler
    stm32f10x_startup.o(RESET) refers to stm32f10x_it.o(i.TIM1_UP_IRQHandler) for TIM1_UP_IRQHandler
    stm32f10x_startup.o(RESET) refers to stm32f10x_it.o(i.TIM1_TRG_COM_IRQHandler) for TIM1_TRG_COM_IRQHandler
    stm32f10x_startup.o(RESET) refers to stm32f10x_it.o(i.TIM1_CC_IRQHandler) for TIM1_CC_IRQHandler
    stm32f10x_startup.o(RESET) refers to stm32f10x_it.o(i.TIM2_IRQHandler) for TIM2_IRQHandler
    stm32f10x_startup.o(RESET) refers to stm32f10x_it.o(i.TIM3_IRQHandler) for TIM3_IRQHandler
    stm32f10x_startup.o(RESET) refers to stm32f10x_it.o(i.TIM4_IRQHandler) for TIM4_IRQHandler
    stm32f10x_startup.o(RESET) refers to stm32f10x_it.o(i.I2C1_EV_IRQHandler) for I2C1_EV_IRQHandler
    stm32f10x_startup.o(RESET) refers to stm32f10x_it.o(i.I2C1_ER_IRQHandler) for I2C1_ER_IRQHandler
    stm32f10x_startup.o(RESET) refers to stm32f10x_it.o(i.I2C2_EV_IRQHandler) for I2C2_EV_IRQHandler
    stm32f10x_startup.o(RESET) refers to stm32f10x_it.o(i.I2C2_ER_IRQHandler) for I2C2_ER_IRQHandler
    stm32f10x_startup.o(RESET) refers to stm32f10x_it.o(i.SPI1_IRQHandler) for SPI1_IRQHandler
    stm32f10x_startup.o(RESET) refers to stm32f10x_it.o(i.SPI2_IRQHandler) for SPI2_IRQHandler
    stm32f10x_startup.o(RESET) refers to stm32f10x_it.o(i.USART1_IRQHandler) for USART1_IRQHandler
    stm32f10x_startup.o(RESET) refers to stm32f10x_it.o(i.USART2_IRQHandler) for USART2_IRQHandler
    stm32f10x_startup.o(RESET) refers to stm32f10x_it.o(i.USART3_IRQHandler) for USART3_IRQHandler
    stm32f10x_startup.o(RESET) refers to stm32f10x_it.o(i.EXTI15_10_IRQHandler) for EXTI15_10_IRQHandler
    stm32f10x_startup.o(RESET) refers to stm32f10x_it.o(i.RTCAlarm_IRQHandler) for RTCAlarm_IRQHandler
[...]
    __main.o(!!!main) refers to __rtentry.o(.ARM.Collect$$rtentry$$00000000) for __rt_entry
    __rtentry.o(.ARM.Collect$$rtentry$$00000000) refers (Special) to __rtentry2.o(.ARM.Collect$$rtentry$$0000000A) for __rt_entry_li
    __rtentry.o(.ARM.Collect$$rtentry$$00000000) refers (Special) to __rtentry2.o(.ARM.Collect$$rtentry$$0000000D) for __rt_entry_main
    __rtentry.o(.ARM.Collect$$rtentry$$00000000) refers (Special) to __rtentry2.o(.ARM.Collect$$rtentry$$0000000C) for __rt_entry_postli_1
    __rtentry.o(.ARM.Collect$$rtentry$$00000000) refers (Special) to __rtentry2.o(.ARM.Collect$$rtentry$$00000009) for __rt_entry_postsh_1
    __rtentry.o(.ARM.Collect$$rtentry$$00000000) refers (Special) to __rtentry2.o(.ARM.Collect$$rtentry$$00000002) for __rt_entry_presh_1
    __rtentry.o(.ARM.Collect$$rtentry$$00000000) refers (Special) to __rtentry4.o(.ARM.Collect$$rtentry$$00000004) for __rt_entry_sh
    __rtentry2.o(.ARM.Collect$$rtentry$$00000008) refers to boardinit2.o(.text) for _platform_post_stackheap_init
    __rtentry2.o(.ARM.Collect$$rtentry$$0000000A) refers to libinit.o(.ARM.Collect$$libinit$$00000000) for __rt_lib_init
    __rtentry2.o(.ARM.Collect$$rtentry$$0000000B) refers to boardinit3.o(.text) for _platform_post_lib_init
    __rtentry2.o(.ARM.Collect$$rtentry$$0000000D) refers to app.o(i.main) for main
    __rtentry2.o(.ARM.Collect$$rtentry$$0000000D) refers to exit.o(.text) for exit
    __rtentry2.o(.ARM.exidx) refers to __rtentry2.o(.ARM.Collect$$rtentry$$00000001) for .ARM.Collect$$rtentry$$00000001
    __rtentry2.o(.ARM.exidx) refers to __rtentry2.o(.ARM.Collect$$rtentry$$00000008) for .ARM.Collect$$rtentry$$00000008
    __rtentry2.o(.ARM.exidx) refers to __rtentry2.o(.ARM.Collect$$rtentry$$0000000A) for .ARM.Collect$$rtentry$$0000000A
    __rtentry2.o(.ARM.exidx) refers to __rtentry2.o(.ARM.Collect$$rtentry$$0000000B) for .ARM.Collect$$rtentry$$0000000B
    __rtentry2.o(.ARM.exidx) refers to __rtentry2.o(.ARM.Collect$$rtentry$$0000000D) for .ARM.Collect$$rtentry$$0000000D
    __rtentry4.o(.ARM.Collect$$rtentry$$00000004) refers to sys_stackheap_outer.o(.text) for __user_setup_stackheap
    __rtentry4.o(.ARM.exidx) refers to __rtentry4.o(.ARM.Collect$$rtentry$$00000004) for .ARM.Collect$$rtentry$$00000004
    sys_stackheap_outer.o(.text) refers to libspace.o(.text) for __user_perproc_libspace
    sys_stackheap_outer.o(.text) refers to stm32f10x_startup.o(.text) for __user_initial_stackheap
    exit.o(.text) refers to rtexit.o(.ARM.Collect$$rtexit$$00000000) for __rt_exit
    libinit.o(.ARM.Collect$$libinit$$00000000) refers (Special) to libinit2.o(.ARM.Collect$$libinit$$0000002E) for __rt_lib_init_alloca_1
    libinit.o(.ARM.Collect$$libinit$$00000000) refers (Special) to libinit2.o(.ARM.Collect$$libinit$$0000002C) for __rt_lib_init_argv_1
    libinit.o(.ARM.Collect$$libinit$$00000000) refers (Special) to libinit2.o(.ARM.Collect$$libinit$$0000001B) for __rt_lib_init_atexit_1
    libinit.o(.ARM.Collect$$libinit$$00000000) refers (Special) to libinit2.o(.ARM.Collect$$libinit$$00000021) for __rt_lib_init_clock_1
    libinit.o(.ARM.Collect$$libinit$$00000000) refers (Special) to libinit2.o(.ARM.Collect$$libinit$$00000032) for __rt_lib_init_cpp_1
    libinit.o(.ARM.Collect$$libinit$$00000000) refers (Special) to libinit2.o(.ARM.Collect$$libinit$$00000030) for __rt_lib_init_exceptions_1
    libinit.o(.ARM.Collect$$libinit$$00000000) refers (Special) to libinit2.o(.ARM.Collect$$libinit$$00000002) for __rt_lib_init_fp_1
    libinit.o(.ARM.Collect$$libinit$$00000000) refers (Special) to libinit2.o(.ARM.Collect$$libinit$$0000001F) for __rt_lib_init_fp_trap_1
    libinit.o(.ARM.Collect$$libinit$$00000000) refers (Special) to libinit2.o(.ARM.Collect$$libinit$$00000023) for __rt_lib_init_getenv_1
    libinit.o(.ARM.Collect$$libinit$$00000000) refers (Special) to libinit2.o(.ARM.Collect$$libinit$$0000000A) for __rt_lib_init_heap_1
    libinit.o(.ARM.Collect$$libinit$$00000000) refers (Special) to libinit2.o(.ARM.Collect$$libinit$$00000011) for __rt_lib_init_lc_collate_1
    libinit.o(.ARM.Collect$$libinit$$00000000) refers (Special) to libinit2.o(.ARM.Collect$$libinit$$00000013) for __rt_lib_init_lc_ctype_1
    libinit.o(.ARM.Collect$$libinit$$00000000) refers (Special) to libinit2.o(.ARM.Collect$$libinit$$00000015) for __rt_lib_init_lc_monetary_1
    libinit.o(.ARM.Collect$$libinit$$00000000) refers (Special) to libinit2.o(.ARM.Collect$$libinit$$00000017) for __rt_lib_init_lc_numeric_1
    libinit.o(.ARM.Collect$$libinit$$00000000) refers (Special) to libinit2.o(.ARM.Collect$$libinit$$00000019) for __rt_lib_init_lc_time_1
    libinit.o(.ARM.Collect$$libinit$$00000000) refers (Special) to libinit2.o(.ARM.Collect$$libinit$$00000004) for __rt_lib_init_preinit_1
    libinit.o(.ARM.Collect$$libinit$$00000000) refers (Special) to libinit2.o(.ARM.Collect$$libinit$$0000000E) for __rt_lib_init_rand_1
    libinit.o(.ARM.Collect$$libinit$$00000000) refers (Special) to libinit2.o(.ARM.Collect$$libinit$$00000033) for __rt_lib_init_return
    libinit.o(.ARM.Collect$$libinit$$00000000) refers (Special) to libinit2.o(.ARM.Collect$$libinit$$0000001D) for __rt_lib_init_signal_1
    libinit.o(.ARM.Collect$$libinit$$00000000) refers (Special) to libinit2.o(.ARM.Collect$$libinit$$00000025) for __rt_lib_init_stdio_1
    libinit.o(.ARM.Collect$$libinit$$00000000) refers (Special) to libinit2.o(.ARM.Collect$$libinit$$0000000C) for __rt_lib_init_user_alloc_1
    libspace.o(.text) refers to libspace.o(.bss) for __libspace_start
    rtexit.o(.ARM.Collect$$rtexit$$00000000) refers (Special) to rtexit2.o(.ARM.Collect$$rtexit$$00000004) for __rt_exit_exit
    rtexit.o(.ARM.Collect$$rtexit$$00000000) refers (Special) to rtexit2.o(.ARM.Collect$$rtexit$$00000003) for __rt_exit_ls
    rtexit.o(.ARM.Collect$$rtexit$$00000000) refers (Special) to rtexit2.o(.ARM.Collect$$rtexit$$00000002) for __rt_exit_prels_1
    rtexit.o(.ARM.exidx) refers (Special) to rtexit2.o(.ARM.Collect$$rtexit$$00000004) for __rt_exit_exit
    rtexit.o(.ARM.exidx) refers (Special) to rtexit2.o(.ARM.Collect$$rtexit$$00000003) for __rt_exit_ls
    rtexit.o(.ARM.exidx) refers (Special) to rtexit2.o(.ARM.Collect$$rtexit$$00000002) for __rt_exit_prels_1
    rtexit.o(.ARM.exidx) refers to rtexit.o(.ARM.Collect$$rtexit$$00000000) for .ARM.Collect$$rtexit$$00000000
    libinit2.o(.ARM.Collect$$libinit$$00000010) refers to libinit2.o(.ARM.Collect$$libinit$$0000000F) for .ARM.Collect$$libinit$$0000000F
    libinit2.o(.ARM.Collect$$libinit$$00000012) refers to libinit2.o(.ARM.Collect$$libinit$$0000000F) for .ARM.Collect$$libinit$$0000000F
    libinit2.o(.ARM.Collect$$libinit$$00000014) refers to libinit2.o(.ARM.Collect$$libinit$$0000000F) for .ARM.Collect$$libinit$$0000000F
    libinit2.o(.ARM.Collect$$libinit$$00000016) refers to libinit2.o(.ARM.Collect$$libinit$$0000000F) for .ARM.Collect$$libinit$$0000000F
    libinit2.o(.ARM.Collect$$libinit$$00000018) refers to libinit2.o(.ARM.Collect$$libinit$$0000000F) for .ARM.Collect$$libinit$$0000000F
    libinit2.o(.ARM.Collect$$libinit$$00000026) refers to argv_veneer.o(.emb_text) for __ARM_argv_veneer
    libinit2.o(.ARM.Collect$$libinit$$00000027) refers to argv_veneer.o(.emb_text) for __ARM_argv_veneer
    rtexit2.o(.ARM.Collect$$rtexit$$00000003) refers to libshutdown.o(.ARM.Collect$$libshutdown$$00000000) for __rt_lib_shutdown
    rtexit2.o(.ARM.Collect$$rtexit$$00000004) refers to sys_exit.o(.text) for _sys_exit
    rtexit2.o(.ARM.exidx) refers to rtexit2.o(.ARM.Collect$$rtexit$$00000001) for .ARM.Collect$$rtexit$$00000001
    rtexit2.o(.ARM.exidx) refers to rtexit2.o(.ARM.Collect$$rtexit$$00000003) for .ARM.Collect$$rtexit$$00000003
    rtexit2.o(.ARM.exidx) refers to rtexit2.o(.ARM.Collect$$rtexit$$00000004) for .ARM.Collect$$rtexit$$00000004
    argv_veneer.o(.emb_text) refers to no_argv.o(.text) for __ARM_get_argv
    sys_exit.o(.text) refers (Special) to use_no_semi.o(.text) for __I$use$semihosting
    sys_exit.o(.text) refers (Special) to indicate_semi.o(.text) for __semihosting_library_function
    _get_argv_nomalloc.o(.text) refers (Special) to hrguard.o(.text) for __heap_region$guard
    _get_argv_nomalloc.o(.text) refers to defsig_rtmem_outer.o(.text) for __rt_SIGRTMEM
    _get_argv_nomalloc.o(.text) refers to sys_command.o(.text) for _sys_command_string
    libshutdown.o(.ARM.Collect$$libshutdown$$00000000) refers (Special) to libshutdown2.o(.ARM.Collect$$libshutdown$$00000006) for __rt_lib_shutdown_fp_trap_1
    libshutdown.o(.ARM.Collect$$libshutdown$$00000000) refers (Special) to libshutdown2.o(.ARM.Collect$$libshutdown$$0000000E) for __rt_lib_shutdown_heap_1
    libshutdown.o(.ARM.Collect$$libshutdown$$00000000) refers (Special) to libshutdown2.o(.ARM.Collect$$libshutdown$$0000000F) for __rt_lib_shutdown_return
    libshutdown.o(.ARM.Collect$$libshutdown$$00000000) refers (Special) to libshutdown2.o(.ARM.Collect$$libshutdown$$00000009) for __rt_lib_shutdown_signal_1
    libshutdown.o(.ARM.Collect$$libshutdown$$00000000) refers (Special) to libshutdown2.o(.ARM.Collect$$libshutdown$$00000003) for __rt_lib_shutdown_stdio_1
    libshutdown.o(.ARM.Collect$$libshutdown$$00000000) refers (Special) to libshutdown2.o(.ARM.Collect$$libshutdown$$0000000B) for __rt_lib_shutdown_user_alloc_1
    sys_command.o(.text) refers (Special) to use_no_semi.o(.text) for __I$use$semihosting
    sys_command.o(.text) refers (Special) to indicate_semi.o(.text) for __semihosting_library_function
    defsig_rtmem_outer.o(.text) refers to defsig_rtmem_inner.o(.text) for __rt_SIGRTMEM_inner
    defsig_rtmem_outer.o(.text) refers to defsig_exit.o(.text) for __sig_exit
    defsig_rtmem_formal.o(.text) refers to rt_raise.o(.text) for __rt_raise
    rt_raise.o(.text) refers to __raise.o(.text) for __raise
    rt_raise.o(.text) refers to sys_exit.o(.text) for _sys_exit
    defsig_exit.o(.text) refers to sys_exit.o(.text) for _sys_exit
    defsig_rtmem_inner.o(.text) refers to defsig_general.o(.text) for __default_signal_display
    __raise.o(.text) refers to defsig.o(CL$$defsig) for __default_signal_handler
    defsig_general.o(.text) refers to sys_wrch.o(.text) for _ttywrch
    sys_wrch.o(.text) refers (Special) to use_no_semi.o(.text) for __I$use$semihosting
    sys_wrch.o(.text) refers (Special) to indicate_semi.o(.text) for __semihosting_library_function
    defsig.o(CL$$defsig) refers to defsig_rtmem_inner.o(.text) for __rt_SIGRTMEM_inner
    defsig_abrt_inner.o(.text) refers to defsig_general.o(.text) for __default_signal_display
    defsig_fpe_inner.o(.text) refers to defsig_general.o(.text) for __default_signal_display
    defsig_rtred_inner.o(.text) refers to defsig_general.o(.text) for __default_signal_display
    defsig_stak_inner.o(.text) refers to defsig_general.o(.text) for __default_signal_display
    defsig_pvfn_inner.o(.text) refers to defsig_general.o(.text) for __default_signal_display
    defsig_cppl_inner.o(.text) refers to defsig_general.o(.text) for __default_signal_display
    defsig_segv_inner.o(.text) refers to defsig_general.o(.text) for __default_signal_display
    defsig_other.o(.text) refers to defsig_general.o(.text) for __default_signal_display


==============================================================================

Removing Unused input sections from the image.

    Removing app.o(i.App_TaskDelHook), (2 bytes).
    Removing app.o(.bss), (400 bytes).
    Removing app.o(.bss), (400 bytes).
    Removing app.o(.data), (1 bytes).
    Removing app.o(.data), (1 bytes).
    Removing app.o(.data), (1 bytes).
    Removing app.o(.data), (4 bytes).
    Removing app.o(.data), (4 bytes).
    Removing app.o(.data), (4 bytes).
    Removing app.o(.data), (1 bytes).
    Removing app.o(.data), (1 bytes).
    Removing app.o(.data), (4 bytes).
    Removing app.o(.data), (4 bytes).
    Removing stm32f10x_it.o(i.ADC3_IRQHandler), (2 bytes).
    Removing stm32f10x_it.o(i.BusFaultException), (2 bytes).
    Removing stm32f10x_it.o(i.DMA2_Channel1_IRQHandler), (2 bytes).
    Removing stm32f10x_it.o(i.DMA2_Channel2_IRQHandler), (2 bytes).
    Removing stm32f10x_it.o(i.DMA2_Channel3_IRQHandler), (2 bytes).
    Removing stm32f10x_it.o(i.DMA2_Channel4_5_IRQHandler), (2 bytes).
    Removing stm32f10x_it.o(i.DebugMonitor), (2 bytes).
    Removing stm32f10x_it.o(i.FSMC_IRQHandler), (2 bytes).
    Removing stm32f10x_it.o(i.HardFaultException), (2 bytes).
    Removing stm32f10x_it.o(i.MemManageException), (2 bytes).
    Removing stm32f10x_it.o(i.NMIException), (2 bytes).
    Removing stm32f10x_it.o(i.PendSVC), (2 bytes).
    Removing stm32f10x_it.o(i.SDIO_IRQHandler), (2 bytes).
    Removing stm32f10x_it.o(i.SPI3_IRQHandler), (2 bytes).
    Removing stm32f10x_it.o(i.SVCHandler), (2 bytes).
    Removing stm32f10x_it.o(i.TIM5_IRQHandler), (2 bytes).
    Removing stm32f10x_it.o(i.TIM6_IRQHandler), (2 bytes).
    Removing stm32f10x_it.o(i.TIM7_IRQHandler), (2 bytes).
    Removing stm32f10x_it.o(i.TIM8_BRK_IRQHandler), (2 bytes).
    Removing stm32f10x_it.o(i.TIM8_CC_IRQHandler), (2 bytes).
    Removing stm32f10x_it.o(i.TIM8_TRG_COM_IRQHandler), (2 bytes).
    Removing stm32f10x_it.o(i.TIM8_UP_IRQHandler), (2 bytes).
    Removing stm32f10x_it.o(i.UART4_IRQHandler), (2 bytes).
    Removing stm32f10x_it.o(i.UART5_IRQHandler), (2 bytes).
    Removing stm32f10x_it.o(i.UsageFaultException), (2 bytes).
    Removing bsp.o(i.NVIC_Configuration), (46 bytes).
    Removing bsp.o(i.RCC_Configuration), (4 bytes).
    Removing bsp.o(i.UnableJTAG), (40 bytes).
    Removing misc.o(i.NVIC_Init), (100 bytes).
    Removing misc.o(i.NVIC_PriorityGroupConfig), (20 bytes).
    Removing misc.o(i.NVIC_SetVectorTable), (20 bytes).
    Removing misc.o(i.NVIC_SystemLPConfig), (28 bytes).
    Removing misc.o(i.SysTick_CLKSourceConfig), (28 bytes).
    Removing stm32f10x_gpio.o(i.GPIO_AFIODeInit), (22 bytes).
    Removing stm32f10x_gpio.o(i.GPIO_DeInit), (216 bytes).
    Removing stm32f10x_gpio.o(i.GPIO_ETH_MediaInterfaceConfig), (12 bytes).
    Removing stm32f10x_gpio.o(i.GPIO_EXTILineConfig), (40 bytes).
    Removing stm32f10x_gpio.o(i.GPIO_EventOutputCmd), (12 bytes).
    Removing stm32f10x_gpio.o(i.GPIO_EventOutputConfig), (28 bytes).
    Removing stm32f10x_gpio.o(i.GPIO_PinLockConfig), (16 bytes).
    Removing stm32f10x_gpio.o(i.GPIO_PinRemapConfig), (92 bytes).
    Removing stm32f10x_gpio.o(i.GPIO_ReadInputData), (6 bytes).
    Removing stm32f10x_gpio.o(i.GPIO_ReadInputDataBit), (14 bytes).
    Removing stm32f10x_gpio.o(i.GPIO_ReadOutputData), (6 bytes).
    Removing stm32f10x_gpio.o(i.GPIO_ReadOutputDataBit), (14 bytes).
    Removing stm32f10x_gpio.o(i.GPIO_StructInit), (16 bytes).
    Removing stm32f10x_gpio.o(i.GPIO_Write), (4 bytes).
    Removing stm32f10x_gpio.o(i.GPIO_WriteBit), (12 bytes).
    Removing stm32f10x_rcc.o(i.RCC_ADCCLKConfig), (20 bytes).
    Removing stm32f10x_rcc.o(i.RCC_AHBPeriphClockCmd), (28 bytes).
    Removing stm32f10x_rcc.o(i.RCC_APB1PeriphClockCmd), (28 bytes).
    Removing stm32f10x_rcc.o(i.RCC_APB1PeriphResetCmd), (28 bytes).
    Removing stm32f10x_rcc.o(i.RCC_APB2PeriphResetCmd), (28 bytes).
    Removing stm32f10x_rcc.o(i.RCC_AdjustHSICalibrationValue), (20 bytes).
    Removing stm32f10x_rcc.o(i.RCC_BackupResetCmd), (12 bytes).
    Removing stm32f10x_rcc.o(i.RCC_ClearFlag), (16 bytes).
    Removing stm32f10x_rcc.o(i.RCC_ClearITPendingBit), (12 bytes).
    Removing stm32f10x_rcc.o(i.RCC_ClockSecuritySystemCmd), (12 bytes).
    Removing stm32f10x_rcc.o(i.RCC_DeInit), (64 bytes).
    Removing stm32f10x_rcc.o(i.RCC_GetFlagStatus), (48 bytes).
    Removing stm32f10x_rcc.o(i.RCC_GetITStatus), (20 bytes).
    Removing stm32f10x_rcc.o(i.RCC_GetSYSCLKSource), (16 bytes).
    Removing stm32f10x_rcc.o(i.RCC_HCLKConfig), (20 bytes).
    Removing stm32f10x_rcc.o(i.RCC_HSEConfig), (56 bytes).
    Removing stm32f10x_rcc.o(i.RCC_HSICmd), (12 bytes).
    Removing stm32f10x_rcc.o(i.RCC_ITConfig), (28 bytes).
    Removing stm32f10x_rcc.o(i.RCC_LSEConfig), (40 bytes).
    Removing stm32f10x_rcc.o(i.RCC_LSICmd), (12 bytes).
    Removing stm32f10x_rcc.o(i.RCC_MCOConfig), (12 bytes).
    Removing stm32f10x_rcc.o(i.RCC_PCLK1Config), (20 bytes).
    Removing stm32f10x_rcc.o(i.RCC_PCLK2Config), (20 bytes).
    Removing stm32f10x_rcc.o(i.RCC_PLLCmd), (12 bytes).
    Removing stm32f10x_rcc.o(i.RCC_PLLConfig), (20 bytes).
    Removing stm32f10x_rcc.o(i.RCC_RTCCLKCmd), (12 bytes).
    Removing stm32f10x_rcc.o(i.RCC_RTCCLKConfig), (16 bytes).
    Removing stm32f10x_rcc.o(i.RCC_SYSCLKConfig), (20 bytes).
    Removing stm32f10x_rcc.o(i.RCC_USBCLKConfig), (12 bytes).
    Removing stm32f10x_rcc.o(i.RCC_WaitForHSEStartUp), (48 bytes).
    Removing stm32f10x_usart.o(i.USART_ClearFlag), (8 bytes).
    Removing stm32f10x_usart.o(i.USART_ClearITPendingBit), (16 bytes).
    Removing stm32f10x_usart.o(i.USART_ClockInit), (30 bytes).
    Removing stm32f10x_usart.o(i.USART_ClockStructInit), (12 bytes).
    Removing stm32f10x_usart.o(i.USART_Cmd), (24 bytes).
    Removing stm32f10x_usart.o(i.USART_DMACmd), (20 bytes).
    Removing stm32f10x_usart.o(i.USART_DeInit), (164 bytes).
    Removing stm32f10x_usart.o(i.USART_GetFlagStatus), (14 bytes).
    Removing stm32f10x_usart.o(i.USART_GetITStatus), (64 bytes).
    Removing stm32f10x_usart.o(i.USART_HalfDuplexCmd), (24 bytes).
    Removing stm32f10x_usart.o(i.USART_ITConfig), (54 bytes).
    Removing stm32f10x_usart.o(i.USART_Init), (188 bytes).
    Removing stm32f10x_usart.o(i.USART_IrDACmd), (24 bytes).
    Removing stm32f10x_usart.o(i.USART_IrDAConfig), (16 bytes).
    Removing stm32f10x_usart.o(i.USART_LINBreakDetectLengthConfig), (16 bytes).
    Removing stm32f10x_usart.o(i.USART_LINCmd), (24 bytes).
    Removing stm32f10x_usart.o(i.USART_OneBitMethodCmd), (24 bytes).
    Removing stm32f10x_usart.o(i.USART_OverSampling8Cmd), (24 bytes).
    Removing stm32f10x_usart.o(i.USART_ReceiveData), (8 bytes).
    Removing stm32f10x_usart.o(i.USART_ReceiverWakeUpCmd), (24 bytes).
    Removing stm32f10x_usart.o(i.USART_SendBreak), (10 bytes).
    Removing stm32f10x_usart.o(i.USART_SendData), (8 bytes).
    Removing stm32f10x_usart.o(i.USART_SetAddress), (16 bytes).
    Removing stm32f10x_usart.o(i.USART_SetGuardTime), (16 bytes).
    Removing stm32f10x_usart.o(i.USART_SetPrescaler), (16 bytes).
    Removing stm32f10x_usart.o(i.USART_SmartCardCmd), (24 bytes).
    Removing stm32f10x_usart.o(i.USART_SmartCardNACKCmd), (24 bytes).
    Removing stm32f10x_usart.o(i.USART_StructInit), (22 bytes).
    Removing stm32f10x_usart.o(i.USART_WakeUpConfig), (16 bytes).
    Removing os_cpu_c.o(i.OSTaskDelHook), (4 bytes).
    Removing os_dbg.o(.constdata), (2 bytes).
    Removing os_core.o(i.OSEventNameGet), (92 bytes).
    Removing os_core.o(i.OSEventNameSet), (104 bytes).
    Removing os_core.o(i.OSIntEnter), (24 bytes).
    Removing os_core.o(i.OSSchedLock), (44 bytes).
    Removing os_core.o(i.OSSchedUnlock), (72 bytes).
    Removing os_core.o(i.OSVersion), (6 bytes).
    Removing os_core.o(i.OS_Dummy), (2 bytes).
    Removing os_core.o(i.OS_EventTOAbort), (56 bytes).
    Removing os_core.o(i.OS_EventTaskRdy), (136 bytes).
    Removing os_core.o(i.OS_EventTaskWait), (76 bytes).
    Removing os_core.o(i.OS_EventWaitListInit), (22 bytes).
    Removing os_core.o(i.OS_MemCopy), (20 bytes).
    Removing os_flag.o(i.OSFlagAccept), (202 bytes).
    Removing os_flag.o(i.OSFlagCreate), (80 bytes).
    Removing os_flag.o(i.OSFlagDel), (220 bytes).
    Removing os_flag.o(i.OSFlagNameGet), (84 bytes).
    Removing os_flag.o(i.OSFlagNameSet), (100 bytes).
    Removing os_flag.o(i.OSFlagPend), (556 bytes).
    Removing os_flag.o(i.OSFlagPendGetFlagsRdy), (24 bytes).
    Removing os_flag.o(i.OSFlagPost), (234 bytes).
    Removing os_flag.o(i.OSFlagQuery), (38 bytes).
    Removing os_flag.o(i.OS_FlagBlock), (100 bytes).
    Removing os_flag.o(i.OS_FlagTaskRdy), (80 bytes).
    Removing os_flag.o(i.OS_FlagUnlink), (34 bytes).
    Removing os_mbox.o(i.OSMboxAccept), (32 bytes).
    Removing os_mbox.o(i.OSMboxCreate), (72 bytes).
    Removing os_mbox.o(i.OSMboxDel), (224 bytes).
    Removing os_mbox.o(i.OSMboxPend), (208 bytes).
    Removing os_mbox.o(i.OSMboxPendAbort), (112 bytes).
    Removing os_mbox.o(i.OSMboxPost), (78 bytes).
    Removing os_mbox.o(i.OSMboxPostOpt), (114 bytes).
    Removing os_mbox.o(i.OSMboxQuery), (60 bytes).
    Removing os_sem.o(i.OSSemAccept), (34 bytes).
    Removing os_sem.o(i.OSSemCreate), (72 bytes).
    Removing os_sem.o(i.OSSemDel), (224 bytes).
    Removing os_sem.o(i.OSSemPend), (184 bytes).
    Removing os_sem.o(i.OSSemPendAbort), (112 bytes).
    Removing os_sem.o(i.OSSemPost), (84 bytes).
    Removing os_sem.o(i.OSSemQuery), (60 bytes).
    Removing os_sem.o(i.OSSemSet), (56 bytes).
    Removing os_task.o(i.OSTaskChangePrio), (284 bytes).
    Removing os_task.o(i.OSTaskDel), (340 bytes).
    Removing os_task.o(i.OSTaskDelReq), (92 bytes).
    Removing os_task.o(i.OSTaskNameGet), (120 bytes).
    Removing os_task.o(i.OSTaskQuery), (84 bytes).
    Removing os_task.o(i.OSTaskResume), (140 bytes).
    Removing os_task.o(i.OSTaskSuspend), (152 bytes).
    Removing os_time.o(i.OSTimeDlyResume), (152 bytes).
    Removing os_time.o(i.OSTimeGet), (24 bytes).
    Removing system_stm32f10x.o(i.SystemCoreClockUpdate), (124 bytes).
    Removing system_stm32f10x.o(.data), (20 bytes).

173 unused section(s) (total 8985 bytes) removed from the image.

==============================================================================

Image Symbol Table

    Local Symbols

    Symbol Name                              Value     Ov Type        Size  Object(Section)

    ../clib/angel/boardlib.s                 0x00000000   Number         0  boardinit1.o ABSOLUTE
    ../clib/angel/boardlib.s                 0x00000000   Number         0  boardinit2.o ABSOLUTE
    ../clib/angel/boardlib.s                 0x00000000   Number         0  boardinit3.o ABSOLUTE
    ../clib/angel/boardlib.s                 0x00000000   Number         0  boardshut.o ABSOLUTE
    ../clib/angel/handlers.s                 0x00000000   Number         0  __scatter_copy.o ABSOLUTE
    ../clib/angel/handlers.s                 0x00000000   Number         0  __scatter_zi.o ABSOLUTE
    ../clib/angel/kernel.s                   0x00000000   Number         0  rtexit2.o ABSOLUTE
    ../clib/angel/kernel.s                   0x00000000   Number         0  __rtentry2.o ABSOLUTE
    ../clib/angel/kernel.s                   0x00000000   Number         0  rtexit.o ABSOLUTE
    ../clib/angel/kernel.s                   0x00000000   Number         0  __rtentry.o ABSOLUTE
    ../clib/angel/kernel.s                   0x00000000   Number         0  __rtentry4.o ABSOLUTE
    ../clib/angel/rt.s                       0x00000000   Number         0  rt_raise.o ABSOLUTE
    ../clib/angel/scatter.s                  0x00000000   Number         0  __scatter.o ABSOLUTE
    ../clib/angel/startup.s                  0x00000000   Number         0  __main.o ABSOLUTE
    ../clib/angel/sys.s                      0x00000000   Number         0  sys_stackheap_outer.o ABSOLUTE
    ../clib/angel/sys.s                      0x00000000   Number         0  libspace.o ABSOLUTE
    ../clib/angel/sys.s                      0x00000000   Number         0  indicate_semi.o ABSOLUTE
    ../clib/angel/sys.s                      0x00000000   Number         0  use_no_semi.o ABSOLUTE
    ../clib/angel/sysapp.c                   0x00000000   Number         0  sys_wrch.o ABSOLUTE
    ../clib/angel/sysapp.c                   0x00000000   Number         0  sys_command.o ABSOLUTE
    ../clib/angel/sysapp.c                   0x00000000   Number         0  sys_exit.o ABSOLUTE
    ../clib/armsys.c                         0x00000000   Number         0  argv_veneer.o ABSOLUTE
    ../clib/armsys.c                         0x00000000   Number         0  argv_veneer.o ABSOLUTE
    ../clib/armsys.c                         0x00000000   Number         0  no_argv.o ABSOLUTE
    ../clib/armsys.c                         0x00000000   Number         0  _get_argv_nomalloc.o ABSOLUTE
    ../clib/heapalloc.c                      0x00000000   Number         0  hrguard.o ABSOLUTE
    ../clib/heapaux.c                        0x00000000   Number         0  heapauxi.o ABSOLUTE
    ../clib/libinit.s                        0x00000000   Number         0  libshutdown2.o ABSOLUTE
    ../clib/libinit.s                        0x00000000   Number         0  libinit.o ABSOLUTE
    ../clib/libinit.s                        0x00000000   Number         0  libinit2.o ABSOLUTE
    ../clib/libinit.s                        0x00000000   Number         0  libshutdown.o ABSOLUTE
    ../clib/signal.c                         0x00000000   Number         0  defsig_rtmem_outer.o ABSOLUTE
    ../clib/signal.c                         0x00000000   Number         0  __raise.o ABSOLUTE
    ../clib/signal.c                         0x00000000   Number         0  defsig_other.o ABSOLUTE
    ../clib/signal.c                         0x00000000   Number         0  defsig_segv_inner.o ABSOLUTE
    ../clib/signal.c                         0x00000000   Number         0  defsig_cppl_inner.o ABSOLUTE
    ../clib/signal.c                         0x00000000   Number         0  defsig_pvfn_inner.o ABSOLUTE
    ../clib/signal.c                         0x00000000   Number         0  defsig_stak_inner.o ABSOLUTE
    ../clib/signal.c                         0x00000000   Number         0  defsig_rtred_inner.o ABSOLUTE
    ../clib/signal.c                         0x00000000   Number         0  defsig_fpe_inner.o ABSOLUTE
    ../clib/signal.c                         0x00000000   Number         0  defsig_abrt_inner.o ABSOLUTE
    ../clib/signal.c                         0x00000000   Number         0  defsig_general.o ABSOLUTE
    ../clib/signal.c                         0x00000000   Number         0  defsig_rtmem_inner.o ABSOLUTE
    ../clib/signal.c                         0x00000000   Number         0  defsig_exit.o ABSOLUTE
    ../clib/signal.c                         0x00000000   Number         0  defsig_rtmem_formal.o ABSOLUTE
    ../clib/signal.s                         0x00000000   Number         0  defsig.o ABSOLUTE
    ../clib/stdlib.c                         0x00000000   Number         0  exit.o ABSOLUTE
    ../fplib/fpinit.s                        0x00000000   Number         0  fpinit.o ABSOLUTE
    ..\BSP\bsp.c                             0x00000000   Number         0  bsp.o ABSOLUTE
    ..\CM3\system_stm32f10x.c                0x00000000   Number         0  system_stm32f10x.o ABSOLUTE
    ..\FWlib\SRC\misc.c                      0x00000000   Number         0  misc.o ABSOLUTE
    ..\FWlib\SRC\stm32f10x_gpio.c            0x00000000   Number         0  stm32f10x_gpio.o ABSOLUTE
    ..\FWlib\SRC\stm32f10x_rcc.c             0x00000000   Number         0  stm32f10x_rcc.o ABSOLUTE
    ..\FWlib\SRC\stm32f10x_usart.c           0x00000000   Number         0  stm32f10x_usart.o ABSOLUTE
    ..\Startup\stm32f10x_startup.s           0x00000000   Number         0  stm32f10x_startup.o ABSOLUTE
    ..\uCOS-II\Ports\os_cpu_a.asm            0x00000000   Number         0  os_cpu_a.o ABSOLUTE
    ..\uCOS-II\Ports\os_cpu_c.c              0x00000000   Number         0  os_cpu_c.o ABSOLUTE
    ..\uCOS-II\Ports\os_dbg.c                0x00000000   Number         0  os_dbg.o ABSOLUTE
    ..\uCOS-II\Source\os_core.c              0x00000000   Number         0  os_core.o ABSOLUTE
    ..\uCOS-II\Source\os_flag.c              0x00000000   Number         0  os_flag.o ABSOLUTE
    ..\uCOS-II\Source\os_mbox.c              0x00000000   Number         0  os_mbox.o ABSOLUTE
    ..\uCOS-II\Source\os_mem.c               0x00000000   Number         0  os_mem.o ABSOLUTE
    ..\uCOS-II\Source\os_mutex.c             0x00000000   Number         0  os_mutex.o ABSOLUTE
    ..\uCOS-II\Source\os_q.c                 0x00000000   Number         0  os_q.o ABSOLUTE
    ..\uCOS-II\Source\os_sem.c               0x00000000   Number         0  os_sem.o ABSOLUTE
    ..\uCOS-II\Source\os_task.c              0x00000000   Number         0  os_task.o ABSOLUTE
    ..\uCOS-II\Source\os_time.c              0x00000000   Number         0  os_time.o ABSOLUTE
    ..\uCOS-II\Source\os_tmr.c               0x00000000   Number         0  os_tmr.o ABSOLUTE
    ..\uCOS-II\uC-CPU\cpu_a.asm              0x00000000   Number         0  cpu_a.o ABSOLUTE
    app.c                                    0x00000000   Number         0  app.o ABSOLUTE
    dc.s                                     0x00000000   Number         0  dc.o ABSOLUTE
    stm32f10x_it.c                           0x00000000   Number         0  stm32f10x_it.o ABSOLUTE
    RESET                                    0x08000000   Section      280  stm32f10x_startup.o(RESET)
    NMIException                             0x08000105   Thumb Code     0  stm32f10x_startup.o(RESET)
    HardFaultException                       0x08000107   Thumb Code     0  stm32f10x_startup.o(RESET)
    MemManageException                       0x08000109   Thumb Code     0  stm32f10x_startup.o(RESET)
    BusFaultException                        0x0800010b   Thumb Code     0  stm32f10x_startup.o(RESET)
    UsageFaultException                      0x0800010d   Thumb Code     0  stm32f10x_startup.o(RESET)
    DebugMonitor                             0x0800010f   Thumb Code     0  stm32f10x_startup.o(RESET)
    SVCHandler                               0x08000111   Thumb Code     0  stm32f10x_startup.o(RESET)
    !!!main                                  0x08000118   Section        8  __main.o(!!!main)
    !!!scatter                               0x08000120   Section       52  __scatter.o(!!!scatter)
    !!handler_copy                           0x08000154   Section       26  __scatter_copy.o(!!handler_copy)
    !!handler_zi                             0x08000170   Section       28  __scatter_zi.o(!!handler_zi)
    .ARM.Collect$$libinit$$00000000          0x0800018c   Section        2  libinit.o(.ARM.Collect$$libinit$$00000000)
    .ARM.Collect$$libinit$$00000002          0x0800018e   Section        0  libinit2.o(.ARM.Collect$$libinit$$00000002)
    .ARM.Collect$$libinit$$00000004          0x0800018e   Section        0  libinit2.o(.ARM.Collect$$libinit$$00000004)
    .ARM.Collect$$libinit$$0000000A          0x0800018e   Section        0  libinit2.o(.ARM.Collect$$libinit$$0000000A)
    .ARM.Collect$$libinit$$0000000C          0x0800018e   Section        0  libinit2.o(.ARM.Collect$$libinit$$0000000C)
    .ARM.Collect$$libinit$$0000000E          0x0800018e   Section        0  libinit2.o(.ARM.Collect$$libinit$$0000000E)
    .ARM.Collect$$libinit$$00000011          0x0800018e   Section        0  libinit2.o(.ARM.Collect$$libinit$$00000011)
    .ARM.Collect$$libinit$$00000013          0x0800018e   Section        0  libinit2.o(.ARM.Collect$$libinit$$00000013)
    .ARM.Collect$$libinit$$00000015          0x0800018e   Section        0  libinit2.o(.ARM.Collect$$libinit$$00000015)
    .ARM.Collect$$libinit$$00000017          0x0800018e   Section        0  libinit2.o(.ARM.Collect$$libinit$$00000017)
    .ARM.Collect$$libinit$$00000019          0x0800018e   Section        0  libinit2.o(.ARM.Collect$$libinit$$00000019)
    .ARM.Collect$$libinit$$0000001B          0x0800018e   Section        0  libinit2.o(.ARM.Collect$$libinit$$0000001B)
    .ARM.Collect$$libinit$$0000001D          0x0800018e   Section        0  libinit2.o(.ARM.Collect$$libinit$$0000001D)
    .ARM.Collect$$libinit$$0000001F          0x0800018e   Section        0  libinit2.o(.ARM.Collect$$libinit$$0000001F)
    .ARM.Collect$$libinit$$00000021          0x0800018e   Section        0  libinit2.o(.ARM.Collect$$libinit$$00000021)
    .ARM.Collect$$libinit$$00000023          0x0800018e   Section        0  libinit2.o(.ARM.Collect$$libinit$$00000023)
    .ARM.Collect$$libinit$$00000025          0x0800018e   Section        0  libinit2.o(.ARM.Collect$$libinit$$00000025)
    .ARM.Collect$$libinit$$0000002C          0x0800018e   Section        0  libinit2.o(.ARM.Collect$$libinit$$0000002C)
    .ARM.Collect$$libinit$$0000002E          0x0800018e   Section        0  libinit2.o(.ARM.Collect$$libinit$$0000002E)
    .ARM.Collect$$libinit$$00000030          0x0800018e   Section        0  libinit2.o(.ARM.Collect$$libinit$$00000030)
    .ARM.Collect$$libinit$$00000032          0x0800018e   Section        0  libinit2.o(.ARM.Collect$$libinit$$00000032)
    .ARM.Collect$$libinit$$00000033          0x0800018e   Section        2  libinit2.o(.ARM.Collect$$libinit$$00000033)
    .ARM.Collect$$libshutdown$$00000000      0x08000190   Section        2  libshutdown.o(.ARM.Collect$$libshutdown$$00000000)
    .ARM.Collect$$libshutdown$$00000003      0x08000192   Section        0  libshutdown2.o(.ARM.Collect$$libshutdown$$00000003)
    .ARM.Collect$$libshutdown$$00000006      0x08000192   Section        0  libshutdown2.o(.ARM.Collect$$libshutdown$$00000006)
    .ARM.Collect$$libshutdown$$00000009      0x08000192   Section        0  libshutdown2.o(.ARM.Collect$$libshutdown$$00000009)
    .ARM.Collect$$libshutdown$$0000000B      0x08000192   Section        0  libshutdown2.o(.ARM.Collect$$libshutdown$$0000000B)
    .ARM.Collect$$libshutdown$$0000000E      0x08000192   Section        0  libshutdown2.o(.ARM.Collect$$libshutdown$$0000000E)
    .ARM.Collect$$libshutdown$$0000000F      0x08000192   Section        2  libshutdown2.o(.ARM.Collect$$libshutdown$$0000000F)
    .ARM.Collect$$rtentry$$00000000          0x08000194   Section        0  __rtentry.o(.ARM.Collect$$rtentry$$00000000)
    .ARM.Collect$$rtentry$$00000002          0x08000194   Section        0  __rtentry2.o(.ARM.Collect$$rtentry$$00000002)
    .ARM.Collect$$rtentry$$00000004          0x08000194   Section        6  __rtentry4.o(.ARM.Collect$$rtentry$$00000004)
    .ARM.Collect$$rtentry$$00000009          0x0800019a   Section        0  __rtentry2.o(.ARM.Collect$$rtentry$$00000009)
    .ARM.Collect$$rtentry$$0000000A          0x0800019a   Section        4  __rtentry2.o(.ARM.Collect$$rtentry$$0000000A)
    .ARM.Collect$$rtentry$$0000000C          0x0800019e   Section        0  __rtentry2.o(.ARM.Collect$$rtentry$$0000000C)
    .ARM.Collect$$rtentry$$0000000D          0x0800019e   Section        8  __rtentry2.o(.ARM.Collect$$rtentry$$0000000D)
    .ARM.Collect$$rtexit$$00000000           0x080001a6   Section        2  rtexit.o(.ARM.Collect$$rtexit$$00000000)
    .ARM.Collect$$rtexit$$00000002           0x080001a8   Section        0  rtexit2.o(.ARM.Collect$$rtexit$$00000002)
    .ARM.Collect$$rtexit$$00000003           0x080001a8   Section        4  rtexit2.o(.ARM.Collect$$rtexit$$00000003)
    .ARM.Collect$$rtexit$$00000004           0x080001ac   Section        6  rtexit2.o(.ARM.Collect$$rtexit$$00000004)
    .text                                    0x080001b4   Section       28  stm32f10x_startup.o(.text)
    .text                                    0x080001d0   Section      168  os_cpu_a.o(.text)
    .text                                    0x08000278   Section       22  cpu_a.o(.text)
    .text                                    0x0800028e   Section        0  heapauxi.o(.text)
    .text                                    0x08000294   Section       74  sys_stackheap_outer.o(.text)
    .text                                    0x080002de   Section        0  exit.o(.text)
    .text                                    0x080002ec   Section        8  libspace.o(.text)
    .text                                    0x080002f4   Section        0  sys_exit.o(.text)
    .text                                    0x08000300   Section        2  use_no_semi.o(.text)
    .text                                    0x08000302   Section        0  indicate_semi.o(.text)
    i.ADC_IRQHandler                         0x08000302   Section        0  stm32f10x_it.o(i.ADC_IRQHandler)
    i.App_TCBInitHook                        0x08000304   Section        0  app.o(i.App_TCBInitHook)
    i.App_TaskCreate                         0x08000308   Section        0  app.o(i.App_TaskCreate)
    App_TaskCreate                           0x08000309   Thumb Code    68  app.o(i.App_TaskCreate)
    i.App_TaskCreateHook                     0x08000360   Section        0  app.o(i.App_TaskCreateHook)
    i.App_TaskIdleHook                       0x08000362   Section        0  app.o(i.App_TaskIdleHook)
    i.App_TaskStart                          0x08000364   Section        0  app.o(i.App_TaskStart)
    App_TaskStart                            0x08000365   Thumb Code    26  app.o(i.App_TaskStart)
    i.App_TaskStatHook                       0x0800037e   Section        0  app.o(i.App_TaskStatHook)
    i.App_TaskSwHook                         0x08000380   Section        0  app.o(i.App_TaskSwHook)
    i.BSP_Init                               0x08000382   Section        0  bsp.o(i.BSP_Init)
    i.CAN_RX1_IRQHandler                     0x08000386   Section        0  stm32f10x_it.o(i.CAN_RX1_IRQHandler)
    i.CAN_SCE_IRQHandler                     0x08000388   Section        0  stm32f10x_it.o(i.CAN_SCE_IRQHandler)
    i.DMAChannel1_IRQHandler                 0x0800038a   Section        0  stm32f10x_it.o(i.DMAChannel1_IRQHandler)
    i.DMAChannel2_IRQHandler                 0x0800038c   Section        0  stm32f10x_it.o(i.DMAChannel2_IRQHandler)
    i.DMAChannel3_IRQHandler                 0x0800038e   Section        0  stm32f10x_it.o(i.DMAChannel3_IRQHandler)
    i.DMAChannel4_IRQHandler                 0x08000390   Section        0  stm32f10x_it.o(i.DMAChannel4_IRQHandler)
    i.DMAChannel5_IRQHandler                 0x08000392   Section        0  stm32f10x_it.o(i.DMAChannel5_IRQHandler)
    i.DMAChannel6_IRQHandler                 0x08000394   Section        0  stm32f10x_it.o(i.DMAChannel6_IRQHandler)
    i.DMAChannel7_IRQHandler                 0x08000396   Section        0  stm32f10x_it.o(i.DMAChannel7_IRQHandler)
    i.EXTI0_IRQHandler                       0x08000398   Section        0  stm32f10x_it.o(i.EXTI0_IRQHandler)
    i.EXTI15_10_IRQHandler                   0x0800039a   Section        0  stm32f10x_it.o(i.EXTI15_10_IRQHandler)
    i.EXTI1_IRQHandler                       0x0800039c   Section        0  stm32f10x_it.o(i.EXTI1_IRQHandler)
    i.EXTI2_IRQHandler                       0x0800039e   Section        0  stm32f10x_it.o(i.EXTI2_IRQHandler)
    i.EXTI3_IRQHandler                       0x080003a0   Section        0  stm32f10x_it.o(i.EXTI3_IRQHandler)
    i.EXTI4_IRQHandler                       0x080003a2   Section        0  stm32f10x_it.o(i.EXTI4_IRQHandler)
    i.EXTI9_5_IRQHandler                     0x080003a4   Section        0  stm32f10x_it.o(i.EXTI9_5_IRQHandler)
    i.FLASH_IRQHandler                       0x080003a6   Section        0  stm32f10x_it.o(i.FLASH_IRQHandler)
    i.GPIO_Configuration                     0x080003a8   Section        0  bsp.o(i.GPIO_Configuration)
    i.GPIO_Init                              0x080003e4   Section        0  stm32f10x_gpio.o(i.GPIO_Init)
    i.GPIO_ResetBits                         0x0800048a   Section        0  stm32f10x_gpio.o(i.GPIO_ResetBits)
    i.GPIO_SetBits                           0x0800048e   Section        0  stm32f10x_gpio.o(i.GPIO_SetBits)
    i.I2C1_ER_IRQHandler                     0x08000492   Section        0  stm32f10x_it.o(i.I2C1_ER_IRQHandler)
    i.I2C1_EV_IRQHandler                     0x08000494   Section        0  stm32f10x_it.o(i.I2C1_EV_IRQHandler)
    i.I2C2_ER_IRQHandler                     0x08000496   Section        0  stm32f10x_it.o(i.I2C2_ER_IRQHandler)
    i.I2C2_EV_IRQHandler                     0x08000498   Section        0  stm32f10x_it.o(i.I2C2_EV_IRQHandler)
    i.OSInit                                 0x0800049a   Section        0  os_core.o(i.OSInit)
    i.OSInitHookBegin                        0x080004c4   Section        0  os_cpu_c.o(i.OSInitHookBegin)
    i.OSInitHookEnd                          0x080004c6   Section        0  os_cpu_c.o(i.OSInitHookEnd)
    i.OSIntExit                              0x080004c8   Section        0  os_core.o(i.OSIntExit)
    i.OSStart                                0x08000520   Section        0  os_core.o(i.OSStart)
    i.OSStatInit                             0x08000550   Section        0  os_core.o(i.OSStatInit)
    i.OSTCBInitHook                          0x08000584   Section        0  os_cpu_c.o(i.OSTCBInitHook)
    i.OSTaskCreate                           0x08000588   Section        0  os_task.o(i.OSTaskCreate)
    i.OSTaskCreateExt                        0x08000610   Section        0  os_task.o(i.OSTaskCreateExt)
    i.OSTaskCreateHook                       0x080006ac   Section        0  os_cpu_c.o(i.OSTaskCreateHook)
    i.OSTaskIdleHook                         0x080006b0   Section        0  os_cpu_c.o(i.OSTaskIdleHook)
    i.OSTaskNameSet                          0x080006b4   Section        0  os_task.o(i.OSTaskNameSet)
    i.OSTaskStatHook                         0x08000740   Section        0  os_cpu_c.o(i.OSTaskStatHook)
    i.OSTaskStkChk                           0x08000744   Section        0  os_task.o(i.OSTaskStkChk)
    i.OSTaskStkInit                          0x080007b8   Section        0  os_cpu_c.o(i.OSTaskStkInit)
    i.OSTaskSwHook                           0x08000812   Section        0  os_cpu_c.o(i.OSTaskSwHook)
    i.OSTimeDly                              0x08000818   Section        0  os_time.o(i.OSTimeDly)
    i.OSTimeDlyHMSM                          0x08000870   Section        0  os_time.o(i.OSTimeDlyHMSM)
    i.OSTimeSet                              0x080008d4   Section        0  os_time.o(i.OSTimeSet)
    i.OSTimeTick                             0x080008ec   Section        0  os_core.o(i.OSTimeTick)
    i.OSTimeTickHook                         0x080009a0   Section        0  os_cpu_c.o(i.OSTimeTickHook)
    i.OS_CPU_SysTickInit                     0x080009a4   Section        0  bsp.o(i.OS_CPU_SysTickInit)
    i.OS_FlagInit                            0x080009e0   Section        0  os_flag.o(i.OS_FlagInit)
    i.OS_InitEventList                       0x08000a24   Section        0  os_core.o(i.OS_InitEventList)
    OS_InitEventList                         0x08000a25   Thumb Code    60  os_core.o(i.OS_InitEventList)
    i.OS_InitMisc                            0x08000a68   Section        0  os_core.o(i.OS_InitMisc)
    OS_InitMisc                              0x08000a69   Thumb Code    26  os_core.o(i.OS_InitMisc)
    i.OS_InitRdyList                         0x08000a88   Section        0  os_core.o(i.OS_InitRdyList)
    OS_InitRdyList                           0x08000a89   Thumb Code    34  os_core.o(i.OS_InitRdyList)
    i.OS_InitTCBList                         0x08000ab0   Section        0  os_core.o(i.OS_InitTCBList)
    OS_InitTCBList                           0x08000ab1   Thumb Code    76  os_core.o(i.OS_InitTCBList)
    i.OS_InitTaskIdle                        0x08000b04   Section        0  os_core.o(i.OS_InitTaskIdle)
    OS_InitTaskIdle                          0x08000b05   Thumb Code    50  os_core.o(i.OS_InitTaskIdle)
    i.OS_InitTaskStat                        0x08000b54   Section        0  os_core.o(i.OS_InitTaskStat)
    OS_InitTaskStat                          0x08000b55   Thumb Code    50  os_core.o(i.OS_InitTaskStat)
    i.OS_MemClr                              0x08000ba4   Section        0  os_core.o(i.OS_MemClr)
    i.OS_Sched                               0x08000bb8   Section        0  os_core.o(i.OS_Sched)
    i.OS_SchedNew                            0x08000c00   Section        0  os_core.o(i.OS_SchedNew)
    OS_SchedNew                              0x08000c01   Thumb Code    24  os_core.o(i.OS_SchedNew)
    i.OS_StrCopy                             0x08000c20   Section        0  os_core.o(i.OS_StrCopy)
    i.OS_StrLen                              0x08000c3c   Section        0  os_core.o(i.OS_StrLen)
    i.OS_TCBInit                             0x08000c50   Section        0  os_core.o(i.OS_TCBInit)
    i.OS_TaskIdle                            0x08000d30   Section        0  os_core.o(i.OS_TaskIdle)
    i.OS_TaskStat                            0x08000d4c   Section        0  os_core.o(i.OS_TaskStat)
    i.OS_TaskStatStkChk                      0x08000dac   Section        0  os_core.o(i.OS_TaskStatStkChk)
    i.OS_TaskStkClr                          0x08000de4   Section        0  os_task.o(i.OS_TaskStkClr)
    i.PVD_IRQHandler                         0x08000dfa   Section        0  stm32f10x_it.o(i.PVD_IRQHandler)
    i.RCC_APB2PeriphClockCmd                 0x08000dfc   Section        0  stm32f10x_rcc.o(i.RCC_APB2PeriphClockCmd)
    i.RCC_GetClocksFreq                      0x08000e18   Section        0  stm32f10x_rcc.o(i.RCC_GetClocksFreq)
    i.RCC_IRQHandler                         0x08000ec4   Section        0  stm32f10x_it.o(i.RCC_IRQHandler)
    i.RTCAlarm_IRQHandler                    0x08000ec6   Section        0  stm32f10x_it.o(i.RTCAlarm_IRQHandler)
    i.RTC_IRQHandler                         0x08000ec8   Section        0  stm32f10x_it.o(i.RTC_IRQHandler)
    i.SPI1_IRQHandler                        0x08000eca   Section        0  stm32f10x_it.o(i.SPI1_IRQHandler)
    i.SPI2_IRQHandler                        0x08000ecc   Section        0  stm32f10x_it.o(i.SPI2_IRQHandler)
    i.SetSysClock                            0x08000ece   Section        0  system_stm32f10x.o(i.SetSysClock)
    SetSysClock                              0x08000ecf   Thumb Code     4  system_stm32f10x.o(i.SetSysClock)
    i.SetSysClockTo72                        0x08000ed4   Section        0  system_stm32f10x.o(i.SetSysClockTo72)
    SetSysClockTo72                          0x08000ed5   Thumb Code   166  system_stm32f10x.o(i.SetSysClockTo72)
    i.SysTickHandler                         0x08000f84   Section        0  stm32f10x_it.o(i.SysTickHandler)
    i.SystemInit                             0x08000fa8   Section        0  system_stm32f10x.o(i.SystemInit)
    i.TAMPER_IRQHandler                      0x08000fe8   Section        0  stm32f10x_it.o(i.TAMPER_IRQHandler)
    i.TIM1_BRK_IRQHandler                    0x08000fea   Section        0  stm32f10x_it.o(i.TIM1_BRK_IRQHandler)
    i.TIM1_CC_IRQHandler                     0x08000fec   Section        0  stm32f10x_it.o(i.TIM1_CC_IRQHandler)
    i.TIM1_TRG_COM_IRQHandler                0x08000fee   Section        0  stm32f10x_it.o(i.TIM1_TRG_COM_IRQHandler)
    i.TIM1_UP_IRQHandler                     0x08000ff0   Section        0  stm32f10x_it.o(i.TIM1_UP_IRQHandler)
    i.TIM2_IRQHandler                        0x08000ff2   Section        0  stm32f10x_it.o(i.TIM2_IRQHandler)
    i.TIM3_IRQHandler                        0x08000ff4   Section        0  stm32f10x_it.o(i.TIM3_IRQHandler)
    i.TIM4_IRQHandler                        0x08000ff6   Section        0  stm32f10x_it.o(i.TIM4_IRQHandler)
    i.Task_Led1                              0x08000ff8   Section        0  app.o(i.Task_Led1)
    Task_Led1                                0x08000ff9   Thumb Code    50  app.o(i.Task_Led1)
    i.Task_Led2                              0x08001034   Section        0  app.o(i.Task_Led2)
    Task_Led2                                0x08001035   Thumb Code    50  app.o(i.Task_Led2)
    i.USART1_IRQHandler                      0x08001070   Section        0  stm32f10x_it.o(i.USART1_IRQHandler)
    i.USART2_IRQHandler                      0x08001072   Section        0  stm32f10x_it.o(i.USART2_IRQHandler)
    i.USART3_IRQHandler                      0x08001074   Section        0  stm32f10x_it.o(i.USART3_IRQHandler)
    i.USBWakeUp_IRQHandler                   0x08001076   Section        0  stm32f10x_it.o(i.USBWakeUp_IRQHandler)
    i.USB_HP_CAN_TX_IRQHandler               0x08001078   Section        0  stm32f10x_it.o(i.USB_HP_CAN_TX_IRQHandler)
    i.USB_LP_CAN_RX0_IRQHandler              0x0800107a   Section        0  stm32f10x_it.o(i.USB_LP_CAN_RX0_IRQHandler)
    i.WWDG_IRQHandler                        0x0800107c   Section        0  stm32f10x_it.o(i.WWDG_IRQHandler)
    i.main                                   0x08001080   Section        0  app.o(i.main)
    .constdata                               0x080010c4   Section      256  os_core.o(.constdata)
    .data                                    0x20000000   Section        8  app.o(.data)
    .data                                    0x20000008   Section       20  stm32f10x_rcc.o(.data)
    ADCPrescTable                            0x20000008   Data           4  stm32f10x_rcc.o(.data)
    APBAHBPrescTable                         0x2000000c   Data          16  stm32f10x_rcc.o(.data)
    .data                                    0x2000001c   Section       56  os_core.o(.data)
    .data                                    0x20000054   Section        4  os_core.o(.data)
    .bss                                     0x20000058   Section     1536  app.o(.bss)
    App_TaskStartStk                         0x20000058   Data         512  app.o(.bss)
    Task_Led1Stk                             0x20000258   Data         512  app.o(.bss)
    Task_Led2Stk                             0x20000458   Data         512  app.o(.bss)
    .bss                                     0x20000658   Section     2528  os_core.o(.bss)
    .bss                                     0x20001038   Section      140  os_core.o(.bss)
    .bss                                     0x200010c4   Section       96  libspace.o(.bss)
    HEAP                                     0x20001128   Section     1024  stm32f10x_startup.o(HEAP)
    Heap                                     0x20001128   Data           0  stm32f10x_startup.o(HEAP)
    STACK                                    0x20001528   Section     1024  stm32f10x_startup.o(STACK)
    Stack                                    0x20001528   Data           0  stm32f10x_startup.o(STACK)

    Global Symbols

    Symbol Name                              Value     Ov Type        Size  Object(Section)

    BuildAttributes$$THM_ISAv4$P$D$K$B$S$PE$A:L22UL41UL21$X:L11$S22US41US21$IEEE1$IW$USESV6$~STKCKD$USESV7$~SHL$OSPACE$ROPI$EBA8$UX$STANDARDLIB$REQ8$PRES8$EABIv2 0x00000000   Number         0  anon$$obj.o ABSOLUTE
    __ARM_use_no_argv                        0x00000000   Number         0  app.o ABSOLUTE
    __ARM_exceptions_init                     - Undefined Weak Reference
    __alloca_initialize                       - Undefined Weak Reference
    __arm_preinit_                            - Undefined Weak Reference
    __cpp_initialize__aeabi_                  - Undefined Weak Reference
    __cxa_finalize                            - Undefined Weak Reference
    __rt_locale                               - Undefined Weak Reference
    __sigvec_lookup                           - Undefined Weak Reference
    _atexit_init                              - Undefined Weak Reference
    _call_atexit_fns                          - Undefined Weak Reference
    _clock_init                               - Undefined Weak Reference
    _fp_trap_init                             - Undefined Weak Reference
    _fp_trap_shutdown                         - Undefined Weak Reference
    _get_lc_collate                           - Undefined Weak Reference
    _get_lc_ctype                             - Undefined Weak Reference
    _get_lc_monetary                          - Undefined Weak Reference
    _get_lc_numeric                           - Undefined Weak Reference
    _get_lc_time                              - Undefined Weak Reference
    _getenv_init                              - Undefined Weak Reference
    _handle_redirection                       - Undefined Weak Reference
    _init_alloc                               - Undefined Weak Reference
    _init_user_alloc                          - Undefined Weak Reference
    _initio                                   - Undefined Weak Reference
    _rand_init                                - Undefined Weak Reference
    _signal_finish                            - Undefined Weak Reference
    _signal_init                              - Undefined Weak Reference
    _terminate_alloc                          - Undefined Weak Reference
    _terminate_user_alloc                     - Undefined Weak Reference
    _terminateio                              - Undefined Weak Reference
    __Vectors                                0x08000000   Data           0  stm32f10x_startup.o(RESET)
    Reset_Handler                            0x08000101   Thumb Code     0  stm32f10x_startup.o(RESET)
    __main                                   0x08000119   Thumb Code     8  __main.o(!!!main)
    __scatterload                            0x08000121   Thumb Code     0  __scatter.o(!!!scatter)
    __scatterload_rt2                        0x08000121   Thumb Code    44  __scatter.o(!!!scatter)
    __scatterload_rt2_thumb_only             0x08000121   Thumb Code     0  __scatter.o(!!!scatter)
    __scatterload_null                       0x0800012f   Thumb Code     0  __scatter.o(!!!scatter)
    __scatterload_copy                       0x08000155   Thumb Code    26  __scatter_copy.o(!!handler_copy)
    __scatterload_zeroinit                   0x08000171   Thumb Code    28  __scatter_zi.o(!!handler_zi)
    __rt_lib_init                            0x0800018d   Thumb Code     0  libinit.o(.ARM.Collect$$libinit$$00000000)
    __rt_lib_init_alloca_1                   0x0800018f   Thumb Code     0  libinit2.o(.ARM.Collect$$libinit$$0000002E)
    __rt_lib_init_argv_1                     0x0800018f   Thumb Code     0  libinit2.o(.ARM.Collect$$libinit$$0000002C)
    __rt_lib_init_atexit_1                   0x0800018f   Thumb Code     0  libinit2.o(.ARM.Collect$$libinit$$0000001B)
    __rt_lib_init_clock_1                    0x0800018f   Thumb Code     0  libinit2.o(.ARM.Collect$$libinit$$00000021)
    __rt_lib_init_cpp_1                      0x0800018f   Thumb Code     0  libinit2.o(.ARM.Collect$$libinit$$00000032)
    __rt_lib_init_exceptions_1               0x0800018f   Thumb Code     0  libinit2.o(.ARM.Collect$$libinit$$00000030)
    __rt_lib_init_fp_1                       0x0800018f   Thumb Code     0  libinit2.o(.ARM.Collect$$libinit$$00000002)
    __rt_lib_init_fp_trap_1                  0x0800018f   Thumb Code     0  libinit2.o(.ARM.Collect$$libinit$$0000001F)
    __rt_lib_init_getenv_1                   0x0800018f   Thumb Code     0  libinit2.o(.ARM.Collect$$libinit$$00000023)
    __rt_lib_init_heap_1                     0x0800018f   Thumb Code     0  libinit2.o(.ARM.Collect$$libinit$$0000000A)
    __rt_lib_init_lc_collate_1               0x0800018f   Thumb Code     0  libinit2.o(.ARM.Collect$$libinit$$00000011)
    __rt_lib_init_lc_ctype_1                 0x0800018f   Thumb Code     0  libinit2.o(.ARM.Collect$$libinit$$00000013)
    __rt_lib_init_lc_monetary_1              0x0800018f   Thumb Code     0  libinit2.o(.ARM.Collect$$libinit$$00000015)
    __rt_lib_init_lc_numeric_1               0x0800018f   Thumb Code     0  libinit2.o(.ARM.Collect$$libinit$$00000017)
    __rt_lib_init_lc_time_1                  0x0800018f   Thumb Code     0  libinit2.o(.ARM.Collect$$libinit$$00000019)
    __rt_lib_init_preinit_1                  0x0800018f   Thumb Code     0  libinit2.o(.ARM.Collect$$libinit$$00000004)
    __rt_lib_init_rand_1                     0x0800018f   Thumb Code     0  libinit2.o(.ARM.Collect$$libinit$$0000000E)
    __rt_lib_init_return                     0x0800018f   Thumb Code     0  libinit2.o(.ARM.Collect$$libinit$$00000033)
    __rt_lib_init_signal_1                   0x0800018f   Thumb Code     0  libinit2.o(.ARM.Collect$$libinit$$0000001D)
    __rt_lib_init_stdio_1                    0x0800018f   Thumb Code     0  libinit2.o(.ARM.Collect$$libinit$$00000025)
    __rt_lib_init_user_alloc_1               0x0800018f   Thumb Code     0  libinit2.o(.ARM.Collect$$libinit$$0000000C)
    __rt_lib_shutdown                        0x08000191   Thumb Code     0  libshutdown.o(.ARM.Collect$$libshutdown$$00000000)
    __rt_lib_shutdown_fp_trap_1              0x08000193   Thumb Code     0  libshutdown2.o(.ARM.Collect$$libshutdown$$00000006)
    __rt_lib_shutdown_heap_1                 0x08000193   Thumb Code     0  libshutdown2.o(.ARM.Collect$$libshutdown$$0000000E)
    __rt_lib_shutdown_return                 0x08000193   Thumb Code     0  libshutdown2.o(.ARM.Collect$$libshutdown$$0000000F)
    __rt_lib_shutdown_signal_1               0x08000193   Thumb Code     0  libshutdown2.o(.ARM.Collect$$libshutdown$$00000009)
    __rt_lib_shutdown_stdio_1                0x08000193   Thumb Code     0  libshutdown2.o(.ARM.Collect$$libshutdown$$00000003)
    __rt_lib_shutdown_user_alloc_1           0x08000193   Thumb Code     0  libshutdown2.o(.ARM.Collect$$libshutdown$$0000000B)
    __rt_entry                               0x08000195   Thumb Code     0  __rtentry.o(.ARM.Collect$$rtentry$$00000000)
    __rt_entry_presh_1                       0x08000195   Thumb Code     0  __rtentry2.o(.ARM.Collect$$rtentry$$00000002)
    __rt_entry_sh                            0x08000195   Thumb Code     0  __rtentry4.o(.ARM.Collect$$rtentry$$00000004)
    __rt_entry_li                            0x0800019b   Thumb Code     0  __rtentry2.o(.ARM.Collect$$rtentry$$0000000A)
    __rt_entry_postsh_1                      0x0800019b   Thumb Code     0  __rtentry2.o(.ARM.Collect$$rtentry$$00000009)
    __rt_entry_main                          0x0800019f   Thumb Code     0  __rtentry2.o(.ARM.Collect$$rtentry$$0000000D)
    __rt_entry_postli_1                      0x0800019f   Thumb Code     0  __rtentry2.o(.ARM.Collect$$rtentry$$0000000C)
    __rt_exit                                0x080001a7   Thumb Code     0  rtexit.o(.ARM.Collect$$rtexit$$00000000)
    __rt_exit_ls                             0x080001a9   Thumb Code     0  rtexit2.o(.ARM.Collect$$rtexit$$00000003)
    __rt_exit_prels_1                        0x080001a9   Thumb Code     0  rtexit2.o(.ARM.Collect$$rtexit$$00000002)
    __rt_exit_exit                           0x080001ad   Thumb Code     0  rtexit2.o(.ARM.Collect$$rtexit$$00000004)
    __user_initial_stackheap                 0x080001b5   Thumb Code     0  stm32f10x_startup.o(.text)
    OS_CPU_SR_Save                           0x080001d1   Thumb Code     0  os_cpu_a.o(.text)
    OS_CPU_SR_Restore                        0x080001d9   Thumb Code     0  os_cpu_a.o(.text)
    OSStartHighRdy                           0x080001df   Thumb Code     0  os_cpu_a.o(.text)
    OSCtxSw                                  0x080001ff   Thumb Code     0  os_cpu_a.o(.text)
    OSIntCtxSw                               0x08000209   Thumb Code     0  os_cpu_a.o(.text)
    OSPendSV                                 0x08000213   Thumb Code     0  os_cpu_a.o(.text)
    CPU_IntDis                               0x08000279   Thumb Code     0  cpu_a.o(.text)
    CPU_IntEn                                0x0800027d   Thumb Code     0  cpu_a.o(.text)
    CPU_SR_Save                              0x08000281   Thumb Code     0  cpu_a.o(.text)
    CPU_SR_Restore                           0x08000289   Thumb Code     0  cpu_a.o(.text)
    __use_two_region_memory                  0x0800028f   Thumb Code     2  heapauxi.o(.text)
    __rt_heap_escrow$2region                 0x08000291   Thumb Code     2  heapauxi.o(.text)
    __rt_heap_expand$2region                 0x08000293   Thumb Code     2  heapauxi.o(.text)
    __user_setup_stackheap                   0x08000295   Thumb Code    74  sys_stackheap_outer.o(.text)
    exit                                     0x080002df   Thumb Code    12  exit.o(.text)
    __user_libspace                          0x080002ed   Thumb Code     8  libspace.o(.text)
    __user_perproc_libspace                  0x080002ed   Thumb Code     0  libspace.o(.text)
    __user_perthread_libspace                0x080002ed   Thumb Code     0  libspace.o(.text)
    _sys_exit                                0x080002f5   Thumb Code     8  sys_exit.o(.text)
    __I$use$semihosting                      0x08000301   Thumb Code     0  use_no_semi.o(.text)
    __use_no_semihosting_swi                 0x08000301   Thumb Code     2  use_no_semi.o(.text)
    ADC_IRQHandler                           0x08000303   Thumb Code     2  stm32f10x_it.o(i.ADC_IRQHandler)
    __semihosting_library_function           0x08000303   Thumb Code     0  indicate_semi.o(.text)
    App_TCBInitHook                          0x08000305   Thumb Code     2  app.o(i.App_TCBInitHook)
    App_TaskCreateHook                       0x08000361   Thumb Code     2  app.o(i.App_TaskCreateHook)
    App_TaskIdleHook                         0x08000363   Thumb Code     2  app.o(i.App_TaskIdleHook)
    App_TaskStatHook                         0x0800037f   Thumb Code     2  app.o(i.App_TaskStatHook)
    App_TaskSwHook                           0x08000381   Thumb Code     2  app.o(i.App_TaskSwHook)
    BSP_Init                                 0x08000383   Thumb Code     4  bsp.o(i.BSP_Init)
    CAN_RX1_IRQHandler                       0x08000387   Thumb Code     2  stm32f10x_it.o(i.CAN_RX1_IRQHandler)
    CAN_SCE_IRQHandler                       0x08000389   Thumb Code     2  stm32f10x_it.o(i.CAN_SCE_IRQHandler)
    DMAChannel1_IRQHandler                   0x0800038b   Thumb Code     2  stm32f10x_it.o(i.DMAChannel1_IRQHandler)
    DMAChannel2_IRQHandler                   0x0800038d   Thumb Code     2  stm32f10x_it.o(i.DMAChannel2_IRQHandler)
    DMAChannel3_IRQHandler                   0x0800038f   Thumb Code     2  stm32f10x_it.o(i.DMAChannel3_IRQHandler)
    DMAChannel4_IRQHandler                   0x08000391   Thumb Code     2  stm32f10x_it.o(i.DMAChannel4_IRQHandler)
    DMAChannel5_IRQHandler                   0x08000393   Thumb Code     2  stm32f10x_it.o(i.DMAChannel5_IRQHandler)
    DMAChannel6_IRQHandler                   0x08000395   Thumb Code     2  stm32f10x_it.o(i.DMAChannel6_IRQHandler)
    DMAChannel7_IRQHandler                   0x08000397   Thumb Code     2  stm32f10x_it.o(i.DMAChannel7_IRQHandler)
    EXTI0_IRQHandler                         0x08000399   Thumb Code     2  stm32f10x_it.o(i.EXTI0_IRQHandler)
    EXTI15_10_IRQHandler                     0x0800039b   Thumb Code     2  stm32f10x_it.o(i.EXTI15_10_IRQHandler)
    EXTI1_IRQHandler                         0x0800039d   Thumb Code     2  stm32f10x_it.o(i.EXTI1_IRQHandler)
    EXTI2_IRQHandler                         0x0800039f   Thumb Code     2  stm32f10x_it.o(i.EXTI2_IRQHandler)
    EXTI3_IRQHandler                         0x080003a1   Thumb Code     2  stm32f10x_it.o(i.EXTI3_IRQHandler)
    EXTI4_IRQHandler                         0x080003a3   Thumb Code     2  stm32f10x_it.o(i.EXTI4_IRQHandler)
    EXTI9_5_IRQHandler                       0x080003a5   Thumb Code     2  stm32f10x_it.o(i.EXTI9_5_IRQHandler)
    FLASH_IRQHandler                         0x080003a7   Thumb Code     2  stm32f10x_it.o(i.FLASH_IRQHandler)
    GPIO_Configuration                       0x080003a9   Thumb Code    52  bsp.o(i.GPIO_Configuration)
    GPIO_Init                                0x080003e5   Thumb Code   166  stm32f10x_gpio.o(i.GPIO_Init)
    GPIO_ResetBits                           0x0800048b   Thumb Code     4  stm32f10x_gpio.o(i.GPIO_ResetBits)
    GPIO_SetBits                             0x0800048f   Thumb Code     4  stm32f10x_gpio.o(i.GPIO_SetBits)
    I2C1_ER_IRQHandler                       0x08000493   Thumb Code     2  stm32f10x_it.o(i.I2C1_ER_IRQHandler)
    I2C1_EV_IRQHandler                       0x08000495   Thumb Code     2  stm32f10x_it.o(i.I2C1_EV_IRQHandler)
    I2C2_ER_IRQHandler                       0x08000497   Thumb Code     2  stm32f10x_it.o(i.I2C2_ER_IRQHandler)
    I2C2_EV_IRQHandler                       0x08000499   Thumb Code     2  stm32f10x_it.o(i.I2C2_EV_IRQHandler)
    OSInit                                   0x0800049b   Thumb Code    42  os_core.o(i.OSInit)
    OSInitHookBegin                          0x080004c5   Thumb Code     2  os_cpu_c.o(i.OSInitHookBegin)
    OSInitHookEnd                            0x080004c7   Thumb Code     2  os_cpu_c.o(i.OSInitHookEnd)
    OSIntExit                                0x080004c9   Thumb Code    80  os_core.o(i.OSIntExit)
    OSStart                                  0x08000521   Thumb Code    38  os_core.o(i.OSStart)
    OSStatInit                               0x08000551   Thumb Code    48  os_core.o(i.OSStatInit)
    OSTCBInitHook                            0x08000585   Thumb Code     4  os_cpu_c.o(i.OSTCBInitHook)
    OSTaskCreate                             0x08000589   Thumb Code   124  os_task.o(i.OSTaskCreate)
    OSTaskCreateExt                          0x08000611   Thumb Code   144  os_task.o(i.OSTaskCreateExt)
    OSTaskCreateHook                         0x080006ad   Thumb Code     4  os_cpu_c.o(i.OSTaskCreateHook)
    OSTaskIdleHook                           0x080006b1   Thumb Code     4  os_cpu_c.o(i.OSTaskIdleHook)
    OSTaskNameSet                            0x080006b5   Thumb Code   128  os_task.o(i.OSTaskNameSet)
    OSTaskStatHook                           0x08000741   Thumb Code     4  os_cpu_c.o(i.OSTaskStatHook)
    OSTaskStkChk                             0x08000745   Thumb Code   108  os_task.o(i.OSTaskStkChk)
    OSTaskStkInit                            0x080007b9   Thumb Code    90  os_cpu_c.o(i.OSTaskStkInit)
    OSTaskSwHook                             0x08000813   Thumb Code     4  os_cpu_c.o(i.OSTaskSwHook)
    OSTimeDly                                0x08000819   Thumb Code    70  os_time.o(i.OSTimeDly)
    OSTimeDlyHMSM                            0x08000871   Thumb Code    94  os_time.o(i.OSTimeDlyHMSM)
    OSTimeSet                                0x080008d5   Thumb Code    20  os_time.o(i.OSTimeSet)
    OSTimeTick                               0x080008ed   Thumb Code   174  os_core.o(i.OSTimeTick)
    OSTimeTickHook                           0x080009a1   Thumb Code     2  os_cpu_c.o(i.OSTimeTickHook)
    OS_CPU_SysTickInit                       0x080009a5   Thumb Code    54  bsp.o(i.OS_CPU_SysTickInit)
    OS_FlagInit                              0x080009e1   Thumb Code    58  os_flag.o(i.OS_FlagInit)
    OS_MemClr                                0x08000ba5   Thumb Code    18  os_core.o(i.OS_MemClr)
    OS_Sched                                 0x08000bb9   Thumb Code    64  os_core.o(i.OS_Sched)
    OS_StrCopy                               0x08000c21   Thumb Code    28  os_core.o(i.OS_StrCopy)
    OS_StrLen                                0x08000c3d   Thumb Code    20  os_core.o(i.OS_StrLen)
    OS_TCBInit                               0x08000c51   Thumb Code   214  os_core.o(i.OS_TCBInit)
    OS_TaskIdle                              0x08000d31   Thumb Code    22  os_core.o(i.OS_TaskIdle)
    OS_TaskStat                              0x08000d4d   Thumb Code    92  os_core.o(i.OS_TaskStat)
    OS_TaskStatStkChk                        0x08000dad   Thumb Code    50  os_core.o(i.OS_TaskStatStkChk)
    OS_TaskStkClr                            0x08000de5   Thumb Code    22  os_task.o(i.OS_TaskStkClr)
    PVD_IRQHandler                           0x08000dfb   Thumb Code     2  stm32f10x_it.o(i.PVD_IRQHandler)
    RCC_APB2PeriphClockCmd                   0x08000dfd   Thumb Code    22  stm32f10x_rcc.o(i.RCC_APB2PeriphClockCmd)
    RCC_GetClocksFreq                        0x08000e19   Thumb Code   154  stm32f10x_rcc.o(i.RCC_GetClocksFreq)
    RCC_IRQHandler                           0x08000ec5   Thumb Code     2  stm32f10x_it.o(i.RCC_IRQHandler)
    RTCAlarm_IRQHandler                      0x08000ec7   Thumb Code     2  stm32f10x_it.o(i.RTCAlarm_IRQHandler)
    RTC_IRQHandler                           0x08000ec9   Thumb Code     2  stm32f10x_it.o(i.RTC_IRQHandler)
    SPI1_IRQHandler                          0x08000ecb   Thumb Code     2  stm32f10x_it.o(i.SPI1_IRQHandler)
    SPI2_IRQHandler                          0x08000ecd   Thumb Code     2  stm32f10x_it.o(i.SPI2_IRQHandler)
    SysTickHandler                           0x08000f85   Thumb Code    30  stm32f10x_it.o(i.SysTickHandler)
    SystemInit                               0x08000fa9   Thumb Code    52  system_stm32f10x.o(i.SystemInit)
    TAMPER_IRQHandler                        0x08000fe9   Thumb Code     2  stm32f10x_it.o(i.TAMPER_IRQHandler)
    TIM1_BRK_IRQHandler                      0x08000feb   Thumb Code     2  stm32f10x_it.o(i.TIM1_BRK_IRQHandler)
    TIM1_CC_IRQHandler                       0x08000fed   Thumb Code     2  stm32f10x_it.o(i.TIM1_CC_IRQHandler)
    TIM1_TRG_COM_IRQHandler                  0x08000fef   Thumb Code     2  stm32f10x_it.o(i.TIM1_TRG_COM_IRQHandler)
    TIM1_UP_IRQHandler                       0x08000ff1   Thumb Code     2  stm32f10x_it.o(i.TIM1_UP_IRQHandler)
    TIM2_IRQHandler                          0x08000ff3   Thumb Code     2  stm32f10x_it.o(i.TIM2_IRQHandler)
    TIM3_IRQHandler                          0x08000ff5   Thumb Code     2  stm32f10x_it.o(i.TIM3_IRQHandler)
    TIM4_IRQHandler                          0x08000ff7   Thumb Code     2  stm32f10x_it.o(i.TIM4_IRQHandler)
    USART1_IRQHandler                        0x08001071   Thumb Code     2  stm32f10x_it.o(i.USART1_IRQHandler)
    USART2_IRQHandler                        0x08001073   Thumb Code     2  stm32f10x_it.o(i.USART2_IRQHandler)
    USART3_IRQHandler                        0x08001075   Thumb Code     2  stm32f10x_it.o(i.USART3_IRQHandler)
    USBWakeUp_IRQHandler                     0x08001077   Thumb Code     2  stm32f10x_it.o(i.USBWakeUp_IRQHandler)
    USB_HP_CAN_TX_IRQHandler                 0x08001079   Thumb Code     2  stm32f10x_it.o(i.USB_HP_CAN_TX_IRQHandler)
    USB_LP_CAN_RX0_IRQHandler                0x0800107b   Thumb Code     2  stm32f10x_it.o(i.USB_LP_CAN_RX0_IRQHandler)
    WWDG_IRQHandler                          0x0800107d   Thumb Code     2  stm32f10x_it.o(i.WWDG_IRQHandler)
    main                                     0x08001081   Thumb Code    54  app.o(i.main)
    OSUnMapTbl                               0x080010c4   Data         256  os_core.o(.constdata)
    Region$$Table$$Base                      0x080011c4   Number         0  anon$$obj.o(Region$$Table)
    Region$$Table$$Limit                     0x080011e4   Number         0  anon$$obj.o(Region$$Table)
    milsec1                                  0x20000000   Data           4  app.o(.data)
    milsec2                                  0x20000004   Data           4  app.o(.data)
    OSCPUUsage                               0x2000001c   Data           1  os_core.o(.data)
    OSStatRdy                                0x2000001d   Data           1  os_core.o(.data)
    OSIntNesting                             0x2000001e   Data           1  os_core.o(.data)
    OSLockNesting                            0x2000001f   Data           1  os_core.o(.data)
    OSPrioCur                                0x20000020   Data           1  os_core.o(.data)
    OSPrioHighRdy                            0x20000021   Data           1  os_core.o(.data)
    OSRdyGrp                                 0x20000022   Data           1  os_core.o(.data)
    OSRunning                                0x20000023   Data           1  os_core.o(.data)
    OSTaskCtr                                0x20000024   Data           1  os_core.o(.data)
    OSTickStepState                          0x20000025   Data           1  os_core.o(.data)
    OSCtxSwCtr                               0x20000028   Data           4  os_core.o(.data)
    OSEventFreeList                          0x2000002c   Data           4  os_core.o(.data)
    OSIdleCtrMax                             0x20000030   Data           4  os_core.o(.data)
    OSIdleCtrRun                             0x20000034   Data           4  os_core.o(.data)
    OSRdyTbl                                 0x20000038   Data           4  os_core.o(.data)
    OSIdleCtr                                0x2000003c   Data           4  os_core.o(.data)
    OSTCBCur                                 0x20000040   Data           4  os_core.o(.data)
    OSTCBFreeList                            0x20000044   Data           4  os_core.o(.data)
    OSTCBHighRdy                             0x20000048   Data           4  os_core.o(.data)
    OSTCBList                                0x2000004c   Data           4  os_core.o(.data)
    OSTime                                   0x20000050   Data           4  os_core.o(.data)
    OSFlagFreeList                           0x20000054   Data           4  os_core.o(.data)
    OSEventTbl                               0x20000658   Data         320  os_core.o(.bss)
    OSTaskStatStk                            0x20000798   Data         512  os_core.o(.bss)
    OSTaskIdleStk                            0x20000998   Data         512  os_core.o(.bss)
    OSTCBPrioTbl                             0x20000b98   Data         128  os_core.o(.bss)
    OSTCBTbl                                 0x20000c18   Data        1056  os_core.o(.bss)
    OSFlagTbl                                0x20001038   Data         140  os_core.o(.bss)
    __libspace_start                         0x200010c4   Data          96  libspace.o(.bss)
    __temporary_stack_top$libspace           0x20001124   Data           0  libspace.o(.bss)



==============================================================================

Memory Map of the image

  Image Entry point : 0x08000119

  Load Region LR_IROM1 (Base: 0x08000000, Size: 0x0000123c, Max: 0x00080000, ABSOLUTE)

    Execution Region ER_IROM1 (Base: 0x08000000, Size: 0x000011e4, Max: 0x00080000, ABSOLUTE)

    Base Addr    Size         Type   Attr      Idx    E Section Name        Object

    0x08000000   0x00000118   Code   RO            3    RESET               stm32f10x_startup.o
    0x08000118   0x00000008   Code   RO         1954  * !!!main             c_w.l(__main.o)
    0x08000120   0x00000034   Code   RO         2110    !!!scatter          c_w.l(__scatter.o)
    0x08000154   0x0000001a   Code   RO         2112    !!handler_copy      c_w.l(__scatter_copy.o)
    0x0800016e   0x00000002   PAD
    0x08000170   0x0000001c   Code   RO         2114    !!handler_zi        c_w.l(__scatter_zi.o)
    0x0800018c   0x00000002   Code   RO         1981    .ARM.Collect$$libinit$$00000000  c_w.l(libinit.o)
    0x0800018e   0x00000000   Code   RO         1988    .ARM.Collect$$libinit$$00000002  c_w.l(libinit2.o)
    0x0800018e   0x00000000   Code   RO         1990    .ARM.Collect$$libinit$$00000004  c_w.l(libinit2.o)
    0x0800018e   0x00000000   Code   RO         1993    .ARM.Collect$$libinit$$0000000A  c_w.l(libinit2.o)
    0x0800018e   0x00000000   Code   RO         1995    .ARM.Collect$$libinit$$0000000C  c_w.l(libinit2.o)
    0x0800018e   0x00000000   Code   RO         1997    .ARM.Collect$$libinit$$0000000E  c_w.l(libinit2.o)
    0x0800018e   0x00000000   Code   RO         2000    .ARM.Collect$$libinit$$00000011  c_w.l(libinit2.o)
    0x0800018e   0x00000000   Code   RO         2002    .ARM.Collect$$libinit$$00000013  c_w.l(libinit2.o)
    0x0800018e   0x00000000   Code   RO         2004    .ARM.Collect$$libinit$$00000015  c_w.l(libinit2.o)
    0x0800018e   0x00000000   Code   RO         2006    .ARM.Collect$$libinit$$00000017  c_w.l(libinit2.o)
    0x0800018e   0x00000000   Code   RO         2008    .ARM.Collect$$libinit$$00000019  c_w.l(libinit2.o)
    0x0800018e   0x00000000   Code   RO         2010    .ARM.Collect$$libinit$$0000001B  c_w.l(libinit2.o)
    0x0800018e   0x00000000   Code   RO         2012    .ARM.Collect$$libinit$$0000001D  c_w.l(libinit2.o)
    0x0800018e   0x00000000   Code   RO         2014    .ARM.Collect$$libinit$$0000001F  c_w.l(libinit2.o)
    0x0800018e   0x00000000   Code   RO         2016    .ARM.Collect$$libinit$$00000021  c_w.l(libinit2.o)
    0x0800018e   0x00000000   Code   RO         2018    .ARM.Collect$$libinit$$00000023  c_w.l(libinit2.o)
    0x0800018e   0x00000000   Code   RO         2020    .ARM.Collect$$libinit$$00000025  c_w.l(libinit2.o)
    0x0800018e   0x00000000   Code   RO         2024    .ARM.Collect$$libinit$$0000002C  c_w.l(libinit2.o)
    0x0800018e   0x00000000   Code   RO         2026    .ARM.Collect$$libinit$$0000002E  c_w.l(libinit2.o)
    0x0800018e   0x00000000   Code   RO         2028    .ARM.Collect$$libinit$$00000030  c_w.l(libinit2.o)
    0x0800018e   0x00000000   Code   RO         2030    .ARM.Collect$$libinit$$00000032  c_w.l(libinit2.o)
    0x0800018e   0x00000002   Code   RO         2031    .ARM.Collect$$libinit$$00000033  c_w.l(libinit2.o)
    0x08000190   0x00000002   Code   RO         2051    .ARM.Collect$$libshutdown$$00000000  c_w.l(libshutdown.o)
    0x08000192   0x00000000   Code   RO         2065    .ARM.Collect$$libshutdown$$00000003  c_w.l(libshutdown2.o)
    0x08000192   0x00000000   Code   RO         2068    .ARM.Collect$$libshutdown$$00000006  c_w.l(libshutdown2.o)
    0x08000192   0x00000000   Code   RO         2071    .ARM.Collect$$libshutdown$$00000009  c_w.l(libshutdown2.o)
    0x08000192   0x00000000   Code   RO         2073    .ARM.Collect$$libshutdown$$0000000B  c_w.l(libshutdown2.o)
    0x08000192   0x00000000   Code   RO         2076    .ARM.Collect$$libshutdown$$0000000E  c_w.l(libshutdown2.o)
    0x08000192   0x00000002   Code   RO         2077    .ARM.Collect$$libshutdown$$0000000F  c_w.l(libshutdown2.o)
    0x08000194   0x00000000   Code   RO         1956    .ARM.Collect$$rtentry$$00000000  c_w.l(__rtentry.o)
    0x08000194   0x00000000   Code   RO         1958    .ARM.Collect$$rtentry$$00000002  c_w.l(__rtentry2.o)
    0x08000194   0x00000006   Code   RO         1970    .ARM.Collect$$rtentry$$00000004  c_w.l(__rtentry4.o)
    0x0800019a   0x00000000   Code   RO         1960    .ARM.Collect$$rtentry$$00000009  c_w.l(__rtentry2.o)
    0x0800019a   0x00000004   Code   RO         1961    .ARM.Collect$$rtentry$$0000000A  c_w.l(__rtentry2.o)
    0x0800019e   0x00000000   Code   RO         1963    .ARM.Collect$$rtentry$$0000000C  c_w.l(__rtentry2.o)
    0x0800019e   0x00000008   Code   RO         1964    .ARM.Collect$$rtentry$$0000000D  c_w.l(__rtentry2.o)
    0x080001a6   0x00000002   Code   RO         1985    .ARM.Collect$$rtexit$$00000000  c_w.l(rtexit.o)
    0x080001a8   0x00000000   Code   RO         2033    .ARM.Collect$$rtexit$$00000002  c_w.l(rtexit2.o)
    0x080001a8   0x00000004   Code   RO         2034    .ARM.Collect$$rtexit$$00000003  c_w.l(rtexit2.o)
    0x080001ac   0x00000006   Code   RO         2035    .ARM.Collect$$rtexit$$00000004  c_w.l(rtexit2.o)
    0x080001b2   0x00000002   PAD
    0x080001b4   0x0000001c   Code   RO            4    .text               stm32f10x_startup.o
    0x080001d0   0x000000a8   Code   RO         1356    .text               os_cpu_a.o
    0x08000278   0x00000016   Code   RO         1359    .text               cpu_a.o
    0x0800028e   0x00000006   Code   RO         1952    .text               c_w.l(heapauxi.o)
    0x08000294   0x0000004a   Code   RO         1972    .text               c_w.l(sys_stackheap_outer.o)
    0x080002de   0x0000000c   Code   RO         1974    .text               c_w.l(exit.o)
    0x080002ea   0x00000002   PAD
    0x080002ec   0x00000008   Code   RO         1982    .text               c_w.l(libspace.o)
    0x080002f4   0x0000000c   Code   RO         2043    .text               c_w.l(sys_exit.o)
    0x08000300   0x00000002   Code   RO         2054    .text               c_w.l(use_no_semi.o)
    0x08000302   0x00000000   Code   RO         2056    .text               c_w.l(indicate_semi.o)
    0x08000302   0x00000002   Code   RO          225    i.ADC_IRQHandler    stm32f10x_it.o
    0x08000304   0x00000002   Code   RO           11    i.App_TCBInitHook   app.o
    0x08000306   0x00000002   PAD
    0x08000308   0x00000058   Code   RO           12    i.App_TaskCreate    app.o
    0x08000360   0x00000002   Code   RO           13    i.App_TaskCreateHook  app.o
    0x08000362   0x00000002   Code   RO           15    i.App_TaskIdleHook  app.o
    0x08000364   0x0000001a   Code   RO           16    i.App_TaskStart     app.o
    0x0800037e   0x00000002   Code   RO           17    i.App_TaskStatHook  app.o
    0x08000380   0x00000002   Code   RO           18    i.App_TaskSwHook    app.o
    0x08000382   0x00000004   Code   RO          648    i.BSP_Init          bsp.o
    0x08000386   0x00000002   Code   RO          227    i.CAN_RX1_IRQHandler  stm32f10x_it.o
    0x08000388   0x00000002   Code   RO          228    i.CAN_SCE_IRQHandler  stm32f10x_it.o
    0x0800038a   0x00000002   Code   RO          233    i.DMAChannel1_IRQHandler  stm32f10x_it.o
    0x0800038c   0x00000002   Code   RO          234    i.DMAChannel2_IRQHandler  stm32f10x_it.o
    0x0800038e   0x00000002   Code   RO          235    i.DMAChannel3_IRQHandler  stm32f10x_it.o
    0x08000390   0x00000002   Code   RO          236    i.DMAChannel4_IRQHandler  stm32f10x_it.o
    0x08000392   0x00000002   Code   RO          237    i.DMAChannel5_IRQHandler  stm32f10x_it.o
    0x08000394   0x00000002   Code   RO          238    i.DMAChannel6_IRQHandler  stm32f10x_it.o
    0x08000396   0x00000002   Code   RO          239    i.DMAChannel7_IRQHandler  stm32f10x_it.o
    0x08000398   0x00000002   Code   RO          241    i.EXTI0_IRQHandler  stm32f10x_it.o
    0x0800039a   0x00000002   Code   RO          242    i.EXTI15_10_IRQHandler  stm32f10x_it.o
    0x0800039c   0x00000002   Code   RO          243    i.EXTI1_IRQHandler  stm32f10x_it.o
    0x0800039e   0x00000002   Code   RO          244    i.EXTI2_IRQHandler  stm32f10x_it.o
    0x080003a0   0x00000002   Code   RO          245    i.EXTI3_IRQHandler  stm32f10x_it.o
    0x080003a2   0x00000002   Code   RO          246    i.EXTI4_IRQHandler  stm32f10x_it.o
    0x080003a4   0x00000002   Code   RO          247    i.EXTI9_5_IRQHandler  stm32f10x_it.o
    0x080003a6   0x00000002   Code   RO          248    i.FLASH_IRQHandler  stm32f10x_it.o
    0x080003a8   0x0000003c   Code   RO          649    i.GPIO_Configuration  bsp.o
    0x080003e4   0x000000a6   Code   RO          761    i.GPIO_Init         stm32f10x_gpio.o
    0x0800048a   0x00000004   Code   RO          768    i.GPIO_ResetBits    stm32f10x_gpio.o
    0x0800048e   0x00000004   Code   RO          769    i.GPIO_SetBits      stm32f10x_gpio.o
    0x08000492   0x00000002   Code   RO          251    i.I2C1_ER_IRQHandler  stm32f10x_it.o
    0x08000494   0x00000002   Code   RO          252    i.I2C1_EV_IRQHandler  stm32f10x_it.o
    0x08000496   0x00000002   Code   RO          253    i.I2C2_ER_IRQHandler  stm32f10x_it.o
    0x08000498   0x00000002   Code   RO          254    i.I2C2_EV_IRQHandler  stm32f10x_it.o
    0x0800049a   0x0000002a   Code   RO         1364    i.OSInit            os_core.o
    0x080004c4   0x00000002   Code   RO         1249    i.OSInitHookBegin   os_cpu_c.o
    0x080004c6   0x00000002   Code   RO         1250    i.OSInitHookEnd     os_cpu_c.o
    0x080004c8   0x00000058   Code   RO         1366    i.OSIntExit         os_core.o
    0x08000520   0x00000030   Code   RO         1369    i.OSStart           os_core.o
    0x08000550   0x00000034   Code   RO         1370    i.OSStatInit        os_core.o
    0x08000584   0x00000004   Code   RO         1251    i.OSTCBInitHook     os_cpu_c.o
    0x08000588   0x00000088   Code   RO         1797    i.OSTaskCreate      os_task.o
    0x08000610   0x0000009c   Code   RO         1798    i.OSTaskCreateExt   os_task.o
    0x080006ac   0x00000004   Code   RO         1252    i.OSTaskCreateHook  os_cpu_c.o
    0x080006b0   0x00000004   Code   RO         1254    i.OSTaskIdleHook    os_cpu_c.o
    0x080006b4   0x0000008c   Code   RO         1802    i.OSTaskNameSet     os_task.o
    0x08000740   0x00000004   Code   RO         1255    i.OSTaskStatHook    os_cpu_c.o
    0x08000744   0x00000074   Code   RO         1805    i.OSTaskStkChk      os_task.o
    0x080007b8   0x0000005a   Code   RO         1256    i.OSTaskStkInit     os_cpu_c.o
    0x08000812   0x00000004   Code   RO         1257    i.OSTaskSwHook      os_cpu_c.o
    0x08000816   0x00000002   PAD
    0x08000818   0x00000058   Code   RO         1874    i.OSTimeDly         os_time.o
    0x08000870   0x00000064   Code   RO         1875    i.OSTimeDlyHMSM     os_time.o
    0x080008d4   0x00000018   Code   RO         1878    i.OSTimeSet         os_time.o
    0x080008ec   0x000000b4   Code   RO         1371    i.OSTimeTick        os_core.o
    0x080009a0   0x00000002   Code   RO         1258    i.OSTimeTickHook    os_cpu_c.o
    0x080009a2   0x00000002   PAD
    0x080009a4   0x0000003c   Code   RO          651    i.OS_CPU_SysTickInit  bsp.o
    0x080009e0   0x00000044   Code   RO         1594    i.OS_FlagInit       os_flag.o
    0x08000a24   0x00000044   Code   RO         1378    i.OS_InitEventList  os_core.o
    0x08000a68   0x00000020   Code   RO         1379    i.OS_InitMisc       os_core.o
    0x08000a88   0x00000028   Code   RO         1380    i.OS_InitRdyList    os_core.o
    0x08000ab0   0x00000054   Code   RO         1381    i.OS_InitTCBList    os_core.o
    0x08000b04   0x00000050   Code   RO         1382    i.OS_InitTaskIdle   os_core.o
    0x08000b54   0x00000050   Code   RO         1383    i.OS_InitTaskStat   os_core.o
    0x08000ba4   0x00000012   Code   RO         1384    i.OS_MemClr         os_core.o
    0x08000bb6   0x00000002   PAD
    0x08000bb8   0x00000048   Code   RO         1386    i.OS_Sched          os_core.o
    0x08000c00   0x00000020   Code   RO         1387    i.OS_SchedNew       os_core.o
    0x08000c20   0x0000001c   Code   RO         1388    i.OS_StrCopy        os_core.o
    0x08000c3c   0x00000014   Code   RO         1389    i.OS_StrLen         os_core.o
    0x08000c50   0x000000e0   Code   RO         1390    i.OS_TCBInit        os_core.o
    0x08000d30   0x0000001c   Code   RO         1391    i.OS_TaskIdle       os_core.o
    0x08000d4c   0x00000060   Code   RO         1392    i.OS_TaskStat       os_core.o
    0x08000dac   0x00000038   Code   RO         1393    i.OS_TaskStatStkChk  os_core.o
    0x08000de4   0x00000016   Code   RO         1807    i.OS_TaskStkClr     os_task.o
    0x08000dfa   0x00000002   Code   RO          257    i.PVD_IRQHandler    stm32f10x_it.o
    0x08000dfc   0x0000001c   Code   RO          873    i.RCC_APB2PeriphClockCmd  stm32f10x_rcc.o
    0x08000e18   0x000000ac   Code   RO          881    i.RCC_GetClocksFreq  stm32f10x_rcc.o
    0x08000ec4   0x00000002   Code   RO          259    i.RCC_IRQHandler    stm32f10x_it.o
    0x08000ec6   0x00000002   Code   RO          260    i.RTCAlarm_IRQHandler  stm32f10x_it.o
    0x08000ec8   0x00000002   Code   RO          261    i.RTC_IRQHandler    stm32f10x_it.o
    0x08000eca   0x00000002   Code   RO          263    i.SPI1_IRQHandler   stm32f10x_it.o
    0x08000ecc   0x00000002   Code   RO          264    i.SPI2_IRQHandler   stm32f10x_it.o
    0x08000ece   0x00000004   Code   RO         1916    i.SetSysClock       system_stm32f10x.o
    0x08000ed2   0x00000002   PAD
    0x08000ed4   0x000000b0   Code   RO         1917    i.SetSysClockTo72   system_stm32f10x.o
    0x08000f84   0x00000024   Code   RO          267    i.SysTickHandler    stm32f10x_it.o
    0x08000fa8   0x00000040   Code   RO         1919    i.SystemInit        system_stm32f10x.o
    0x08000fe8   0x00000002   Code   RO          268    i.TAMPER_IRQHandler  stm32f10x_it.o
    0x08000fea   0x00000002   Code   RO          269    i.TIM1_BRK_IRQHandler  stm32f10x_it.o
    0x08000fec   0x00000002   Code   RO          270    i.TIM1_CC_IRQHandler  stm32f10x_it.o
    0x08000fee   0x00000002   Code   RO          271    i.TIM1_TRG_COM_IRQHandler  stm32f10x_it.o
    0x08000ff0   0x00000002   Code   RO          272    i.TIM1_UP_IRQHandler  stm32f10x_it.o
    0x08000ff2   0x00000002   Code   RO          273    i.TIM2_IRQHandler   stm32f10x_it.o
    0x08000ff4   0x00000002   Code   RO          274    i.TIM3_IRQHandler   stm32f10x_it.o
    0x08000ff6   0x00000002   Code   RO          275    i.TIM4_IRQHandler   stm32f10x_it.o
    0x08000ff8   0x0000003c   Code   RO           19    i.Task_Led1         app.o
    0x08001034   0x0000003c   Code   RO           20    i.Task_Led2         app.o
    0x08001070   0x00000002   Code   RO          285    i.USART1_IRQHandler  stm32f10x_it.o
    0x08001072   0x00000002   Code   RO          286    i.USART2_IRQHandler  stm32f10x_it.o
    0x08001074   0x00000002   Code   RO          287    i.USART3_IRQHandler  stm32f10x_it.o
    0x08001076   0x00000002   Code   RO          288    i.USBWakeUp_IRQHandler  stm32f10x_it.o
    0x08001078   0x00000002   Code   RO          289    i.USB_HP_CAN_TX_IRQHandler  stm32f10x_it.o
    0x0800107a   0x00000002   Code   RO          290    i.USB_LP_CAN_RX0_IRQHandler  stm32f10x_it.o
    0x0800107c   0x00000002   Code   RO          292    i.WWDG_IRQHandler   stm32f10x_it.o
    0x0800107e   0x00000002   PAD
    0x08001080   0x00000044   Code   RO           21    i.main              app.o
    0x080010c4   0x00000100   Data   RO         1396    .constdata          os_core.o
    0x080011c4   0x00000020   Data   RO         2108    Region$$Table       anon$$obj.o


    Execution Region RW_IRAM1 (Base: 0x20000000, Size: 0x00001928, Max: 0x00010000, ABSOLUTE)

    Base Addr    Size         Type   Attr      Idx    E Section Name        Object

    0x20000000   0x00000008   Data   RW           34    .data               app.o
    0x20000008   0x00000014   Data   RW          901    .data               stm32f10x_rcc.o
    0x2000001c   0x00000038   Data   RW         1397    .data               os_core.o
    0x20000054   0x00000004   Data   RW         1398    .data               os_core.o
    0x20000058   0x00000600   Zero   RW           24    .bss                app.o
    0x20000658   0x000009e0   Zero   RW         1394    .bss                os_core.o
    0x20001038   0x0000008c   Zero   RW         1395    .bss                os_core.o
    0x200010c4   0x00000060   Zero   RW         1983    .bss                c_w.l(libspace.o)
    0x20001124   0x00000004   PAD
    0x20001128   0x00000400   Zero   RW            2    HEAP                stm32f10x_startup.o
    0x20001528   0x00000400   Zero   RW            1    STACK               stm32f10x_startup.o


==============================================================================

Image component sizes


      Code (inc. data)   RO Data    RW Data    ZI Data      Debug   Object Name

       312         54          0          8       1536     240466   app.o
       124         14          0          0          0      17432   bsp.o
        22          0          0          0          0        292   cpu_a.o
      1368        158        256         60       2668      21759   os_core.o
       168         40          0          0          0        344   os_cpu_a.o
       116          0          0          0          0      14152   os_cpu_c.o
        68         10          0          0          0       9231   os_flag.o
       570         44          0          0          0       4780   os_task.o
       212         28          0          0          0       2016   os_time.o
       174          0          0          0          0       3048   stm32f10x_gpio.o
       122          6          0          0          0      18922   stm32f10x_it.o
       200         24          0         20          0       3989   stm32f10x_rcc.o
       308        280          0          0       2048        628   stm32f10x_startup.o
       244         22          0          0          0       1817   system_stm32f10x.o

    ----------------------------------------------------------------------
      4020        680        288         88       6252     338876   Object Totals
         0          0         32          0          0          0   (incl. Generated)
        12          0          0          0          0          0   (incl. Padding)

    ----------------------------------------------------------------------

      Code (inc. data)   RO Data    RW Data    ZI Data      Debug   Library Member Name

         8          0          0          0          0         68   __main.o
         0          0          0          0          0          0   __rtentry.o
        12          0          0          0          0          0   __rtentry2.o
         6          0          0          0          0          0   __rtentry4.o
        52          8          0          0          0          0   __scatter.o
        26          0          0          0          0          0   __scatter_copy.o
        28          0          0          0          0          0   __scatter_zi.o
        12          0          0          0          0         72   exit.o
         6          0          0          0          0        152   heapauxi.o
         0          0          0          0          0          0   indicate_semi.o
         2          0          0          0          0          0   libinit.o
         2          0          0          0          0          0   libinit2.o
         2          0          0          0          0          0   libshutdown.o
         2          0          0          0          0          0   libshutdown2.o
         8          4          0          0         96         68   libspace.o
         2          0          0          0          0          0   rtexit.o
        10          0          0          0          0          0   rtexit2.o
        12          4          0          0          0         68   sys_exit.o
        74          0          0          0          0         80   sys_stackheap_outer.o
         2          0          0          0          0         68   use_no_semi.o

    ----------------------------------------------------------------------
       272         16          0          0        100        576   Library Totals
         6          0          0          0          4          0   (incl. Padding)

    ----------------------------------------------------------------------

      Code (inc. data)   RO Data    RW Data    ZI Data      Debug   Library Name

       266         16          0          0         96        576   c_w.l

    ----------------------------------------------------------------------
       272         16          0          0        100        576   Library Totals

    ----------------------------------------------------------------------

==============================================================================


      Code (inc. data)   RO Data    RW Data    ZI Data      Debug   

      4292        696        288         88       6352     334248   Grand Totals
      4292        696        288         88       6352     334248   ELF Image Totals
      4292        696        288         88          0          0   ROM Totals

==============================================================================

    Total RO  Size (Code + RO Data)                 4580 (   4.47kB)
    Total RW  Size (RW Data + ZI Data)              6440 (   6.29kB)
    Total ROM Size (Code + RO Data + RW Data)       4668 (   4.56kB)

==============================================================================

