Component: ARM Compiler 5.05 update 1 (build 106) Tool: armlink [4d0efa]

==============================================================================

Section Cross References

    main.o(.rev16_text) refers (Special) to use_no_semi.o(.text) for __use_no_semihosting_swi
    main.o(.revsh_text) refers (Special) to use_no_semi.o(.text) for __use_no_semihosting_swi
    main.o(.rrx_text) refers (Special) to use_no_semi.o(.text) for __use_no_semihosting_swi
    main.o(i.App_TCBInitHook) refers (Special) to use_no_semi.o(.text) for __use_no_semihosting_swi
    main.o(i.App_TaskCreate) refers (Special) to use_no_semi.o(.text) for __use_no_semihosting_swi
    main.o(i.App_TaskCreate) refers to os_mbox.o(i.OSMboxCreate) for OSMboxCreate
    main.o(i.App_TaskCreate) refers to os_task.o(i.OSTaskCreateExt) for OSTaskCreateExt
    main.o(i.App_TaskCreate) refers to main.o(.data) for USART1_MBOX
    main.o(i.App_TaskCreate) refers to main.o(.bss) for Task_UsartStk
    main.o(i.App_TaskCreate) refers to main.o(i.Task_Usart) for Task_Usart
    main.o(i.App_TaskCreate) refers to main.o(i.Task_LedLight) for Task_LedLight
    main.o(i.App_TaskCreateHook) refers (Special) to use_no_semi.o(.text) for __use_no_semihosting_swi
    main.o(i.App_TaskDelHook) refers (Special) to use_no_semi.o(.text) for __use_no_semihosting_swi
    main.o(i.App_TaskIdleHook) refers (Special) to use_no_semi.o(.text) for __use_no_semihosting_swi
    main.o(i.App_TaskStart) refers (Special) to use_no_semi.o(.text) for __use_no_semihosting_swi
    main.o(i.App_TaskStart) refers to board.o(i.OS_CPU_SysTickInit) for OS_CPU_SysTickInit
    main.o(i.App_TaskStart) refers to os_core.o(i.OSStatInit) for OSStatInit
    main.o(i.App_TaskStart) refers to main.o(i.App_TaskCreate) for App_TaskCreate
    main.o(i.App_TaskStart) refers to os_time.o(i.OSTimeDlyHMSM) for OSTimeDlyHMSM
    main.o(i.App_TaskStatHook) refers (Special) to use_no_semi.o(.text) for __use_no_semihosting_swi
    main.o(i.App_TaskSwHook) refers (Special) to use_no_semi.o(.text) for __use_no_semihosting_swi
    main.o(i.App_TimeTickHook) refers (Special) to use_no_semi.o(.text) for __use_no_semihosting_swi
    main.o(i.SysTickHandler) refers (Special) to use_no_semi.o(.text) for __use_no_semihosting_swi
    main.o(i.SysTickHandler) refers to os_cpu_a.o(.text) for OS_CPU_SR_Save
    main.o(i.SysTickHandler) refers to os_core.o(i.OSTimeTick) for OSTimeTick
    main.o(i.SysTickHandler) refers to os_core.o(i.OSIntExit) for OSIntExit
    main.o(i.SysTickHandler) refers to os_core.o(.data) for OSIntNesting
    main.o(i.Task_LedLight) refers (Special) to use_no_semi.o(.text) for __use_no_semihosting_swi
    main.o(i.Task_LedLight) refers to stm32f10x_gpio.o(i.GPIO_SetBits) for GPIO_SetBits
    main.o(i.Task_LedLight) refers to os_time.o(i.OSTimeDlyHMSM) for OSTimeDlyHMSM
    main.o(i.Task_LedLight) refers to stm32f10x_gpio.o(i.GPIO_ResetBits) for GPIO_ResetBits
    main.o(i.Task_LedLight) refers to main.o(.data) for milsec
    main.o(i.Task_Usart) refers (Special) to use_no_semi.o(.text) for __use_no_semihosting_swi
    main.o(i.Task_Usart) refers to _printf_percent.o(.ARM.Collect$$_printf_percent$$00000000) for _printf_percent
    main.o(i.Task_Usart) refers to _printf_s.o(.ARM.Collect$$_printf_percent$$00000014) for _printf_s
    main.o(i.Task_Usart) refers to _printf_str.o(.text) for _printf_str
    main.o(i.Task_Usart) refers to os_mbox.o(i.OSMboxPend) for OSMboxPend
    main.o(i.Task_Usart) refers to noretval__2printf.o(.text) for __2printf
    main.o(i.Task_Usart) refers to main.o(.data) for USART1_MBOX
    main.o(i.main) refers (Special) to use_no_semi.o(.text) for __use_no_semihosting_swi
    main.o(i.main) refers to cpu_a.o(.text) for CPU_IntDis
    main.o(i.main) refers to os_core.o(i.OSInit) for OSInit
    main.o(i.main) refers to system_stm32f10x.o(i.SystemInit) for SystemInit
    main.o(i.main) refers to board.o(i.GPIO_Configuration) for GPIO_Configuration
    main.o(i.main) refers to board.o(i.NVIC_Configuration) for NVIC_Configuration
    main.o(i.main) refers to usart.o(i.USARTConfig) for USARTConfig
    main.o(i.main) refers to os_task.o(i.OSTaskCreate) for OSTaskCreate
    main.o(i.main) refers to os_time.o(i.OSTimeSet) for OSTimeSet
    main.o(i.main) refers to os_core.o(i.OSStart) for OSStart
    main.o(i.main) refers to main.o(.data) for milsec
    main.o(i.main) refers to main.o(.bss) for App_TaskStartStk
    main.o(i.main) refers to main.o(i.App_TaskStart) for App_TaskStart
    main.o(.bss) refers (Special) to use_no_semi.o(.text) for __use_no_semihosting_swi
    main.o(.data) refers (Special) to use_no_semi.o(.text) for __use_no_semihosting_swi
    usart.o(.rev16_text) refers (Special) to use_no_semi.o(.text) for __use_no_semihosting_swi
    usart.o(.revsh_text) refers (Special) to use_no_semi.o(.text) for __use_no_semihosting_swi
    usart.o(.rrx_text) refers (Special) to use_no_semi.o(.text) for __use_no_semihosting_swi
[...]
    libinit2.o(.ARM.Collect$$libinit$$00000016) refers to libinit2.o(.ARM.Collect$$libinit$$0000000F) for .ARM.Collect$$libinit$$0000000F
    libinit2.o(.ARM.Collect$$libinit$$00000018) refers to libinit2.o(.ARM.Collect$$libinit$$0000000F) for .ARM.Collect$$libinit$$0000000F
    libinit2.o(.ARM.Collect$$libinit$$00000026) refers to argv_veneer.o(.emb_text) for __ARM_argv_veneer
    libinit2.o(.ARM.Collect$$libinit$$00000027) refers to argv_veneer.o(.emb_text) for __ARM_argv_veneer
    rtexit2.o(.ARM.Collect$$rtexit$$00000003) refers to libshutdown.o(.ARM.Collect$$libshutdown$$00000000) for __rt_lib_shutdown
    rtexit2.o(.ARM.Collect$$rtexit$$00000004) refers to usart.o(i._sys_exit) for _sys_exit
    rtexit2.o(.ARM.exidx) refers to rtexit2.o(.ARM.Collect$$rtexit$$00000001) for .ARM.Collect$$rtexit$$00000001
    rtexit2.o(.ARM.exidx) refers to rtexit2.o(.ARM.Collect$$rtexit$$00000003) for .ARM.Collect$$rtexit$$00000003
    rtexit2.o(.ARM.exidx) refers to rtexit2.o(.ARM.Collect$$rtexit$$00000004) for .ARM.Collect$$rtexit$$00000004
    argv_veneer.o(.emb_text) refers to no_argv.o(.text) for __ARM_get_argv
    _get_argv_nomalloc.o(.text) refers (Special) to hrguard.o(.text) for __heap_region$guard
    _get_argv_nomalloc.o(.text) refers to defsig_rtmem_outer.o(.text) for __rt_SIGRTMEM
    _get_argv_nomalloc.o(.text) refers to sys_command.o(.text) for _sys_command_string
    libshutdown.o(.ARM.Collect$$libshutdown$$00000000) refers (Special) to libshutdown2.o(.ARM.Collect$$libshutdown$$00000006) for __rt_lib_shutdown_fp_trap_1
    libshutdown.o(.ARM.Collect$$libshutdown$$00000000) refers (Special) to libshutdown2.o(.ARM.Collect$$libshutdown$$0000000E) for __rt_lib_shutdown_heap_1
    libshutdown.o(.ARM.Collect$$libshutdown$$00000000) refers (Special) to libshutdown2.o(.ARM.Collect$$libshutdown$$0000000F) for __rt_lib_shutdown_return
    libshutdown.o(.ARM.Collect$$libshutdown$$00000000) refers (Special) to libshutdown2.o(.ARM.Collect$$libshutdown$$00000009) for __rt_lib_shutdown_signal_1
    libshutdown.o(.ARM.Collect$$libshutdown$$00000000) refers (Special) to libshutdown2.o(.ARM.Collect$$libshutdown$$00000003) for __rt_lib_shutdown_stdio_1
    libshutdown.o(.ARM.Collect$$libshutdown$$00000000) refers (Special) to libshutdown2.o(.ARM.Collect$$libshutdown$$0000000B) for __rt_lib_shutdown_user_alloc_1
    sys_command.o(.text) refers (Special) to use_no_semi.o(.text) for __I$use$semihosting
    sys_command.o(.text) refers (Special) to indicate_semi.o(.text) for __semihosting_library_function
    defsig_rtmem_outer.o(.text) refers to defsig_rtmem_inner.o(.text) for __rt_SIGRTMEM_inner
    defsig_rtmem_outer.o(.text) refers to defsig_exit.o(.text) for __sig_exit
    defsig_rtmem_formal.o(.text) refers to rt_raise.o(.text) for __rt_raise
    rt_raise.o(.text) refers to __raise.o(.text) for __raise
    rt_raise.o(.text) refers to usart.o(i._sys_exit) for _sys_exit
    defsig_exit.o(.text) refers to usart.o(i._sys_exit) for _sys_exit
    defsig_rtmem_inner.o(.text) refers to defsig_general.o(.text) for __default_signal_display
    __raise.o(.text) refers to defsig.o(CL$$defsig) for __default_signal_handler
    defsig_general.o(.text) refers to sys_wrch.o(.text) for _ttywrch
    sys_wrch.o(.text) refers (Special) to use_no_semi.o(.text) for __I$use$semihosting
    sys_wrch.o(.text) refers (Special) to indicate_semi.o(.text) for __semihosting_library_function
    defsig.o(CL$$defsig) refers to defsig_rtmem_inner.o(.text) for __rt_SIGRTMEM_inner
    defsig_abrt_inner.o(.text) refers to defsig_general.o(.text) for __default_signal_display
    defsig_fpe_inner.o(.text) refers to defsig_general.o(.text) for __default_signal_display
    defsig_rtred_inner.o(.text) refers to defsig_general.o(.text) for __default_signal_display
    defsig_stak_inner.o(.text) refers to defsig_general.o(.text) for __default_signal_display
    defsig_pvfn_inner.o(.text) refers to defsig_general.o(.text) for __default_signal_display
    defsig_cppl_inner.o(.text) refers to defsig_general.o(.text) for __default_signal_display
    defsig_segv_inner.o(.text) refers to defsig_general.o(.text) for __default_signal_display
    defsig_other.o(.text) refers to defsig_general.o(.text) for __default_signal_display


==============================================================================

Removing Unused input sections from the image.

    Removing main.o(.rev16_text), (4 bytes).
    Removing main.o(.revsh_text), (4 bytes).
    Removing main.o(.rrx_text), (6 bytes).
    Removing main.o(i.App_TaskDelHook), (2 bytes).
    Removing main.o(i.App_TimeTickHook), (2 bytes).
    Removing usart.o(.rev16_text), (4 bytes).
    Removing usart.o(.revsh_text), (4 bytes).
    Removing usart.o(.rrx_text), (6 bytes).
    Removing usart.o(i.prompt), (168 bytes).
    Removing usart.o(i.ttywrch), (12 bytes).
    Removing usart.o(.bss), (1024 bytes).
    Removing board.o(.rev16_text), (4 bytes).
    Removing board.o(.revsh_text), (4 bytes).
    Removing board.o(.rrx_text), (6 bytes).
    Removing os_cpu_c.o(i.OSTaskDelHook), (12 bytes).
    Removing os_dbg.o(.constdata), (2 bytes).
    Removing os_core.o(i.OSEventNameGet), (104 bytes).
    Removing os_core.o(i.OSEventNameSet), (124 bytes).
    Removing os_core.o(i.OSEventPendMulti), (600 bytes).
    Removing os_core.o(i.OSIntEnter), (36 bytes).
    Removing os_core.o(i.OSSchedLock), (64 bytes).
    Removing os_core.o(i.OSSchedUnlock), (96 bytes).
    Removing os_core.o(i.OSVersion), (6 bytes).
    Removing os_core.o(i.OS_Dummy), (2 bytes).
    Removing os_core.o(i.OS_EventTaskRdy), (144 bytes).
    Removing os_core.o(i.OS_EventTaskRemoveMulti), (58 bytes).
    Removing os_core.o(i.OS_EventTaskWaitMulti), (148 bytes).
    Removing os_core.o(i.OS_MemCopy), (20 bytes).
    Removing os_flag.o(i.OSFlagAccept), (252 bytes).
    Removing os_flag.o(i.OSFlagCreate), (100 bytes).
    Removing os_flag.o(i.OSFlagDel), (232 bytes).
    Removing os_flag.o(i.OSFlagNameGet), (88 bytes).
    Removing os_flag.o(i.OSFlagNameSet), (108 bytes).
    Removing os_flag.o(i.OSFlagPend), (600 bytes).
    Removing os_flag.o(i.OSFlagPendGetFlagsRdy), (32 bytes).
    Removing os_flag.o(i.OSFlagPost), (312 bytes).
    Removing os_flag.o(i.OSFlagQuery), (48 bytes).
    Removing os_flag.o(i.OS_FlagBlock), (164 bytes).
    Removing os_flag.o(i.OS_FlagTaskRdy), (92 bytes).
    Removing os_flag.o(i.OS_FlagUnlink), (36 bytes).
    Removing os_mbox.o(i.OSMboxAccept), (38 bytes).
    Removing os_mbox.o(i.OSMboxDel), (228 bytes).
    Removing os_mbox.o(i.OSMboxPendAbort), (128 bytes).
    Removing os_mbox.o(i.OSMboxPost), (80 bytes).
    Removing os_mbox.o(i.OSMboxPostOpt), (120 bytes).
    Removing os_mbox.o(i.OSMboxQuery), (76 bytes).
    Removing os_sem.o(i.OSSemAccept), (44 bytes).
    Removing os_sem.o(i.OSSemCreate), (88 bytes).
    Removing os_sem.o(i.OSSemDel), (228 bytes).
    Removing os_sem.o(i.OSSemPend), (248 bytes).
    Removing os_sem.o(i.OSSemPendAbort), (128 bytes).
    Removing os_sem.o(i.OSSemPost), (88 bytes).
    Removing os_sem.o(i.OSSemQuery), (82 bytes).
    Removing os_sem.o(i.OSSemSet), (68 bytes).
    Removing os_task.o(i.OSTaskChangePrio), (416 bytes).
    Removing os_task.o(i.OSTaskDel), (360 bytes).
    Removing os_task.o(i.OSTaskDelReq), (108 bytes).
    Removing os_task.o(i.OSTaskNameGet), (128 bytes).
    Removing os_task.o(i.OSTaskQuery), (92 bytes).
    Removing os_task.o(i.OSTaskResume), (172 bytes).
    Removing os_time.o(i.OSTimeDlyResume), (180 bytes).
    Removing os_time.o(i.OSTimeGet), (28 bytes).
    Removing lib_ascii.o(i.ASCII_Cmp), (74 bytes).
    Removing lib_ascii.o(i.ASCII_IsAlnum), (76 bytes).
    Removing lib_ascii.o(i.ASCII_IsAlpha), (48 bytes).
    Removing lib_ascii.o(i.ASCII_IsBlank), (20 bytes).
    Removing lib_ascii.o(i.ASCII_IsCtrl), (26 bytes).
    Removing lib_ascii.o(i.ASCII_IsDig), (20 bytes).
    Removing lib_ascii.o(i.ASCII_IsDigHex), (36 bytes).
    Removing lib_ascii.o(i.ASCII_IsDigOct), (20 bytes).
    Removing lib_ascii.o(i.ASCII_IsGraph), (20 bytes).
    Removing lib_ascii.o(i.ASCII_IsLower), (20 bytes).
    Removing lib_ascii.o(i.ASCII_IsPrint), (20 bytes).
    Removing lib_ascii.o(i.ASCII_IsPunct), (134 bytes).
    Removing lib_ascii.o(i.ASCII_IsSpace), (36 bytes).
    Removing lib_ascii.o(i.ASCII_IsUpper), (20 bytes).
    Removing lib_ascii.o(i.ASCII_ToLower), (32 bytes).
    Removing lib_ascii.o(i.ASCII_ToUpper), (32 bytes).
    Removing lib_mem.o(i.Mem_Clr), (18 bytes).
    Removing lib_mem.o(i.Mem_Cmp), (196 bytes).
    Removing lib_mem.o(i.Mem_Init), (2 bytes).
    Removing lib_mem.o(i.Mem_Set), (110 bytes).
    Removing lib_str.o(i.Str_Cat), (24 bytes).
    Removing lib_str.o(i.Str_Cat_N), (84 bytes).
    Removing lib_str.o(i.Str_Char), (24 bytes).
    Removing lib_str.o(i.Str_Char_Last), (52 bytes).
    Removing lib_str.o(i.Str_Char_N), (60 bytes).
    Removing lib_str.o(i.Str_Cmp), (24 bytes).
    Removing lib_str.o(i.Str_CmpIgnoreCase), (24 bytes).
    Removing lib_str.o(i.Str_CmpIgnoreCase_N), (380 bytes).
    Removing lib_str.o(i.Str_Cmp_N), (138 bytes).
    Removing lib_str.o(i.Str_Copy), (24 bytes).
    Removing lib_str.o(i.Str_Copy_N), (66 bytes).
    Removing lib_str.o(i.Str_FmtNbr_Int32), (208 bytes).
    Removing lib_str.o(i.Str_FmtNbr_Int32S), (62 bytes).
    Removing lib_str.o(i.Str_FmtNbr_Int32U), (46 bytes).
    Removing lib_str.o(i.Str_Len), (20 bytes).
    Removing lib_str.o(i.Str_ParseNbr_Int32), (612 bytes).
    Removing lib_str.o(i.Str_ParseNbr_Int32S), (74 bytes).
    Removing lib_str.o(i.Str_ParseNbr_Int32U), (30 bytes).
    Removing lib_str.o(i.Str_Str), (126 bytes).
    Removing lib_str.o(.constdata), (148 bytes).
    Removing system_stm32f10x.o(.rev16_text), (4 bytes).
    Removing system_stm32f10x.o(.revsh_text), (4 bytes).
    Removing system_stm32f10x.o(.rrx_text), (6 bytes).
    Removing system_stm32f10x.o(i.SystemCoreClockUpdate), (164 bytes).
    Removing system_stm32f10x.o(.data), (20 bytes).
    Removing misc.o(.rev16_text), (4 bytes).
    Removing misc.o(.revsh_text), (4 bytes).
    Removing misc.o(.rrx_text), (6 bytes).
    Removing misc.o(i.NVIC_PriorityGroupConfig), (20 bytes).
    Removing misc.o(i.NVIC_SystemLPConfig), (32 bytes).
    Removing misc.o(i.SysTick_CLKSourceConfig), (40 bytes).
    Removing stm32f10x_gpio.o(.rev16_text), (4 bytes).
    Removing stm32f10x_gpio.o(.revsh_text), (4 bytes).
    Removing stm32f10x_gpio.o(.rrx_text), (6 bytes).
    Removing stm32f10x_gpio.o(i.GPIO_AFIODeInit), (20 bytes).
    Removing stm32f10x_gpio.o(i.GPIO_DeInit), (200 bytes).
    Removing stm32f10x_gpio.o(i.GPIO_ETH_MediaInterfaceConfig), (12 bytes).
    Removing stm32f10x_gpio.o(i.GPIO_EXTILineConfig), (64 bytes).
    Removing stm32f10x_gpio.o(i.GPIO_EventOutputCmd), (12 bytes).
    Removing stm32f10x_gpio.o(i.GPIO_EventOutputConfig), (32 bytes).
    Removing stm32f10x_gpio.o(i.GPIO_PinLockConfig), (18 bytes).
    Removing stm32f10x_gpio.o(i.GPIO_PinRemapConfig), (144 bytes).
    Removing stm32f10x_gpio.o(i.GPIO_ReadInputData), (8 bytes).
    Removing stm32f10x_gpio.o(i.GPIO_ReadInputDataBit), (18 bytes).
    Removing stm32f10x_gpio.o(i.GPIO_ReadOutputData), (8 bytes).
    Removing stm32f10x_gpio.o(i.GPIO_ReadOutputDataBit), (18 bytes).
    Removing stm32f10x_gpio.o(i.GPIO_StructInit), (16 bytes).
    Removing stm32f10x_gpio.o(i.GPIO_Write), (4 bytes).
    Removing stm32f10x_gpio.o(i.GPIO_WriteBit), (10 bytes).
    Removing stm32f10x_rcc.o(.rev16_text), (4 bytes).
    Removing stm32f10x_rcc.o(.revsh_text), (4 bytes).
    Removing stm32f10x_rcc.o(.rrx_text), (6 bytes).
    Removing stm32f10x_rcc.o(i.RCC_ADCCLKConfig), (24 bytes).
    Removing stm32f10x_rcc.o(i.RCC_AHBPeriphClockCmd), (32 bytes).
    Removing stm32f10x_rcc.o(i.RCC_APB1PeriphClockCmd), (32 bytes).
    Removing stm32f10x_rcc.o(i.RCC_APB1PeriphResetCmd), (32 bytes).
    Removing stm32f10x_rcc.o(i.RCC_APB2PeriphResetCmd), (32 bytes).
    Removing stm32f10x_rcc.o(i.RCC_AdjustHSICalibrationValue), (24 bytes).
    Removing stm32f10x_rcc.o(i.RCC_BackupResetCmd), (12 bytes).
    Removing stm32f10x_rcc.o(i.RCC_ClearFlag), (20 bytes).
    Removing stm32f10x_rcc.o(i.RCC_ClearITPendingBit), (12 bytes).
    Removing stm32f10x_rcc.o(i.RCC_ClockSecuritySystemCmd), (12 bytes).
    Removing stm32f10x_rcc.o(i.RCC_DeInit), (76 bytes).
    Removing stm32f10x_rcc.o(i.RCC_GetFlagStatus), (60 bytes).
    Removing stm32f10x_rcc.o(i.RCC_GetITStatus), (24 bytes).
    Removing stm32f10x_rcc.o(i.RCC_GetSYSCLKSource), (16 bytes).
    Removing stm32f10x_rcc.o(i.RCC_HCLKConfig), (24 bytes).
    Removing stm32f10x_rcc.o(i.RCC_HSEConfig), (76 bytes).
    Removing stm32f10x_rcc.o(i.RCC_HSICmd), (12 bytes).
    Removing stm32f10x_rcc.o(i.RCC_ITConfig), (32 bytes).
    Removing stm32f10x_rcc.o(i.RCC_LSEConfig), (52 bytes).
    Removing stm32f10x_rcc.o(i.RCC_LSICmd), (12 bytes).
    Removing stm32f10x_rcc.o(i.RCC_MCOConfig), (12 bytes).
    Removing stm32f10x_rcc.o(i.RCC_PCLK1Config), (24 bytes).
    Removing stm32f10x_rcc.o(i.RCC_PCLK2Config), (24 bytes).
    Removing stm32f10x_rcc.o(i.RCC_PLLCmd), (12 bytes).
    Removing stm32f10x_rcc.o(i.RCC_PLLConfig), (28 bytes).
    Removing stm32f10x_rcc.o(i.RCC_RTCCLKCmd), (12 bytes).
    Removing stm32f10x_rcc.o(i.RCC_RTCCLKConfig), (16 bytes).
    Removing stm32f10x_rcc.o(i.RCC_SYSCLKConfig), (24 bytes).
    Removing stm32f10x_rcc.o(i.RCC_USBCLKConfig), (12 bytes).
    Removing stm32f10x_rcc.o(i.RCC_WaitForHSEStartUp), (56 bytes).
    Removing stm32f10x_usart.o(.rev16_text), (4 bytes).
    Removing stm32f10x_usart.o(.revsh_text), (4 bytes).
    Removing stm32f10x_usart.o(.rrx_text), (6 bytes).
    Removing stm32f10x_usart.o(i.USART_ClearFlag), (18 bytes).
    Removing stm32f10x_usart.o(i.USART_ClearITPendingBit), (30 bytes).
    Removing stm32f10x_usart.o(i.USART_ClockInit), (34 bytes).
    Removing stm32f10x_usart.o(i.USART_ClockStructInit), (12 bytes).
    Removing stm32f10x_usart.o(i.USART_DMACmd), (18 bytes).
    Removing stm32f10x_usart.o(i.USART_DeInit), (156 bytes).
    Removing stm32f10x_usart.o(i.USART_GetFlagStatus), (26 bytes).
    Removing stm32f10x_usart.o(i.USART_HalfDuplexCmd), (24 bytes).
    Removing stm32f10x_usart.o(i.USART_IrDACmd), (24 bytes).
    Removing stm32f10x_usart.o(i.USART_IrDAConfig), (18 bytes).
    Removing stm32f10x_usart.o(i.USART_LINBreakDetectLengthConfig), (18 bytes).
    Removing stm32f10x_usart.o(i.USART_LINCmd), (24 bytes).
    Removing stm32f10x_usart.o(i.USART_OneBitMethodCmd), (24 bytes).
    Removing stm32f10x_usart.o(i.USART_OverSampling8Cmd), (22 bytes).
    Removing stm32f10x_usart.o(i.USART_ReceiverWakeUpCmd), (24 bytes).
    Removing stm32f10x_usart.o(i.USART_SendBreak), (10 bytes).
    Removing stm32f10x_usart.o(i.USART_SetAddress), (18 bytes).
    Removing stm32f10x_usart.o(i.USART_SetGuardTime), (16 bytes).
    Removing stm32f10x_usart.o(i.USART_SetPrescaler), (16 bytes).
    Removing stm32f10x_usart.o(i.USART_SmartCardCmd), (24 bytes).
    Removing stm32f10x_usart.o(i.USART_SmartCardNACKCmd), (24 bytes).
    Removing stm32f10x_usart.o(i.USART_StructInit), (24 bytes).
    Removing stm32f10x_usart.o(i.USART_WakeUpConfig), (18 bytes).

190 unused section(s) (total 13432 bytes) removed from the image.

==============================================================================

Image Symbol Table

    Local Symbols

    Symbol Name                              Value     Ov Type        Size  Object(Section)

    ../clib/angel/boardlib.s                 0x00000000   Number         0  boardinit3.o ABSOLUTE
    ../clib/angel/boardlib.s                 0x00000000   Number         0  boardinit2.o ABSOLUTE
    ../clib/angel/boardlib.s                 0x00000000   Number         0  boardinit1.o ABSOLUTE
    ../clib/angel/boardlib.s                 0x00000000   Number         0  boardshut.o ABSOLUTE
    ../clib/angel/handlers.s                 0x00000000   Number         0  __scatter_zi.o ABSOLUTE
    ../clib/angel/handlers.s                 0x00000000   Number         0  __scatter_copy.o ABSOLUTE
    ../clib/angel/kernel.s                   0x00000000   Number         0  __rtentry.o ABSOLUTE
    ../clib/angel/kernel.s                   0x00000000   Number         0  __rtentry4.o ABSOLUTE
    ../clib/angel/kernel.s                   0x00000000   Number         0  __rtentry2.o ABSOLUTE
    ../clib/angel/kernel.s                   0x00000000   Number         0  rtexit2.o ABSOLUTE
    ../clib/angel/kernel.s                   0x00000000   Number         0  rtexit.o ABSOLUTE
    ../clib/angel/rt.s                       0x00000000   Number         0  rt_raise.o ABSOLUTE
    ../clib/angel/scatter.s                  0x00000000   Number         0  __scatter.o ABSOLUTE
    ../clib/angel/startup.s                  0x00000000   Number         0  __main.o ABSOLUTE
    ../clib/angel/sys.s                      0x00000000   Number         0  use_no_semi.o ABSOLUTE
    ../clib/angel/sys.s                      0x00000000   Number         0  indicate_semi.o ABSOLUTE
    ../clib/angel/sys.s                      0x00000000   Number         0  libspace.o ABSOLUTE
    ../clib/angel/sys.s                      0x00000000   Number         0  sys_stackheap_outer.o ABSOLUTE
    ../clib/angel/sysapp.c                   0x00000000   Number         0  sys_wrch.o ABSOLUTE
    ../clib/angel/sysapp.c                   0x00000000   Number         0  sys_command.o ABSOLUTE
    ../clib/armsys.c                         0x00000000   Number         0  argv_veneer.o ABSOLUTE
    ../clib/armsys.c                         0x00000000   Number         0  argv_veneer.o ABSOLUTE
    ../clib/armsys.c                         0x00000000   Number         0  no_argv.o ABSOLUTE
    ../clib/armsys.c                         0x00000000   Number         0  _get_argv_nomalloc.o ABSOLUTE
    ../clib/heapalloc.c                      0x00000000   Number         0  hrguard.o ABSOLUTE
    ../clib/heapaux.c                        0x00000000   Number         0  heapauxi.o ABSOLUTE
    ../clib/libinit.s                        0x00000000   Number         0  libinit2.o ABSOLUTE
    ../clib/libinit.s                        0x00000000   Number         0  libshutdown.o ABSOLUTE
    ../clib/libinit.s                        0x00000000   Number         0  libshutdown2.o ABSOLUTE
    ../clib/libinit.s                        0x00000000   Number         0  libinit.o ABSOLUTE
    ../clib/printf.c                         0x00000000   Number         0  __printf_ss_wp.o ABSOLUTE
    ../clib/printf.c                         0x00000000   Number         0  __printf_ss.o ABSOLUTE
    ../clib/printf.c                         0x00000000   Number         0  __printf_flags_ss_wp.o ABSOLUTE
    ../clib/printf.c                         0x00000000   Number         0  _printf_str.o ABSOLUTE
    ../clib/printf.c                         0x00000000   Number         0  _printf_char_common.o ABSOLUTE
    ../clib/printf.c                         0x00000000   Number         0  __2printf.o ABSOLUTE
    ../clib/printf.c                         0x00000000   Number         0  noretval__2printf.o ABSOLUTE
    ../clib/printf.c                         0x00000000   Number         0  __printf.o ABSOLUTE
    ../clib/printf.c                         0x00000000   Number         0  __printf_flags.o ABSOLUTE
    ../clib/printf.c                         0x00000000   Number         0  __printf_flags_ss.o ABSOLUTE
    ../clib/printf.c                         0x00000000   Number         0  _printf_char_file.o ABSOLUTE
    ../clib/printf.c                         0x00000000   Number         0  __printf_wp.o ABSOLUTE
    ../clib/printf.c                         0x00000000   Number         0  _printf_char.o ABSOLUTE
    ../clib/printf.c                         0x00000000   Number         0  __printf_nopercent.o ABSOLUTE
    ../clib/printf.c                         0x00000000   Number         0  __printf_flags_wp.o ABSOLUTE
    ../clib/printf_percent.s                 0x00000000   Number         0  _printf_percent.o ABSOLUTE
    ../clib/printf_percent.s                 0x00000000   Number         0  _printf_s.o ABSOLUTE
    ../clib/printf_percent.s                 0x00000000   Number         0  _printf_percent_end.o ABSOLUTE
    ../clib/signal.c                         0x00000000   Number         0  defsig_segv_inner.o ABSOLUTE
    ../clib/signal.c                         0x00000000   Number         0  defsig_other.o ABSOLUTE
    ../clib/signal.c                         0x00000000   Number         0  defsig_rtmem_formal.o ABSOLUTE
    ../clib/signal.c                         0x00000000   Number         0  defsig_cppl_inner.o ABSOLUTE
    ../clib/signal.c                         0x00000000   Number         0  defsig_stak_inner.o ABSOLUTE
    ../clib/signal.c                         0x00000000   Number         0  defsig_rtred_inner.o ABSOLUTE
    ../clib/signal.c                         0x00000000   Number         0  defsig_fpe_inner.o ABSOLUTE
    ../clib/signal.c                         0x00000000   Number         0  defsig_abrt_inner.o ABSOLUTE
    ../clib/signal.c                         0x00000000   Number         0  defsig_pvfn_inner.o ABSOLUTE
    ../clib/signal.c                         0x00000000   Number         0  defsig_general.o ABSOLUTE
    ../clib/signal.c                         0x00000000   Number         0  __raise.o ABSOLUTE
    ../clib/signal.c                         0x00000000   Number         0  defsig_rtmem_inner.o ABSOLUTE
    ../clib/signal.c                         0x00000000   Number         0  defsig_exit.o ABSOLUTE
    ../clib/signal.c                         0x00000000   Number         0  defsig_rtmem_outer.o ABSOLUTE
    ../clib/signal.s                         0x00000000   Number         0  defsig.o ABSOLUTE
    ../clib/stdlib.c                         0x00000000   Number         0  exit.o ABSOLUTE
    ../fplib/fpinit.s                        0x00000000   Number         0  fpinit.o ABSOLUTE
    APP\\board.c                             0x00000000   Number         0  board.o ABSOLUTE
    APP\\main.c                              0x00000000   Number         0  main.o ABSOLUTE
    APP\\usart.c                             0x00000000   Number         0  usart.o ABSOLUTE
    APP\board.c                              0x00000000   Number         0  board.o ABSOLUTE
    APP\main.c                               0x00000000   Number         0  main.o ABSOLUTE
    APP\usart.c                              0x00000000   Number         0  usart.o ABSOLUTE
    RTE\Device\STM32F103ZE\startup_stm32f10x_hd.s 0x00000000   Number         0  startup_stm32f10x_hd.o ABSOLUTE
    RTE\Device\STM32F103ZE\system_stm32f10x.c 0x00000000   Number         0  system_stm32f10x.o ABSOLUTE
    RTE\\Device\\STM32F103ZE\\system_stm32f10x.c 0x00000000   Number         0  system_stm32f10x.o ABSOLUTE
    dc.s                                     0x00000000   Number         0  dc.o ABSOLUTE
    e:\Keil_v5\ARM\PACK\Keil\STM32F1xx_DFP\1.1.0\Device\StdPeriph_Driver\src\misc.c 0x00000000   Number         0  misc.o ABSOLUTE
    e:\Keil_v5\ARM\PACK\Keil\STM32F1xx_DFP\1.1.0\Device\StdPeriph_Driver\src\stm32f10x_gpio.c 0x00000000   Number         0  stm32f10x_gpio.o ABSOLUTE
    e:\Keil_v5\ARM\PACK\Keil\STM32F1xx_DFP\1.1.0\Device\StdPeriph_Driver\src\stm32f10x_rcc.c 0x00000000   Number         0  stm32f10x_rcc.o ABSOLUTE
    e:\Keil_v5\ARM\PACK\Keil\STM32F1xx_DFP\1.1.0\Device\StdPeriph_Driver\src\stm32f10x_usart.c 0x00000000   Number         0  stm32f10x_usart.o ABSOLUTE
    e:\\Keil_v5\\ARM\\PACK\\Keil\\STM32F1xx_DFP\\1.1.0\\Device\\StdPeriph_Driver\\src\\misc.c 0x00000000   Number         0  misc.o ABSOLUTE
    e:\\Keil_v5\\ARM\\PACK\\Keil\\STM32F1xx_DFP\\1.1.0\\Device\\StdPeriph_Driver\\src\\stm32f10x_gpio.c 0x00000000   Number         0  stm32f10x_gpio.o ABSOLUTE
    e:\\Keil_v5\\ARM\\PACK\\Keil\\STM32F1xx_DFP\\1.1.0\\Device\\StdPeriph_Driver\\src\\stm32f10x_rcc.c 0x00000000   Number         0  stm32f10x_rcc.o ABSOLUTE
    e:\\Keil_v5\\ARM\\PACK\\Keil\\STM32F1xx_DFP\\1.1.0\\Device\\StdPeriph_Driver\\src\\stm32f10x_usart.c 0x00000000   Number         0  stm32f10x_usart.o ABSOLUTE
    uC-Lib\lib_ascii.c                       0x00000000   Number         0  lib_ascii.o ABSOLUTE
    uC-Lib\lib_mem.c                         0x00000000   Number         0  lib_mem.o ABSOLUTE
    uC-Lib\lib_str.c                         0x00000000   Number         0  lib_str.o ABSOLUTE
    uC-Port\cpu_a.asm                        0x00000000   Number         0  cpu_a.o ABSOLUTE
    uC-Port\os_cpu_a.asm                     0x00000000   Number         0  os_cpu_a.o ABSOLUTE
    uC-Port\os_cpu_c.c                       0x00000000   Number         0  os_cpu_c.o ABSOLUTE
    uC-Port\os_dbg.c                         0x00000000   Number         0  os_dbg.o ABSOLUTE
    uC-Source\os_core.c                      0x00000000   Number         0  os_core.o ABSOLUTE
    uC-Source\os_flag.c                      0x00000000   Number         0  os_flag.o ABSOLUTE
    uC-Source\os_mbox.c                      0x00000000   Number         0  os_mbox.o ABSOLUTE
    uC-Source\os_mem.c                       0x00000000   Number         0  os_mem.o ABSOLUTE
    uC-Source\os_mutex.c                     0x00000000   Number         0  os_mutex.o ABSOLUTE
    uC-Source\os_q.c                         0x00000000   Number         0  os_q.o ABSOLUTE
    uC-Source\os_sem.c                       0x00000000   Number         0  os_sem.o ABSOLUTE
    uC-Source\os_task.c                      0x00000000   Number         0  os_task.o ABSOLUTE
    uC-Source\os_time.c                      0x00000000   Number         0  os_time.o ABSOLUTE
    uC-Source\os_tmr.c                       0x00000000   Number         0  os_tmr.o ABSOLUTE
    RESET                                    0x08000000   Section      304  startup_stm32f10x_hd.o(RESET)
    !!!main                                  0x08000130   Section        8  __main.o(!!!main)
    !!!scatter                               0x08000138   Section       52  __scatter.o(!!!scatter)
    !!handler_copy                           0x0800016c   Section       26  __scatter_copy.o(!!handler_copy)
    !!handler_zi                             0x08000188   Section       28  __scatter_zi.o(!!handler_zi)
    .ARM.Collect$$_printf_percent$$00000000  0x080001a4   Section        0  _printf_percent.o(.ARM.Collect$$_printf_percent$$00000000)
    .ARM.Collect$$_printf_percent$$00000014  0x080001a4   Section        6  _printf_s.o(.ARM.Collect$$_printf_percent$$00000014)
    .ARM.Collect$$_printf_percent$$00000017  0x080001aa   Section        4  _printf_percent_end.o(.ARM.Collect$$_printf_percent$$00000017)
    .ARM.Collect$$libinit$$00000000          0x080001ae   Section        2  libinit.o(.ARM.Collect$$libinit$$00000000)
    .ARM.Collect$$libinit$$00000002          0x080001b0   Section        0  libinit2.o(.ARM.Collect$$libinit$$00000002)
    .ARM.Collect$$libinit$$00000004          0x080001b0   Section        0  libinit2.o(.ARM.Collect$$libinit$$00000004)
    .ARM.Collect$$libinit$$0000000A          0x080001b0   Section        0  libinit2.o(.ARM.Collect$$libinit$$0000000A)
    .ARM.Collect$$libinit$$0000000C          0x080001b0   Section        0  libinit2.o(.ARM.Collect$$libinit$$0000000C)
    .ARM.Collect$$libinit$$0000000E          0x080001b0   Section        0  libinit2.o(.ARM.Collect$$libinit$$0000000E)
    .ARM.Collect$$libinit$$00000011          0x080001b0   Section        0  libinit2.o(.ARM.Collect$$libinit$$00000011)
    .ARM.Collect$$libinit$$00000013          0x080001b0   Section        0  libinit2.o(.ARM.Collect$$libinit$$00000013)
    .ARM.Collect$$libinit$$00000015          0x080001b0   Section        0  libinit2.o(.ARM.Collect$$libinit$$00000015)
    .ARM.Collect$$libinit$$00000017          0x080001b0   Section        0  libinit2.o(.ARM.Collect$$libinit$$00000017)
    .ARM.Collect$$libinit$$00000019          0x080001b0   Section        0  libinit2.o(.ARM.Collect$$libinit$$00000019)
    .ARM.Collect$$libinit$$0000001B          0x080001b0   Section        0  libinit2.o(.ARM.Collect$$libinit$$0000001B)
    .ARM.Collect$$libinit$$0000001D          0x080001b0   Section        0  libinit2.o(.ARM.Collect$$libinit$$0000001D)
    .ARM.Collect$$libinit$$0000001F          0x080001b0   Section        0  libinit2.o(.ARM.Collect$$libinit$$0000001F)
    .ARM.Collect$$libinit$$00000021          0x080001b0   Section        0  libinit2.o(.ARM.Collect$$libinit$$00000021)
    .ARM.Collect$$libinit$$00000023          0x080001b0   Section        0  libinit2.o(.ARM.Collect$$libinit$$00000023)
    .ARM.Collect$$libinit$$00000025          0x080001b0   Section        0  libinit2.o(.ARM.Collect$$libinit$$00000025)
    .ARM.Collect$$libinit$$0000002C          0x080001b0   Section        0  libinit2.o(.ARM.Collect$$libinit$$0000002C)
    .ARM.Collect$$libinit$$0000002E          0x080001b0   Section        0  libinit2.o(.ARM.Collect$$libinit$$0000002E)
    .ARM.Collect$$libinit$$00000030          0x080001b0   Section        0  libinit2.o(.ARM.Collect$$libinit$$00000030)
    .ARM.Collect$$libinit$$00000032          0x080001b0   Section        0  libinit2.o(.ARM.Collect$$libinit$$00000032)
    .ARM.Collect$$libinit$$00000033          0x080001b0   Section        2  libinit2.o(.ARM.Collect$$libinit$$00000033)
    .ARM.Collect$$libshutdown$$00000000      0x080001b2   Section        2  libshutdown.o(.ARM.Collect$$libshutdown$$00000000)
    .ARM.Collect$$libshutdown$$00000003      0x080001b4   Section        0  libshutdown2.o(.ARM.Collect$$libshutdown$$00000003)
    .ARM.Collect$$libshutdown$$00000006      0x080001b4   Section        0  libshutdown2.o(.ARM.Collect$$libshutdown$$00000006)
    .ARM.Collect$$libshutdown$$00000009      0x080001b4   Section        0  libshutdown2.o(.ARM.Collect$$libshutdown$$00000009)
    .ARM.Collect$$libshutdown$$0000000B      0x080001b4   Section        0  libshutdown2.o(.ARM.Collect$$libshutdown$$0000000B)
    .ARM.Collect$$libshutdown$$0000000E      0x080001b4   Section        0  libshutdown2.o(.ARM.Collect$$libshutdown$$0000000E)
    .ARM.Collect$$libshutdown$$0000000F      0x080001b4   Section        2  libshutdown2.o(.ARM.Collect$$libshutdown$$0000000F)
    .ARM.Collect$$rtentry$$00000000          0x080001b6   Section        0  __rtentry.o(.ARM.Collect$$rtentry$$00000000)
    .ARM.Collect$$rtentry$$00000002          0x080001b6   Section        0  __rtentry2.o(.ARM.Collect$$rtentry$$00000002)
    .ARM.Collect$$rtentry$$00000004          0x080001b6   Section        6  __rtentry4.o(.ARM.Collect$$rtentry$$00000004)
    .ARM.Collect$$rtentry$$00000009          0x080001bc   Section        0  __rtentry2.o(.ARM.Collect$$rtentry$$00000009)
    .ARM.Collect$$rtentry$$0000000A          0x080001bc   Section        4  __rtentry2.o(.ARM.Collect$$rtentry$$0000000A)
    .ARM.Collect$$rtentry$$0000000C          0x080001c0   Section        0  __rtentry2.o(.ARM.Collect$$rtentry$$0000000C)
    .ARM.Collect$$rtentry$$0000000D          0x080001c0   Section        8  __rtentry2.o(.ARM.Collect$$rtentry$$0000000D)
    .ARM.Collect$$rtexit$$00000000           0x080001c8   Section        2  rtexit.o(.ARM.Collect$$rtexit$$00000000)
    .ARM.Collect$$rtexit$$00000002           0x080001ca   Section        0  rtexit2.o(.ARM.Collect$$rtexit$$00000002)
    .ARM.Collect$$rtexit$$00000003           0x080001ca   Section        4  rtexit2.o(.ARM.Collect$$rtexit$$00000003)
    .ARM.Collect$$rtexit$$00000004           0x080001ce   Section        6  rtexit2.o(.ARM.Collect$$rtexit$$00000004)
    .text                                    0x080001d4   Section       22  cpu_a.o(.text)
    .text                                    0x080001ec   Section      168  os_cpu_a.o(.text)
    .text                                    0x08000294   Section       64  startup_stm32f10x_hd.o(.text)
    .text                                    0x080002d4   Section        2  use_no_semi.o(.text)
    .text                                    0x080002d8   Section        0  noretval__2printf.o(.text)
    .text                                    0x080002f0   Section        0  __printf.o(.text)
    .text                                    0x08000358   Section        0  _printf_str.o(.text)
    .text                                    0x080003aa   Section        0  heapauxi.o(.text)
    .text                                    0x080003b0   Section        0  _printf_char.o(.text)
    .text                                    0x080003dc   Section        0  _printf_char_file.o(.text)
    .text                                    0x08000400   Section        0  _printf_char_common.o(.text)
    _printf_input_char                       0x08000401   Thumb Code    10  _printf_char_common.o(.text)
    .text                                    0x08000430   Section       74  sys_stackheap_outer.o(.text)
    .text                                    0x0800047a   Section        0  exit.o(.text)
    .text                                    0x08000488   Section        8  libspace.o(.text)
    i.App_TCBInitHook                        0x08000490   Section        0  main.o(i.App_TCBInitHook)
    i.App_TaskCreate                         0x08000494   Section        0  main.o(i.App_TaskCreate)
    App_TaskCreate                           0x08000495   Thumb Code    80  main.o(i.App_TaskCreate)
    i.App_TaskCreateHook                     0x08000500   Section        0  main.o(i.App_TaskCreateHook)
    i.App_TaskIdleHook                       0x08000502   Section        0  main.o(i.App_TaskIdleHook)
    i.App_TaskStart                          0x08000504   Section        0  main.o(i.App_TaskStart)
    App_TaskStart                            0x08000505   Thumb Code    28  main.o(i.App_TaskStart)
    i.App_TaskStatHook                       0x08000520   Section        0  main.o(i.App_TaskStatHook)
    i.App_TaskSwHook                         0x08000522   Section        0  main.o(i.App_TaskSwHook)
    i.GPIO_Configuration                     0x08000524   Section        0  board.o(i.GPIO_Configuration)
    i.GPIO_Init                              0x08000590   Section        0  stm32f10x_gpio.o(i.GPIO_Init)
    i.GPIO_ResetBits                         0x080006a6   Section        0  stm32f10x_gpio.o(i.GPIO_ResetBits)
    i.GPIO_SetBits                           0x080006aa   Section        0  stm32f10x_gpio.o(i.GPIO_SetBits)
    i.NVIC_Configuration                     0x080006ae   Section        0  board.o(i.NVIC_Configuration)
    i.NVIC_Init                              0x080006d4   Section        0  misc.o(i.NVIC_Init)
    i.NVIC_SetVectorTable                    0x08000744   Section        0  misc.o(i.NVIC_SetVectorTable)
    i.OSInit                                 0x08000758   Section        0  os_core.o(i.OSInit)
    i.OSInitHookBegin                        0x08000780   Section        0  os_cpu_c.o(i.OSInitHookBegin)
    i.OSInitHookEnd                          0x08000782   Section        0  os_cpu_c.o(i.OSInitHookEnd)
    i.OSIntExit                              0x08000784   Section        0  os_core.o(i.OSIntExit)
    i.OSMboxCreate                           0x08000814   Section        0  os_mbox.o(i.OSMboxCreate)
    i.OSMboxPend                             0x0800086c   Section        0  os_mbox.o(i.OSMboxPend)
    i.OSStart                                0x08000978   Section        0  os_core.o(i.OSStart)
    i.OSStatInit                             0x080009c0   Section        0  os_core.o(i.OSStatInit)
    i.OSTCBInitHook                          0x08000a0c   Section        0  os_cpu_c.o(i.OSTCBInitHook)
    i.OSTaskCreate                           0x08000a18   Section        0  os_task.o(i.OSTaskCreate)
    i.OSTaskCreateExt                        0x08000abc   Section        0  os_task.o(i.OSTaskCreateExt)
    i.OSTaskCreateHook                       0x08000b74   Section        0  os_cpu_c.o(i.OSTaskCreateHook)
    i.OSTaskIdleHook                         0x08000b80   Section        0  os_cpu_c.o(i.OSTaskIdleHook)
    i.OSTaskNameSet                          0x08000b88   Section        0  os_task.o(i.OSTaskNameSet)
    i.OSTaskStatHook                         0x08000c18   Section        0  os_cpu_c.o(i.OSTaskStatHook)
    i.OSTaskStkChk                           0x08000c20   Section        0  os_task.o(i.OSTaskStkChk)
    i.OSTaskStkInit                          0x08000cac   Section        0  os_cpu_c.o(i.OSTaskStkInit)
    i.OSTaskSuspend                          0x08000d48   Section        0  os_task.o(i.OSTaskSuspend)
    i.OSTaskSwHook                           0x08000df0   Section        0  os_cpu_c.o(i.OSTaskSwHook)
    i.OSTimeDly                              0x08000df8   Section        0  os_time.o(i.OSTimeDly)
    i.OSTimeDlyHMSM                          0x08000e68   Section        0  os_time.o(i.OSTimeDlyHMSM)
    i.OSTimeSet                              0x08000edc   Section        0  os_time.o(i.OSTimeSet)
    i.OSTimeTick                             0x08000ef8   Section        0  os_core.o(i.OSTimeTick)
    i.OSTimeTickHook                         0x08000fe4   Section        0  os_cpu_c.o(i.OSTimeTickHook)
    i.OS_CPU_SysTickInit                     0x08000fe8   Section        0  board.o(i.OS_CPU_SysTickInit)
    i.OS_EventTaskRemove                     0x0800104c   Section        0  os_core.o(i.OS_EventTaskRemove)
    i.OS_EventTaskWait                       0x08001078   Section        0  os_core.o(i.OS_EventTaskWait)
    i.OS_EventWaitListInit                   0x080010f4   Section        0  os_core.o(i.OS_EventWaitListInit)
    i.OS_FlagInit                            0x08001110   Section        0  os_flag.o(i.OS_FlagInit)
    i.OS_InitEventList                       0x0800115c   Section        0  os_core.o(i.OS_InitEventList)
    OS_InitEventList                         0x0800115d   Thumb Code    70  os_core.o(i.OS_InitEventList)
    i.OS_InitMisc                            0x080011ac   Section        0  os_core.o(i.OS_InitMisc)
    OS_InitMisc                              0x080011ad   Thumb Code    44  os_core.o(i.OS_InitMisc)
    i.OS_InitRdyList                         0x08001200   Section        0  os_core.o(i.OS_InitRdyList)
    OS_InitRdyList                           0x08001201   Thumb Code    46  os_core.o(i.OS_InitRdyList)
    i.OS_InitTCBList                         0x08001248   Section        0  os_core.o(i.OS_InitTCBList)
    OS_InitTCBList                           0x08001249   Thumb Code    86  os_core.o(i.OS_InitTCBList)
    i.OS_InitTaskIdle                        0x080012b0   Section        0  os_core.o(i.OS_InitTaskIdle)
    OS_InitTaskIdle                          0x080012b1   Thumb Code    50  os_core.o(i.OS_InitTaskIdle)
    i.OS_InitTaskStat                        0x08001300   Section        0  os_core.o(i.OS_InitTaskStat)
    OS_InitTaskStat                          0x08001301   Thumb Code    50  os_core.o(i.OS_InitTaskStat)
    i.OS_MemClr                              0x08001350   Section        0  os_core.o(i.OS_MemClr)
    i.OS_Sched                               0x08001364   Section        0  os_core.o(i.OS_Sched)
    i.OS_SchedNew                            0x080013d8   Section        0  os_core.o(i.OS_SchedNew)
    OS_SchedNew                              0x080013d9   Thumb Code    26  os_core.o(i.OS_SchedNew)
    i.OS_StrCopy                             0x08001404   Section        0  os_core.o(i.OS_StrCopy)
    i.OS_StrLen                              0x08001420   Section        0  os_core.o(i.OS_StrLen)
    i.OS_TCBInit                             0x08001434   Section        0  os_core.o(i.OS_TCBInit)
    i.OS_TaskIdle                            0x08001554   Section        0  os_core.o(i.OS_TaskIdle)
    i.OS_TaskStat                            0x08001578   Section        0  os_core.o(i.OS_TaskStat)
    i.OS_TaskStatStkChk                      0x08001600   Section        0  os_core.o(i.OS_TaskStatStkChk)
    i.OS_TaskStkClr                          0x0800163c   Section        0  os_task.o(i.OS_TaskStkClr)
    i.RCC_APB2PeriphClockCmd                 0x08001658   Section        0  stm32f10x_rcc.o(i.RCC_APB2PeriphClockCmd)
    i.RCC_GetClocksFreq                      0x08001678   Section        0  stm32f10x_rcc.o(i.RCC_GetClocksFreq)
    i.SendChar                               0x0800174c   Section        0  usart.o(i.SendChar)
    i.SetSysClock                            0x08001770   Section        0  system_stm32f10x.o(i.SetSysClock)
    SetSysClock                              0x08001771   Thumb Code     8  system_stm32f10x.o(i.SetSysClock)
    i.SetSysClockTo72                        0x08001778   Section        0  system_stm32f10x.o(i.SetSysClockTo72)
    SetSysClockTo72                          0x08001779   Thumb Code   214  system_stm32f10x.o(i.SetSysClockTo72)
    i.SysTickHandler                         0x08001858   Section        0  main.o(i.SysTickHandler)
    i.SystemInit                             0x08001880   Section        0  system_stm32f10x.o(i.SystemInit)
    i.Task_LedLight                          0x080018e0   Section        0  main.o(i.Task_LedLight)
    Task_LedLight                            0x080018e1   Thumb Code    52  main.o(i.Task_LedLight)
    i.Task_Usart                             0x0800191c   Section        0  main.o(i.Task_Usart)
    Task_Usart                               0x0800191d   Thumb Code    26  main.o(i.Task_Usart)
    i.USART1_IRQHandler                      0x0800194c   Section        0  usart.o(i.USART1_IRQHandler)
    i.USARTConfig                            0x080019b4   Section        0  usart.o(i.USARTConfig)
    i.USART_Cmd                              0x080019f2   Section        0  stm32f10x_usart.o(i.USART_Cmd)
    i.USART_GetITStatus                      0x08001a0a   Section        0  stm32f10x_usart.o(i.USART_GetITStatus)
    i.USART_ITConfig                         0x08001a5e   Section        0  stm32f10x_usart.o(i.USART_ITConfig)
    i.USART_Init                             0x08001aa8   Section        0  stm32f10x_usart.o(i.USART_Init)
    i.USART_ReceiveData                      0x08001b80   Section        0  stm32f10x_usart.o(i.USART_ReceiveData)
    i.USART_SendData                         0x08001b8a   Section        0  stm32f10x_usart.o(i.USART_SendData)
    i._sys_exit                              0x08001b92   Section        0  usart.o(i._sys_exit)
    i.ferror                                 0x08001b96   Section        0  usart.o(i.ferror)
    i.fputc                                  0x08001b9e   Section        0  usart.o(i.fputc)
    i.main                                   0x08001bac   Section        0  main.o(i.main)
    .constdata                               0x08001c00   Section      256  os_core.o(.constdata)
    .data                                    0x20000000   Section        8  main.o(.data)
    .data                                    0x20000008   Section       16  usart.o(.data)
    .data                                    0x20000018   Section       64  os_core.o(.data)
    .data                                    0x20000058   Section       20  stm32f10x_rcc.o(.data)
    APBAHBPrescTable                         0x20000058   Data          16  stm32f10x_rcc.o(.data)
    ADCPrescTable                            0x20000068   Data           4  stm32f10x_rcc.o(.data)
    .bss                                     0x2000006c   Section     2048  main.o(.bss)
    App_TaskStartStk                         0x2000006c   Data         512  main.o(.bss)
    Task_LedStk                              0x2000026c   Data         512  main.o(.bss)
    Task_UsartStk                            0x2000046c   Data        1024  main.o(.bss)
    .bss                                     0x2000086c   Section     2716  os_core.o(.bss)
    .bss                                     0x20001308   Section       96  libspace.o(.bss)
    HEAP                                     0x20001368   Section      512  startup_stm32f10x_hd.o(HEAP)
    Heap_Mem                                 0x20001368   Data         512  startup_stm32f10x_hd.o(HEAP)
    STACK                                    0x20001568   Section     1024  startup_stm32f10x_hd.o(STACK)
    Stack_Mem                                0x20001568   Data        1024  startup_stm32f10x_hd.o(STACK)
    __initial_sp                             0x20001968   Data           0  startup_stm32f10x_hd.o(STACK)

    Global Symbols

    Symbol Name                              Value     Ov Type        Size  Object(Section)

    BuildAttributes$$THM_ISAv4$P$D$K$B$S$PE$A:L22UL41UL21$X:L11$S22US41US21$IEEE1$IW$USESV6$~STKCKD$USESV7$~SHL$OSPACE$ROPI$EBA8$UX$STANDARDLIB$REQ8$PRES8$EABIv2 0x00000000   Number         0  anon$$obj.o ABSOLUTE
    __ARM_use_no_argv                        0x00000000   Number         0  main.o ABSOLUTE
    __ARM_exceptions_init                     - Undefined Weak Reference
    __alloca_initialize                       - Undefined Weak Reference
    __arm_preinit_                            - Undefined Weak Reference
    __cpp_initialize__aeabi_                  - Undefined Weak Reference
    __cxa_finalize                            - Undefined Weak Reference
    __rt_locale                               - Undefined Weak Reference
    __sigvec_lookup                           - Undefined Weak Reference
    _atexit_init                              - Undefined Weak Reference
    _call_atexit_fns                          - Undefined Weak Reference
    _clock_init                               - Undefined Weak Reference
    _fp_trap_init                             - Undefined Weak Reference
    _fp_trap_shutdown                         - Undefined Weak Reference
    _get_lc_collate                           - Undefined Weak Reference
    _get_lc_ctype                             - Undefined Weak Reference
    _get_lc_monetary                          - Undefined Weak Reference
    _get_lc_numeric                           - Undefined Weak Reference
    _get_lc_time                              - Undefined Weak Reference
    _getenv_init                              - Undefined Weak Reference
    _handle_redirection                       - Undefined Weak Reference
    _init_alloc                               - Undefined Weak Reference
    _init_user_alloc                          - Undefined Weak Reference
    _initio                                   - Undefined Weak Reference
    _printf_mbtowc                            - Undefined Weak Reference
    _printf_post_padding                      - Undefined Weak Reference
    _printf_pre_padding                       - Undefined Weak Reference
    _rand_init                                - Undefined Weak Reference
    _signal_finish                            - Undefined Weak Reference
    _signal_init                              - Undefined Weak Reference
    _terminate_alloc                          - Undefined Weak Reference
    _terminate_user_alloc                     - Undefined Weak Reference
    _terminateio                              - Undefined Weak Reference
    __Vectors_Size                           0x00000130   Number         0  startup_stm32f10x_hd.o ABSOLUTE
    __Vectors                                0x08000000   Data           4  startup_stm32f10x_hd.o(RESET)
    __Vectors_End                            0x08000130   Data           0  startup_stm32f10x_hd.o(RESET)
    __main                                   0x08000131   Thumb Code     8  __main.o(!!!main)
    __scatterload                            0x08000139   Thumb Code     0  __scatter.o(!!!scatter)
    __scatterload_rt2                        0x08000139   Thumb Code    44  __scatter.o(!!!scatter)
    __scatterload_rt2_thumb_only             0x08000139   Thumb Code     0  __scatter.o(!!!scatter)
    __scatterload_null                       0x08000147   Thumb Code     0  __scatter.o(!!!scatter)
    __scatterload_copy                       0x0800016d   Thumb Code    26  __scatter_copy.o(!!handler_copy)
    __scatterload_zeroinit                   0x08000189   Thumb Code    28  __scatter_zi.o(!!handler_zi)
    _printf_percent                          0x080001a5   Thumb Code     0  _printf_percent.o(.ARM.Collect$$_printf_percent$$00000000)
    _printf_s                                0x080001a5   Thumb Code     0  _printf_s.o(.ARM.Collect$$_printf_percent$$00000014)
    _printf_percent_end                      0x080001ab   Thumb Code     0  _printf_percent_end.o(.ARM.Collect$$_printf_percent$$00000017)
    __rt_lib_init                            0x080001af   Thumb Code     0  libinit.o(.ARM.Collect$$libinit$$00000000)
    __rt_lib_init_alloca_1                   0x080001b1   Thumb Code     0  libinit2.o(.ARM.Collect$$libinit$$0000002E)
    __rt_lib_init_argv_1                     0x080001b1   Thumb Code     0  libinit2.o(.ARM.Collect$$libinit$$0000002C)
    __rt_lib_init_atexit_1                   0x080001b1   Thumb Code     0  libinit2.o(.ARM.Collect$$libinit$$0000001B)
    __rt_lib_init_clock_1                    0x080001b1   Thumb Code     0  libinit2.o(.ARM.Collect$$libinit$$00000021)
    __rt_lib_init_cpp_1                      0x080001b1   Thumb Code     0  libinit2.o(.ARM.Collect$$libinit$$00000032)
    __rt_lib_init_exceptions_1               0x080001b1   Thumb Code     0  libinit2.o(.ARM.Collect$$libinit$$00000030)
    __rt_lib_init_fp_1                       0x080001b1   Thumb Code     0  libinit2.o(.ARM.Collect$$libinit$$00000002)
    __rt_lib_init_fp_trap_1                  0x080001b1   Thumb Code     0  libinit2.o(.ARM.Collect$$libinit$$0000001F)
    __rt_lib_init_getenv_1                   0x080001b1   Thumb Code     0  libinit2.o(.ARM.Collect$$libinit$$00000023)
    __rt_lib_init_heap_1                     0x080001b1   Thumb Code     0  libinit2.o(.ARM.Collect$$libinit$$0000000A)
    __rt_lib_init_lc_collate_1               0x080001b1   Thumb Code     0  libinit2.o(.ARM.Collect$$libinit$$00000011)
    __rt_lib_init_lc_ctype_1                 0x080001b1   Thumb Code     0  libinit2.o(.ARM.Collect$$libinit$$00000013)
    __rt_lib_init_lc_monetary_1              0x080001b1   Thumb Code     0  libinit2.o(.ARM.Collect$$libinit$$00000015)
    __rt_lib_init_lc_numeric_1               0x080001b1   Thumb Code     0  libinit2.o(.ARM.Collect$$libinit$$00000017)
    __rt_lib_init_lc_time_1                  0x080001b1   Thumb Code     0  libinit2.o(.ARM.Collect$$libinit$$00000019)
    __rt_lib_init_preinit_1                  0x080001b1   Thumb Code     0  libinit2.o(.ARM.Collect$$libinit$$00000004)
    __rt_lib_init_rand_1                     0x080001b1   Thumb Code     0  libinit2.o(.ARM.Collect$$libinit$$0000000E)
    __rt_lib_init_return                     0x080001b1   Thumb Code     0  libinit2.o(.ARM.Collect$$libinit$$00000033)
    __rt_lib_init_signal_1                   0x080001b1   Thumb Code     0  libinit2.o(.ARM.Collect$$libinit$$0000001D)
    __rt_lib_init_stdio_1                    0x080001b1   Thumb Code     0  libinit2.o(.ARM.Collect$$libinit$$00000025)
    __rt_lib_init_user_alloc_1               0x080001b1   Thumb Code     0  libinit2.o(.ARM.Collect$$libinit$$0000000C)
    __rt_lib_shutdown                        0x080001b3   Thumb Code     0  libshutdown.o(.ARM.Collect$$libshutdown$$00000000)
    __rt_lib_shutdown_fp_trap_1              0x080001b5   Thumb Code     0  libshutdown2.o(.ARM.Collect$$libshutdown$$00000006)
    __rt_lib_shutdown_heap_1                 0x080001b5   Thumb Code     0  libshutdown2.o(.ARM.Collect$$libshutdown$$0000000E)
    __rt_lib_shutdown_return                 0x080001b5   Thumb Code     0  libshutdown2.o(.ARM.Collect$$libshutdown$$0000000F)
    __rt_lib_shutdown_signal_1               0x080001b5   Thumb Code     0  libshutdown2.o(.ARM.Collect$$libshutdown$$00000009)
    __rt_lib_shutdown_stdio_1                0x080001b5   Thumb Code     0  libshutdown2.o(.ARM.Collect$$libshutdown$$00000003)
    __rt_lib_shutdown_user_alloc_1           0x080001b5   Thumb Code     0  libshutdown2.o(.ARM.Collect$$libshutdown$$0000000B)
    __rt_entry                               0x080001b7   Thumb Code     0  __rtentry.o(.ARM.Collect$$rtentry$$00000000)
    __rt_entry_presh_1                       0x080001b7   Thumb Code     0  __rtentry2.o(.ARM.Collect$$rtentry$$00000002)
    __rt_entry_sh                            0x080001b7   Thumb Code     0  __rtentry4.o(.ARM.Collect$$rtentry$$00000004)
    __rt_entry_li                            0x080001bd   Thumb Code     0  __rtentry2.o(.ARM.Collect$$rtentry$$0000000A)
    __rt_entry_postsh_1                      0x080001bd   Thumb Code     0  __rtentry2.o(.ARM.Collect$$rtentry$$00000009)
    __rt_entry_main                          0x080001c1   Thumb Code     0  __rtentry2.o(.ARM.Collect$$rtentry$$0000000D)
    __rt_entry_postli_1                      0x080001c1   Thumb Code     0  __rtentry2.o(.ARM.Collect$$rtentry$$0000000C)
    __rt_exit                                0x080001c9   Thumb Code     0  rtexit.o(.ARM.Collect$$rtexit$$00000000)
    __rt_exit_ls                             0x080001cb   Thumb Code     0  rtexit2.o(.ARM.Collect$$rtexit$$00000003)
    __rt_exit_prels_1                        0x080001cb   Thumb Code     0  rtexit2.o(.ARM.Collect$$rtexit$$00000002)
    __rt_exit_exit                           0x080001cf   Thumb Code     0  rtexit2.o(.ARM.Collect$$rtexit$$00000004)
    CPU_IntDis                               0x080001d5   Thumb Code     0  cpu_a.o(.text)
    CPU_IntEn                                0x080001d9   Thumb Code     0  cpu_a.o(.text)
    CPU_SR_Save                              0x080001dd   Thumb Code     0  cpu_a.o(.text)
    CPU_SR_Restore                           0x080001e5   Thumb Code     0  cpu_a.o(.text)
    OS_CPU_SR_Save                           0x080001ed   Thumb Code     0  os_cpu_a.o(.text)
    OS_CPU_SR_Restore                        0x080001f5   Thumb Code     0  os_cpu_a.o(.text)
    OSStartHighRdy                           0x080001fb   Thumb Code     0  os_cpu_a.o(.text)
    OSCtxSw                                  0x0800021b   Thumb Code     0  os_cpu_a.o(.text)
    OSIntCtxSw                               0x08000225   Thumb Code     0  os_cpu_a.o(.text)
    OSPendSV                                 0x0800022f   Thumb Code     0  os_cpu_a.o(.text)
    Reset_Handler                            0x08000295   Thumb Code     8  startup_stm32f10x_hd.o(.text)
    NMI_Handler                              0x0800029d   Thumb Code     2  startup_stm32f10x_hd.o(.text)
    HardFault_Handler                        0x0800029f   Thumb Code     2  startup_stm32f10x_hd.o(.text)
    MemManage_Handler                        0x080002a1   Thumb Code     2  startup_stm32f10x_hd.o(.text)
    BusFault_Handler                         0x080002a3   Thumb Code     2  startup_stm32f10x_hd.o(.text)
    UsageFault_Handler                       0x080002a5   Thumb Code     2  startup_stm32f10x_hd.o(.text)
    SVC_Handler                              0x080002a7   Thumb Code     2  startup_stm32f10x_hd.o(.text)
    DebugMon_Handler                         0x080002a9   Thumb Code     2  startup_stm32f10x_hd.o(.text)
    ADC1_2_IRQHandler                        0x080002af   Thumb Code     0  startup_stm32f10x_hd.o(.text)
    ADC3_IRQHandler                          0x080002af   Thumb Code     0  startup_stm32f10x_hd.o(.text)
    CAN1_RX1_IRQHandler                      0x080002af   Thumb Code     0  startup_stm32f10x_hd.o(.text)
    CAN1_SCE_IRQHandler                      0x080002af   Thumb Code     0  startup_stm32f10x_hd.o(.text)
    DMA1_Channel1_IRQHandler                 0x080002af   Thumb Code     0  startup_stm32f10x_hd.o(.text)
    DMA1_Channel2_IRQHandler                 0x080002af   Thumb Code     0  startup_stm32f10x_hd.o(.text)
    DMA1_Channel3_IRQHandler                 0x080002af   Thumb Code     0  startup_stm32f10x_hd.o(.text)
    DMA1_Channel4_IRQHandler                 0x080002af   Thumb Code     0  startup_stm32f10x_hd.o(.text)
    DMA1_Channel5_IRQHandler                 0x080002af   Thumb Code     0  startup_stm32f10x_hd.o(.text)
    DMA1_Channel6_IRQHandler                 0x080002af   Thumb Code     0  startup_stm32f10x_hd.o(.text)
    DMA1_Channel7_IRQHandler                 0x080002af   Thumb Code     0  startup_stm32f10x_hd.o(.text)
    DMA2_Channel1_IRQHandler                 0x080002af   Thumb Code     0  startup_stm32f10x_hd.o(.text)
    DMA2_Channel2_IRQHandler                 0x080002af   Thumb Code     0  startup_stm32f10x_hd.o(.text)
    DMA2_Channel3_IRQHandler                 0x080002af   Thumb Code     0  startup_stm32f10x_hd.o(.text)
    DMA2_Channel4_5_IRQHandler               0x080002af   Thumb Code     0  startup_stm32f10x_hd.o(.text)
    EXTI0_IRQHandler                         0x080002af   Thumb Code     0  startup_stm32f10x_hd.o(.text)
    EXTI15_10_IRQHandler                     0x080002af   Thumb Code     0  startup_stm32f10x_hd.o(.text)
    EXTI1_IRQHandler                         0x080002af   Thumb Code     0  startup_stm32f10x_hd.o(.text)
    EXTI2_IRQHandler                         0x080002af   Thumb Code     0  startup_stm32f10x_hd.o(.text)
    EXTI3_IRQHandler                         0x080002af   Thumb Code     0  startup_stm32f10x_hd.o(.text)
    EXTI4_IRQHandler                         0x080002af   Thumb Code     0  startup_stm32f10x_hd.o(.text)
    EXTI9_5_IRQHandler                       0x080002af   Thumb Code     0  startup_stm32f10x_hd.o(.text)
    FLASH_IRQHandler                         0x080002af   Thumb Code     0  startup_stm32f10x_hd.o(.text)
    FSMC_IRQHandler                          0x080002af   Thumb Code     0  startup_stm32f10x_hd.o(.text)
    I2C1_ER_IRQHandler                       0x080002af   Thumb Code     0  startup_stm32f10x_hd.o(.text)
    I2C1_EV_IRQHandler                       0x080002af   Thumb Code     0  startup_stm32f10x_hd.o(.text)
    I2C2_ER_IRQHandler                       0x080002af   Thumb Code     0  startup_stm32f10x_hd.o(.text)
    I2C2_EV_IRQHandler                       0x080002af   Thumb Code     0  startup_stm32f10x_hd.o(.text)
    PVD_IRQHandler                           0x080002af   Thumb Code     0  startup_stm32f10x_hd.o(.text)
    RCC_IRQHandler                           0x080002af   Thumb Code     0  startup_stm32f10x_hd.o(.text)
    RTCAlarm_IRQHandler                      0x080002af   Thumb Code     0  startup_stm32f10x_hd.o(.text)
    RTC_IRQHandler                           0x080002af   Thumb Code     0  startup_stm32f10x_hd.o(.text)
    SDIO_IRQHandler                          0x080002af   Thumb Code     0  startup_stm32f10x_hd.o(.text)
    SPI1_IRQHandler                          0x080002af   Thumb Code     0  startup_stm32f10x_hd.o(.text)
    SPI2_IRQHandler                          0x080002af   Thumb Code     0  startup_stm32f10x_hd.o(.text)
    SPI3_IRQHandler                          0x080002af   Thumb Code     0  startup_stm32f10x_hd.o(.text)
    TAMPER_IRQHandler                        0x080002af   Thumb Code     0  startup_stm32f10x_hd.o(.text)
    TIM1_BRK_IRQHandler                      0x080002af   Thumb Code     0  startup_stm32f10x_hd.o(.text)
    TIM1_CC_IRQHandler                       0x080002af   Thumb Code     0  startup_stm32f10x_hd.o(.text)
    TIM1_TRG_COM_IRQHandler                  0x080002af   Thumb Code     0  startup_stm32f10x_hd.o(.text)
    TIM1_UP_IRQHandler                       0x080002af   Thumb Code     0  startup_stm32f10x_hd.o(.text)
    TIM2_IRQHandler                          0x080002af   Thumb Code     0  startup_stm32f10x_hd.o(.text)
    TIM3_IRQHandler                          0x080002af   Thumb Code     0  startup_stm32f10x_hd.o(.text)
    TIM4_IRQHandler                          0x080002af   Thumb Code     0  startup_stm32f10x_hd.o(.text)
    TIM5_IRQHandler                          0x080002af   Thumb Code     0  startup_stm32f10x_hd.o(.text)
    TIM6_IRQHandler                          0x080002af   Thumb Code     0  startup_stm32f10x_hd.o(.text)
    TIM7_IRQHandler                          0x080002af   Thumb Code     0  startup_stm32f10x_hd.o(.text)
    TIM8_BRK_IRQHandler                      0x080002af   Thumb Code     0  startup_stm32f10x_hd.o(.text)
    TIM8_CC_IRQHandler                       0x080002af   Thumb Code     0  startup_stm32f10x_hd.o(.text)
    TIM8_TRG_COM_IRQHandler                  0x080002af   Thumb Code     0  startup_stm32f10x_hd.o(.text)
    TIM8_UP_IRQHandler                       0x080002af   Thumb Code     0  startup_stm32f10x_hd.o(.text)
    UART4_IRQHandler                         0x080002af   Thumb Code     0  startup_stm32f10x_hd.o(.text)
    UART5_IRQHandler                         0x080002af   Thumb Code     0  startup_stm32f10x_hd.o(.text)
    USART2_IRQHandler                        0x080002af   Thumb Code     0  startup_stm32f10x_hd.o(.text)
    USART3_IRQHandler                        0x080002af   Thumb Code     0  startup_stm32f10x_hd.o(.text)
    USBWakeUp_IRQHandler                     0x080002af   Thumb Code     0  startup_stm32f10x_hd.o(.text)
    USB_HP_CAN1_TX_IRQHandler                0x080002af   Thumb Code     0  startup_stm32f10x_hd.o(.text)
    USB_LP_CAN1_RX0_IRQHandler               0x080002af   Thumb Code     0  startup_stm32f10x_hd.o(.text)
    WWDG_IRQHandler                          0x080002af   Thumb Code     0  startup_stm32f10x_hd.o(.text)
    __user_initial_stackheap                 0x080002b1   Thumb Code     0  startup_stm32f10x_hd.o(.text)
    __I$use$semihosting                      0x080002d5   Thumb Code     0  use_no_semi.o(.text)
    __use_no_semihosting_swi                 0x080002d5   Thumb Code     2  use_no_semi.o(.text)
    __2printf                                0x080002d9   Thumb Code    20  noretval__2printf.o(.text)
    __printf                                 0x080002f1   Thumb Code   104  __printf.o(.text)
    _printf_str                              0x08000359   Thumb Code    82  _printf_str.o(.text)
    __use_two_region_memory                  0x080003ab   Thumb Code     2  heapauxi.o(.text)
    __rt_heap_escrow$2region                 0x080003ad   Thumb Code     2  heapauxi.o(.text)
    __rt_heap_expand$2region                 0x080003af   Thumb Code     2  heapauxi.o(.text)
    _printf_cs_common                        0x080003b1   Thumb Code    20  _printf_char.o(.text)
    _printf_char                             0x080003c5   Thumb Code    16  _printf_char.o(.text)
    _printf_string                           0x080003d5   Thumb Code     8  _printf_char.o(.text)
    _printf_char_file                        0x080003dd   Thumb Code    32  _printf_char_file.o(.text)
    _printf_char_common                      0x0800040b   Thumb Code    32  _printf_char_common.o(.text)
    __user_setup_stackheap                   0x08000431   Thumb Code    74  sys_stackheap_outer.o(.text)
    exit                                     0x0800047b   Thumb Code    12  exit.o(.text)
    __user_libspace                          0x08000489   Thumb Code     8  libspace.o(.text)
    __user_perproc_libspace                  0x08000489   Thumb Code     0  libspace.o(.text)
    __user_perthread_libspace                0x08000489   Thumb Code     0  libspace.o(.text)
    App_TCBInitHook                          0x08000491   Thumb Code     2  main.o(i.App_TCBInitHook)
    App_TaskCreateHook                       0x08000501   Thumb Code     2  main.o(i.App_TaskCreateHook)
    App_TaskIdleHook                         0x08000503   Thumb Code     2  main.o(i.App_TaskIdleHook)
    App_TaskStatHook                         0x08000521   Thumb Code     2  main.o(i.App_TaskStatHook)
    App_TaskSwHook                           0x08000523   Thumb Code     2  main.o(i.App_TaskSwHook)
    GPIO_Configuration                       0x08000525   Thumb Code   104  board.o(i.GPIO_Configuration)
    GPIO_Init                                0x08000591   Thumb Code   278  stm32f10x_gpio.o(i.GPIO_Init)
    GPIO_ResetBits                           0x080006a7   Thumb Code     4  stm32f10x_gpio.o(i.GPIO_ResetBits)
    GPIO_SetBits                             0x080006ab   Thumb Code     4  stm32f10x_gpio.o(i.GPIO_SetBits)
    NVIC_Configuration                       0x080006af   Thumb Code    38  board.o(i.NVIC_Configuration)
    NVIC_Init                                0x080006d5   Thumb Code   100  misc.o(i.NVIC_Init)
    NVIC_SetVectorTable                      0x08000745   Thumb Code    12  misc.o(i.NVIC_SetVectorTable)
    OSInit                                   0x08000759   Thumb Code    40  os_core.o(i.OSInit)
    OSInitHookBegin                          0x08000781   Thumb Code     2  os_cpu_c.o(i.OSInitHookBegin)
    OSInitHookEnd                            0x08000783   Thumb Code     2  os_cpu_c.o(i.OSInitHookEnd)
    OSIntExit                                0x08000785   Thumb Code   112  os_core.o(i.OSIntExit)
    OSMboxCreate                             0x08000815   Thumb Code    78  os_mbox.o(i.OSMboxCreate)
    OSMboxPend                               0x0800086d   Thumb Code   256  os_mbox.o(i.OSMboxPend)
    OSStart                                  0x08000979   Thumb Code    48  os_core.o(i.OSStart)
    OSStatInit                               0x080009c1   Thumb Code    62  os_core.o(i.OSStatInit)
    OSTCBInitHook                            0x08000a0d   Thumb Code    12  os_cpu_c.o(i.OSTCBInitHook)
    OSTaskCreate                             0x08000a19   Thumb Code   150  os_task.o(i.OSTaskCreate)
    OSTaskCreateExt                          0x08000abd   Thumb Code   172  os_task.o(i.OSTaskCreateExt)
    OSTaskCreateHook                         0x08000b75   Thumb Code    12  os_cpu_c.o(i.OSTaskCreateHook)
    OSTaskIdleHook                           0x08000b81   Thumb Code     8  os_cpu_c.o(i.OSTaskIdleHook)
    OSTaskNameSet                            0x08000b89   Thumb Code   132  os_task.o(i.OSTaskNameSet)
    OSTaskStatHook                           0x08000c19   Thumb Code     8  os_cpu_c.o(i.OSTaskStatHook)
    OSTaskStkChk                             0x08000c21   Thumb Code   132  os_task.o(i.OSTaskStkChk)
    OSTaskStkInit                            0x08000cad   Thumb Code   154  os_cpu_c.o(i.OSTaskStkInit)
    OSTaskSuspend                            0x08000d49   Thumb Code   152  os_task.o(i.OSTaskSuspend)
    OSTaskSwHook                             0x08000df1   Thumb Code     8  os_cpu_c.o(i.OSTaskSwHook)
    OSTimeDly                                0x08000df9   Thumb Code    96  os_time.o(i.OSTimeDly)
    OSTimeDlyHMSM                            0x08000e69   Thumb Code   110  os_time.o(i.OSTimeDlyHMSM)
    OSTimeSet                                0x08000edd   Thumb Code    24  os_time.o(i.OSTimeSet)
    OSTimeTick                               0x08000ef9   Thumb Code   210  os_core.o(i.OSTimeTick)
    OSTimeTickHook                           0x08000fe5   Thumb Code     2  os_cpu_c.o(i.OSTimeTickHook)
    OS_CPU_SysTickInit                       0x08000fe9   Thumb Code    90  board.o(i.OS_CPU_SysTickInit)
    OS_EventTaskRemove                       0x0800104d   Thumb Code    42  os_core.o(i.OS_EventTaskRemove)
    OS_EventTaskWait                         0x08001079   Thumb Code   112  os_core.o(i.OS_EventTaskWait)
    OS_EventWaitListInit                     0x080010f5   Thumb Code    28  os_core.o(i.OS_EventWaitListInit)
    OS_FlagInit                              0x08001111   Thumb Code    68  os_flag.o(i.OS_FlagInit)
    OS_MemClr                                0x08001351   Thumb Code    18  os_core.o(i.OS_MemClr)
    OS_Sched                                 0x08001365   Thumb Code    86  os_core.o(i.OS_Sched)
    OS_StrCopy                               0x08001405   Thumb Code    28  os_core.o(i.OS_StrCopy)
    OS_StrLen                                0x08001421   Thumb Code    20  os_core.o(i.OS_StrLen)
    OS_TCBInit                               0x08001435   Thumb Code   264  os_core.o(i.OS_TCBInit)
    OS_TaskIdle                              0x08001555   Thumb Code    32  os_core.o(i.OS_TaskIdle)
    OS_TaskStat                              0x08001579   Thumb Code   114  os_core.o(i.OS_TaskStat)
    OS_TaskStatStkChk                        0x08001601   Thumb Code    54  os_core.o(i.OS_TaskStatStkChk)
    OS_TaskStkClr                            0x0800163d   Thumb Code    26  os_task.o(i.OS_TaskStkClr)
    RCC_APB2PeriphClockCmd                   0x08001659   Thumb Code    26  stm32f10x_rcc.o(i.RCC_APB2PeriphClockCmd)
    RCC_GetClocksFreq                        0x08001679   Thumb Code   192  stm32f10x_rcc.o(i.RCC_GetClocksFreq)
    SendChar                                 0x0800174d   Thumb Code    30  usart.o(i.SendChar)
    SysTickHandler                           0x08001859   Thumb Code    34  main.o(i.SysTickHandler)
    SystemInit                               0x08001881   Thumb Code    78  system_stm32f10x.o(i.SystemInit)
    USART1_IRQHandler                        0x0800194d   Thumb Code    92  usart.o(i.USART1_IRQHandler)
    USARTConfig                              0x080019b5   Thumb Code    62  usart.o(i.USARTConfig)
    USART_Cmd                                0x080019f3   Thumb Code    24  stm32f10x_usart.o(i.USART_Cmd)
    USART_GetITStatus                        0x08001a0b   Thumb Code    84  stm32f10x_usart.o(i.USART_GetITStatus)
    USART_ITConfig                           0x08001a5f   Thumb Code    74  stm32f10x_usart.o(i.USART_ITConfig)
    USART_Init                               0x08001aa9   Thumb Code   210  stm32f10x_usart.o(i.USART_Init)
    USART_ReceiveData                        0x08001b81   Thumb Code    10  stm32f10x_usart.o(i.USART_ReceiveData)
    USART_SendData                           0x08001b8b   Thumb Code     8  stm32f10x_usart.o(i.USART_SendData)
    _sys_exit                                0x08001b93   Thumb Code     4  usart.o(i._sys_exit)
    ferror                                   0x08001b97   Thumb Code     8  usart.o(i.ferror)
    fputc                                    0x08001b9f   Thumb Code    14  usart.o(i.fputc)
    main                                     0x08001bad   Thumb Code    66  main.o(i.main)
    OSUnMapTbl                               0x08001c00   Data         256  os_core.o(.constdata)
    Region$$Table$$Base                      0x08001d00   Number         0  anon$$obj.o(Region$$Table)
    Region$$Table$$Limit                     0x08001d20   Number         0  anon$$obj.o(Region$$Table)
    milsec                                   0x20000000   Data           4  main.o(.data)
    USART1_MBOX                              0x20000004   Data           4  main.o(.data)
    __stdout                                 0x20000008   Data           4  usart.o(.data)
    __stdin                                  0x2000000c   Data           4  usart.o(.data)
    RxCounter                                0x20000010   Data           4  usart.o(.data)
    TxCounter                                0x20000014   Data           4  usart.o(.data)
    OSCtxSwCtr                               0x20000018   Data           4  os_core.o(.data)
    OSEventFreeList                          0x2000001c   Data           4  os_core.o(.data)
    OSFlagFreeList                           0x20000020   Data           4  os_core.o(.data)
    OSCPUUsage                               0x20000024   Data           1  os_core.o(.data)
    OSIdleCtrMax                             0x20000028   Data           4  os_core.o(.data)
    OSIdleCtrRun                             0x2000002c   Data           4  os_core.o(.data)
    OSStatRdy                                0x20000030   Data           1  os_core.o(.data)
    OSIntNesting                             0x20000031   Data           1  os_core.o(.data)
    OSLockNesting                            0x20000032   Data           1  os_core.o(.data)
    OSPrioCur                                0x20000033   Data           1  os_core.o(.data)
    OSPrioHighRdy                            0x20000034   Data           1  os_core.o(.data)
    OSRdyGrp                                 0x20000035   Data           1  os_core.o(.data)
    OSRdyTbl                                 0x20000036   Data           4  os_core.o(.data)
    OSRunning                                0x2000003a   Data           1  os_core.o(.data)
    OSTaskCtr                                0x2000003b   Data           1  os_core.o(.data)
    OSIdleCtr                                0x2000003c   Data           4  os_core.o(.data)
    OSTCBCur                                 0x20000040   Data           4  os_core.o(.data)
    OSTCBFreeList                            0x20000044   Data           4  os_core.o(.data)
    OSTCBHighRdy                             0x20000048   Data           4  os_core.o(.data)
    OSTCBList                                0x2000004c   Data           4  os_core.o(.data)
    OSTickStepState                          0x20000050   Data           1  os_core.o(.data)
    OSTime                                   0x20000054   Data           4  os_core.o(.data)
    OSEventTbl                               0x2000086c   Data         320  os_core.o(.bss)
    OSFlagTbl                                0x200009ac   Data         140  os_core.o(.bss)
    OSTaskStatStk                            0x20000a38   Data         512  os_core.o(.bss)
    OSTaskIdleStk                            0x20000c38   Data         512  os_core.o(.bss)
    OSTCBPrioTbl                             0x20000e38   Data         128  os_core.o(.bss)
    OSTCBTbl                                 0x20000eb8   Data        1104  os_core.o(.bss)
    __libspace_start                         0x20001308   Data          96  libspace.o(.bss)
    __temporary_stack_top$libspace           0x20001368   Data           0  libspace.o(.bss)



==============================================================================

Memory Map of the image

  Image Entry point : 0x08000131

  Load Region LR_IROM1 (Base: 0x08000000, Size: 0x00001d8c, Max: 0x00080000, ABSOLUTE)

    Execution Region ER_IROM1 (Base: 0x08000000, Size: 0x00001d20, Max: 0x00080000, ABSOLUTE)

    Base Addr    Size         Type   Attr      Idx    E Section Name        Object

    0x08000000   0x00000130   Data   RO         1216    RESET               startup_stm32f10x_hd.o
    0x08000130   0x00000008   Code   RO         1881  * !!!main             c_w.l(__main.o)
    0x08000138   0x00000034   Code   RO         2042    !!!scatter          c_w.l(__scatter.o)
    0x0800016c   0x0000001a   Code   RO         2044    !!handler_copy      c_w.l(__scatter_copy.o)
    0x08000186   0x00000002   PAD
    0x08000188   0x0000001c   Code   RO         2046    !!handler_zi        c_w.l(__scatter_zi.o)
    0x080001a4   0x00000000   Code   RO         1878    .ARM.Collect$$_printf_percent$$00000000  c_w.l(_printf_percent.o)
    0x080001a4   0x00000006   Code   RO         1877    .ARM.Collect$$_printf_percent$$00000014  c_w.l(_printf_s.o)
    0x080001aa   0x00000004   Code   RO         1888    .ARM.Collect$$_printf_percent$$00000017  c_w.l(_printf_percent_end.o)
    0x080001ae   0x00000002   Code   RO         1917    .ARM.Collect$$libinit$$00000000  c_w.l(libinit.o)
    0x080001b0   0x00000000   Code   RO         1924    .ARM.Collect$$libinit$$00000002  c_w.l(libinit2.o)
    0x080001b0   0x00000000   Code   RO         1926    .ARM.Collect$$libinit$$00000004  c_w.l(libinit2.o)
    0x080001b0   0x00000000   Code   RO         1929    .ARM.Collect$$libinit$$0000000A  c_w.l(libinit2.o)
    0x080001b0   0x00000000   Code   RO         1931    .ARM.Collect$$libinit$$0000000C  c_w.l(libinit2.o)
    0x080001b0   0x00000000   Code   RO         1933    .ARM.Collect$$libinit$$0000000E  c_w.l(libinit2.o)
    0x080001b0   0x00000000   Code   RO         1936    .ARM.Collect$$libinit$$00000011  c_w.l(libinit2.o)
    0x080001b0   0x00000000   Code   RO         1938    .ARM.Collect$$libinit$$00000013  c_w.l(libinit2.o)
    0x080001b0   0x00000000   Code   RO         1940    .ARM.Collect$$libinit$$00000015  c_w.l(libinit2.o)
    0x080001b0   0x00000000   Code   RO         1942    .ARM.Collect$$libinit$$00000017  c_w.l(libinit2.o)
    0x080001b0   0x00000000   Code   RO         1944    .ARM.Collect$$libinit$$00000019  c_w.l(libinit2.o)
    0x080001b0   0x00000000   Code   RO         1946    .ARM.Collect$$libinit$$0000001B  c_w.l(libinit2.o)
    0x080001b0   0x00000000   Code   RO         1948    .ARM.Collect$$libinit$$0000001D  c_w.l(libinit2.o)
    0x080001b0   0x00000000   Code   RO         1950    .ARM.Collect$$libinit$$0000001F  c_w.l(libinit2.o)
    0x080001b0   0x00000000   Code   RO         1952    .ARM.Collect$$libinit$$00000021  c_w.l(libinit2.o)
    0x080001b0   0x00000000   Code   RO         1954    .ARM.Collect$$libinit$$00000023  c_w.l(libinit2.o)
    0x080001b0   0x00000000   Code   RO         1956    .ARM.Collect$$libinit$$00000025  c_w.l(libinit2.o)
    0x080001b0   0x00000000   Code   RO         1960    .ARM.Collect$$libinit$$0000002C  c_w.l(libinit2.o)
    0x080001b0   0x00000000   Code   RO         1962    .ARM.Collect$$libinit$$0000002E  c_w.l(libinit2.o)
    0x080001b0   0x00000000   Code   RO         1964    .ARM.Collect$$libinit$$00000030  c_w.l(libinit2.o)
    0x080001b0   0x00000000   Code   RO         1966    .ARM.Collect$$libinit$$00000032  c_w.l(libinit2.o)
    0x080001b0   0x00000002   Code   RO         1967    .ARM.Collect$$libinit$$00000033  c_w.l(libinit2.o)
    0x080001b2   0x00000002   Code   RO         1985    .ARM.Collect$$libshutdown$$00000000  c_w.l(libshutdown.o)
    0x080001b4   0x00000000   Code   RO         1996    .ARM.Collect$$libshutdown$$00000003  c_w.l(libshutdown2.o)
    0x080001b4   0x00000000   Code   RO         1999    .ARM.Collect$$libshutdown$$00000006  c_w.l(libshutdown2.o)
    0x080001b4   0x00000000   Code   RO         2002    .ARM.Collect$$libshutdown$$00000009  c_w.l(libshutdown2.o)
    0x080001b4   0x00000000   Code   RO         2004    .ARM.Collect$$libshutdown$$0000000B  c_w.l(libshutdown2.o)
    0x080001b4   0x00000000   Code   RO         2007    .ARM.Collect$$libshutdown$$0000000E  c_w.l(libshutdown2.o)
    0x080001b4   0x00000002   Code   RO         2008    .ARM.Collect$$libshutdown$$0000000F  c_w.l(libshutdown2.o)
    0x080001b6   0x00000000   Code   RO         1883    .ARM.Collect$$rtentry$$00000000  c_w.l(__rtentry.o)
    0x080001b6   0x00000000   Code   RO         1890    .ARM.Collect$$rtentry$$00000002  c_w.l(__rtentry2.o)
    0x080001b6   0x00000006   Code   RO         1902    .ARM.Collect$$rtentry$$00000004  c_w.l(__rtentry4.o)
    0x080001bc   0x00000000   Code   RO         1892    .ARM.Collect$$rtentry$$00000009  c_w.l(__rtentry2.o)
    0x080001bc   0x00000004   Code   RO         1893    .ARM.Collect$$rtentry$$0000000A  c_w.l(__rtentry2.o)
    0x080001c0   0x00000000   Code   RO         1895    .ARM.Collect$$rtentry$$0000000C  c_w.l(__rtentry2.o)
    0x080001c0   0x00000008   Code   RO         1896    .ARM.Collect$$rtentry$$0000000D  c_w.l(__rtentry2.o)
    0x080001c8   0x00000002   Code   RO         1921    .ARM.Collect$$rtexit$$00000000  c_w.l(rtexit.o)
    0x080001ca   0x00000000   Code   RO         1969    .ARM.Collect$$rtexit$$00000002  c_w.l(rtexit2.o)
    0x080001ca   0x00000004   Code   RO         1970    .ARM.Collect$$rtexit$$00000003  c_w.l(rtexit2.o)
    0x080001ce   0x00000006   Code   RO         1971    .ARM.Collect$$rtexit$$00000004  c_w.l(rtexit2.o)
    0x080001d4   0x00000016   Code   RO          379    .text               cpu_a.o
    0x080001ea   0x00000002   PAD
    0x080001ec   0x000000a8   Code   RO          382    .text               os_cpu_a.o
    0x08000294   0x00000040   Code   RO         1217    .text               startup_stm32f10x_hd.o
    0x080002d4   0x00000002   Code   RO         1847    .text               c_w.l(use_no_semi.o)
    0x080002d6   0x00000002   PAD
    0x080002d8   0x00000018   Code   RO         1851    .text               c_w.l(noretval__2printf.o)
    0x080002f0   0x00000068   Code   RO         1853    .text               c_w.l(__printf.o)
    0x08000358   0x00000052   Code   RO         1855    .text               c_w.l(_printf_str.o)
    0x080003aa   0x00000006   Code   RO         1879    .text               c_w.l(heapauxi.o)
    0x080003b0   0x0000002c   Code   RO         1884    .text               c_w.l(_printf_char.o)
    0x080003dc   0x00000024   Code   RO         1886    .text               c_w.l(_printf_char_file.o)
    0x08000400   0x00000030   Code   RO         1904    .text               c_w.l(_printf_char_common.o)
    0x08000430   0x0000004a   Code   RO         1906    .text               c_w.l(sys_stackheap_outer.o)
    0x0800047a   0x0000000c   Code   RO         1910    .text               c_w.l(exit.o)
    0x08000486   0x00000002   PAD
    0x08000488   0x00000008   Code   RO         1918    .text               c_w.l(libspace.o)
    0x08000490   0x00000002   Code   RO            4    i.App_TCBInitHook   main.o
    0x08000492   0x00000002   PAD
    0x08000494   0x0000006c   Code   RO            5    i.App_TaskCreate    main.o
    0x08000500   0x00000002   Code   RO            6    i.App_TaskCreateHook  main.o
    0x08000502   0x00000002   Code   RO            8    i.App_TaskIdleHook  main.o
    0x08000504   0x0000001c   Code   RO            9    i.App_TaskStart     main.o
    0x08000520   0x00000002   Code   RO           10    i.App_TaskStatHook  main.o
    0x08000522   0x00000002   Code   RO           11    i.App_TaskSwHook    main.o
    0x08000524   0x0000006c   Code   RO          260    i.GPIO_Configuration  board.o
    0x08000590   0x00000116   Code   RO         1324    i.GPIO_Init         stm32f10x_gpio.o
    0x080006a6   0x00000004   Code   RO         1331    i.GPIO_ResetBits    stm32f10x_gpio.o
    0x080006aa   0x00000004   Code   RO         1332    i.GPIO_SetBits      stm32f10x_gpio.o
    0x080006ae   0x00000026   Code   RO          261    i.NVIC_Configuration  board.o
    0x080006d4   0x00000070   Code   RO         1270    i.NVIC_Init         misc.o
    0x08000744   0x00000014   Code   RO         1272    i.NVIC_SetVectorTable  misc.o
    0x08000758   0x00000028   Code   RO          388    i.OSInit            os_core.o
    0x08000780   0x00000002   Code   RO          297    i.OSInitHookBegin   os_cpu_c.o
    0x08000782   0x00000002   Code   RO          298    i.OSInitHookEnd     os_cpu_c.o
    0x08000784   0x00000090   Code   RO          390    i.OSIntExit         os_core.o
    0x08000814   0x00000058   Code   RO          685    i.OSMboxCreate      os_mbox.o
    0x0800086c   0x0000010c   Code   RO          687    i.OSMboxPend        os_mbox.o
    0x08000978   0x00000048   Code   RO          393    i.OSStart           os_core.o
    0x080009c0   0x0000004c   Code   RO          394    i.OSStatInit        os_core.o
    0x08000a0c   0x0000000c   Code   RO          299    i.OSTCBInitHook     os_cpu_c.o
    0x08000a18   0x000000a4   Code   RO          811    i.OSTaskCreate      os_task.o
    0x08000abc   0x000000b8   Code   RO          812    i.OSTaskCreateExt   os_task.o
    0x08000b74   0x0000000c   Code   RO          300    i.OSTaskCreateHook  os_cpu_c.o
    0x08000b80   0x00000008   Code   RO          302    i.OSTaskIdleHook    os_cpu_c.o
    0x08000b88   0x00000090   Code   RO          816    i.OSTaskNameSet     os_task.o
    0x08000c18   0x00000008   Code   RO          303    i.OSTaskStatHook    os_cpu_c.o
    0x08000c20   0x0000008c   Code   RO          819    i.OSTaskStkChk      os_task.o
    0x08000cac   0x0000009a   Code   RO          304    i.OSTaskStkInit     os_cpu_c.o
    0x08000d46   0x00000002   PAD
    0x08000d48   0x000000a8   Code   RO          820    i.OSTaskSuspend     os_task.o
    0x08000df0   0x00000008   Code   RO          305    i.OSTaskSwHook      os_cpu_c.o
    0x08000df8   0x00000070   Code   RO          888    i.OSTimeDly         os_time.o
    0x08000e68   0x00000074   Code   RO          889    i.OSTimeDlyHMSM     os_time.o
    0x08000edc   0x0000001c   Code   RO          892    i.OSTimeSet         os_time.o
    0x08000ef8   0x000000ec   Code   RO          395    i.OSTimeTick        os_core.o
    0x08000fe4   0x00000002   Code   RO          306    i.OSTimeTickHook    os_cpu_c.o
    0x08000fe6   0x00000002   PAD
    0x08000fe8   0x00000064   Code   RO          262    i.OS_CPU_SysTickInit  board.o
    0x0800104c   0x0000002a   Code   RO          399    i.OS_EventTaskRemove  os_core.o
    0x08001076   0x00000002   PAD
    0x08001078   0x0000007c   Code   RO          401    i.OS_EventTaskWait  os_core.o
    0x080010f4   0x0000001c   Code   RO          403    i.OS_EventWaitListInit  os_core.o
    0x08001110   0x0000004c   Code   RO          612    i.OS_FlagInit       os_flag.o
    0x0800115c   0x00000050   Code   RO          404    i.OS_InitEventList  os_core.o
    0x080011ac   0x00000054   Code   RO          405    i.OS_InitMisc       os_core.o
    0x08001200   0x00000048   Code   RO          406    i.OS_InitRdyList    os_core.o
    0x08001248   0x00000068   Code   RO          407    i.OS_InitTCBList    os_core.o
    0x080012b0   0x00000050   Code   RO          408    i.OS_InitTaskIdle   os_core.o
    0x08001300   0x00000050   Code   RO          409    i.OS_InitTaskStat   os_core.o
    0x08001350   0x00000012   Code   RO          410    i.OS_MemClr         os_core.o
    0x08001362   0x00000002   PAD
    0x08001364   0x00000074   Code   RO          412    i.OS_Sched          os_core.o
    0x080013d8   0x0000002c   Code   RO          413    i.OS_SchedNew       os_core.o
    0x08001404   0x0000001c   Code   RO          414    i.OS_StrCopy        os_core.o
    0x08001420   0x00000014   Code   RO          415    i.OS_StrLen         os_core.o
    0x08001434   0x00000120   Code   RO          416    i.OS_TCBInit        os_core.o
    0x08001554   0x00000024   Code   RO          417    i.OS_TaskIdle       os_core.o
    0x08001578   0x00000088   Code   RO          418    i.OS_TaskStat       os_core.o
    0x08001600   0x0000003c   Code   RO          419    i.OS_TaskStatStkChk  os_core.o
    0x0800163c   0x0000001a   Code   RO          821    i.OS_TaskStkClr     os_task.o
    0x08001656   0x00000002   PAD
    0x08001658   0x00000020   Code   RO         1448    i.RCC_APB2PeriphClockCmd  stm32f10x_rcc.o
    0x08001678   0x000000d4   Code   RO         1456    i.RCC_GetClocksFreq  stm32f10x_rcc.o
    0x0800174c   0x00000024   Code   RO          179    i.SendChar          usart.o
    0x08001770   0x00000008   Code   RO         1224    i.SetSysClock       system_stm32f10x.o
    0x08001778   0x000000e0   Code   RO         1225    i.SetSysClockTo72   system_stm32f10x.o
    0x08001858   0x00000028   Code   RO           13    i.SysTickHandler    main.o
    0x08001880   0x00000060   Code   RO         1227    i.SystemInit        system_stm32f10x.o
    0x080018e0   0x0000003c   Code   RO           14    i.Task_LedLight     main.o
    0x0800191c   0x00000030   Code   RO           15    i.Task_Usart        main.o
    0x0800194c   0x00000068   Code   RO          180    i.USART1_IRQHandler  usart.o
    0x080019b4   0x0000003e   Code   RO          181    i.USARTConfig       usart.o
    0x080019f2   0x00000018   Code   RO         1660    i.USART_Cmd         stm32f10x_usart.o
    0x08001a0a   0x00000054   Code   RO         1664    i.USART_GetITStatus  stm32f10x_usart.o
    0x08001a5e   0x0000004a   Code   RO         1666    i.USART_ITConfig    stm32f10x_usart.o
    0x08001aa8   0x000000d8   Code   RO         1667    i.USART_Init        stm32f10x_usart.o
    0x08001b80   0x0000000a   Code   RO         1674    i.USART_ReceiveData  stm32f10x_usart.o
    0x08001b8a   0x00000008   Code   RO         1677    i.USART_SendData    stm32f10x_usart.o
    0x08001b92   0x00000004   Code   RO          182    i._sys_exit         usart.o
    0x08001b96   0x00000008   Code   RO          183    i.ferror            usart.o
    0x08001b9e   0x0000000e   Code   RO          184    i.fputc             usart.o
    0x08001bac   0x00000054   Code   RO           16    i.main              main.o
    0x08001c00   0x00000100   Data   RO          421    .constdata          os_core.o
    0x08001d00   0x00000020   Data   RO         2040    Region$$Table       anon$$obj.o


    Execution Region RW_IRAM1 (Base: 0x20000000, Size: 0x00001968, Max: 0x00010000, ABSOLUTE)

    Base Addr    Size         Type   Attr      Idx    E Section Name        Object

    0x20000000   0x00000008   Data   RW           18    .data               main.o
    0x20000008   0x00000010   Data   RW          188    .data               usart.o
    0x20000018   0x00000040   Data   RW          422    .data               os_core.o
    0x20000058   0x00000014   Data   RW         1476    .data               stm32f10x_rcc.o
    0x2000006c   0x00000800   Zero   RW           17    .bss                main.o
    0x2000086c   0x00000a9c   Zero   RW          420    .bss                os_core.o
    0x20001308   0x00000060   Zero   RW         1919    .bss                c_w.l(libspace.o)
    0x20001368   0x00000200   Zero   RW         1215    HEAP                startup_stm32f10x_hd.o
    0x20001568   0x00000400   Zero   RW         1214    STACK               startup_stm32f10x_hd.o


==============================================================================

Image component sizes


      Code (inc. data)   RO Data    RW Data    ZI Data      Debug   Object Name

       246         14          0          0          0      23534   board.o
        22          0          0          0          0        264   cpu_a.o
       378         82          0          8       2048     256428   main.o
       132         20          0          0          0       1710   misc.o
      2008        366        256         64       2716      21510   os_core.o
       168         40          0          0          0        316   os_cpu_a.o
       208          0          0          0          0      13872   os_cpu_c.o
        76          8          0          0          0        558   os_flag.o
       356         22          0          0          0       1844   os_mbox.o
       826         62          0          0          0       5240   os_task.o
       256         26          0          0          0       1884   os_time.o
        64         26        304          0       1536        828   startup_stm32f10x_hd.o
       286          0          0          0          0       3204   stm32f10x_gpio.o
       244         26          0         20          0       4001   stm32f10x_rcc.o
       416          6          0          0          0       5771   stm32f10x_usart.o
       328         28          0          0          0       2053   system_stm32f10x.o
       228         18          0         16          0       4945   usart.o

    ----------------------------------------------------------------------
      6256        744        592        108       6300     347962   Object Totals
         0          0         32          0          0          0   (incl. Generated)
        14          0          0          0          0          0   (incl. Padding)

    ----------------------------------------------------------------------

      Code (inc. data)   RO Data    RW Data    ZI Data      Debug   Library Member Name

         8          0          0          0          0         68   __main.o
       104          0          0          0          0         84   __printf.o
         0          0          0          0          0          0   __rtentry.o
        12          0          0          0          0          0   __rtentry2.o
         6          0          0          0          0          0   __rtentry4.o
        52          8          0          0          0          0   __scatter.o
        26          0          0          0          0          0   __scatter_copy.o
        28          0          0          0          0          0   __scatter_zi.o
        44          0          0          0          0        108   _printf_char.o
        48          6          0          0          0         96   _printf_char_common.o
        36          4          0          0          0         80   _printf_char_file.o
         0          0          0          0          0          0   _printf_percent.o
         4          0          0          0          0          0   _printf_percent_end.o
         6          0          0          0          0          0   _printf_s.o
        82          0          0          0          0         80   _printf_str.o
        12          0          0          0          0         72   exit.o
         6          0          0          0          0        152   heapauxi.o
         2          0          0          0          0          0   libinit.o
         2          0          0          0          0          0   libinit2.o
         2          0          0          0          0          0   libshutdown.o
         2          0          0          0          0          0   libshutdown2.o
         8          4          0          0         96         68   libspace.o
        24          4          0          0          0         84   noretval__2printf.o
         2          0          0          0          0          0   rtexit.o
        10          0          0          0          0          0   rtexit2.o
        74          0          0          0          0         80   sys_stackheap_outer.o
         2          0          0          0          0         68   use_no_semi.o

    ----------------------------------------------------------------------
       608         26          0          0         96       1040   Library Totals
         6          0          0          0          0          0   (incl. Padding)

    ----------------------------------------------------------------------

      Code (inc. data)   RO Data    RW Data    ZI Data      Debug   Library Name

       602         26          0          0         96       1040   c_w.l

    ----------------------------------------------------------------------
       608         26          0          0         96       1040   Library Totals

    ----------------------------------------------------------------------

==============================================================================


      Code (inc. data)   RO Data    RW Data    ZI Data      Debug   

      6864        770        592        108       6396     344682   Grand Totals
      6864        770        592        108       6396     344682   ELF Image Totals
      6864        770        592        108          0          0   ROM Totals

==============================================================================

    Total RO  Size (Code + RO Data)                 7456 (   7.28kB)
    Total RW  Size (RW Data + ZI Data)              6504 (   6.35kB)
    Total ROM Size (Code + RO Data + RW Data)       7564 (   7.39kB)

==============================================================================

