<html>
<body>
<pre>
<h1>µVision Build Log</h1>
<h2>Tool Versions:</h2>
IDE-Version: µVision V5.14.0.0
Copyright (C) 2015 ARM Ltd and ARM Germany GmbH. All rights reserved.
License Information: Gui Bruce, AHUT, LIC=HVRDY-I3FM4-DLFC3-ADKZ7-4LU2Z-YJCWC
 
Tool Versions:
Toolchain:       DK-ARM Developers Kit  Version: 5.14.0.0
Toolchain Path:  e:\Keil_v5\ARM\ARMCC\Bin
C Compiler:      Armcc.exe V5.05 update 1 (build 106)
Assembler:       Armasm.exe V5.05 update 1 (build 106)
Linker/Locator:  ArmLink.exe V5.05 update 1 (build 106)
Library Manager: ArmAr.exe V5.05 update 1 (build 106)
Hex Converter:   FromElf.exe V5.05 update 1 (build 106)
CPU DLL:         SARMCM3.DLL V5.14.0.0
Dialog DLL:      DCM.DLL V1.13.1.0
Target DLL:      Segger\JL2CM3.dll V2.99.13.0
Dialog DLL:      TCM.DLL V1.14.4.0
 
<h2>Project:</h2>
F:\OperatingSys\EmbeddedLove\STM32F103ZET6\www.own.com.cn\SomeLed\LEDS\APP\STM32-FD-led1-ucos ucgui.uvprojx
Project File Date:  04/05/2015

<h2>Output:</h2>
Build target 'STM32-FD-LED-ucos'
assembling stm32f10x_startup.s...
compiling app.c...
compiling stm32f10x_it.c...
compiling bsp.c...
compiling misc.c...
compiling stm32f10x_gpio.c...
compiling stm32f10x_rcc.c...
compiling stm32f10x_usart.c...
compiling os_cpu_c.c...
compiling os_dbg.c...
assembling os_cpu_a.asm...
assembling cpu_a.asm...
compiling os_core.c...
compiling os_flag.c...
compiling os_mbox.c...
compiling os_mem.c...
compiling os_mutex.c...
compiling os_q.c...
compiling os_sem.c...
compiling os_task.c...
compiling os_time.c...
compiling os_tmr.c...
compiling system_stm32f10x.c...
linking...
Program Size: Code=4292 RO-data=288 RW-data=88 ZI-data=6352  
FromELF: creating hex file...
"..\ObjFlash\STM32-FD-ucos.axf" - 0 Error(s), 0 Warning(s).

<h2>Collection of Component include folders:</h2>
  F:\OperatingSys\EmbeddedLove\STM32F103ZET6\www.own.com.cn\SomeLed\LEDS\APP\RTE
  e:\Keil_v5\ARM\PACK\Keil\STM32F1xx_DFP\1.1.0\Device\Include

<h2>Collection of Component Files used:</h2>
</pre>
</body>
</html>
