<html>
<body>
<pre>
<h1>µVision Build Log</h1>
<h2>Tool Versions:</h2>
IDE-Version: µVision V5.14.0.0
Copyright (C) 2015 ARM Ltd and ARM Germany GmbH. All rights reserved.
License Information: Gui Bruce, AHUT, LIC=HVRDY-I3FM4-DLFC3-ADKZ7-4LU2Z-YJCWC
 
Tool Versions:
Toolchain:       DK-ARM Developers Kit  Version: 5.14.0.0
Toolchain Path:  e:\Keil_v5\ARM\ARMCC\Bin
C Compiler:      Armcc.exe V5.05 update 1 (build 106)
Assembler:       Armasm.exe V5.05 update 1 (build 106)
Linker/Locator:  ArmLink.exe V5.05 update 1 (build 106)
Library Manager: ArmAr.exe V5.05 update 1 (build 106)
Hex Converter:   FromElf.exe V5.05 update 1 (build 106)
CPU DLL:         SARMCM3.DLL V5.14.0.0
Dialog DLL:      DARMSTM.DLL V1.65.0.0
Target DLL:      Segger\JL2CM3.dll V2.99.13.0
Dialog DLL:      TARMSTM.DLL V1.64.0.0
 
<h2>Project:</h2>
F:\OperatingSys\Embedded\STM32F103ZET6\STM32F103ZET6\PROG\PA2LED.one\onePA2.uvprojx
Project File Date:  03/11/2015

<h2>Output:</h2>
Build target 'STM32'
compiling usart.c...
linking...
Program Size: Code=1168 RO-data=268 RW-data=4 ZI-data=1140  
FromELF: creating hex file...
".\onePA2.axf" - 0 Error(s), 0 Warning(s).

<h2>Software Packages used:</h2>

Package Vendor: ARM
                http://www.keil.com/pack/ARM.CMSIS.4.3.0.pack
                ARM::CMSIS:CORE:4.1.0
                CMSIS (Cortex Microcontroller Software Interface Standard)
   * Component: CORE Version: 4.1.0

<h2>Collection of Component include folders:</h2>
  F:\OperatingSys\Embedded\STM32F103ZET6\STM32F103ZET6\PROG\PA2LED.one\RTE
  e:\Keil_v5\ARM\PACK\ARM\CMSIS\4.3.0\CMSIS\Include
  e:\Keil_v5\ARM\PACK\Keil\STM32F1xx_DFP\1.1.0\Device\Include

<h2>Collection of Component Files used:</h2>

   * Component: ARM::CMSIS:CORE:4.1.0
</pre>
</body>
</html>
